candidate_points=38 inspected_sources=3 inspected_rows=44716 radius_m=20
candidate lon=-114.051812 lat=37.344570 raw_within_radius=0 accepted_within_radius=0 excluded_within_radius=0 nearest_m=299.895 nearest_mtfcc=S1400 nearest_name=None source_id=us-census-tiger-2025-roads-32017 source_feature_id=11019627462720
candidate lon=-114.051675 lat=37.746755 raw_within_radius=1 accepted_within_radius=0 excluded_within_radius=1 nearest_m=0.000 nearest_mtfcc=S1500 nearest_name=None source_id=us-census-tiger-2025-roads-32017 source_feature_id=1105067554990
candidate lon=-114.050291 lat=38.229283 raw_within_radius=0 accepted_within_radius=0 excluded_within_radius=0 nearest_m=2799.430 nearest_mtfcc=S1500 nearest_name=None source_id=us-census-tiger-2025-roads-32017 source_feature_id=1101183610968
candidate lon=-114.050174 lat=37.899587 raw_within_radius=0 accepted_within_radius=0 excluded_within_radius=0 nearest_m=3933.878 nearest_mtfcc=S1400 nearest_name=None source_id=us-census-tiger-2025-roads-32017 source_feature_id=1101183603970
candidate lon=-114.050160 lat=37.023164 raw_within_radius=1 accepted_within_radius=0 excluded_within_radius=1 nearest_m=0.000 nearest_mtfcc=S1500 nearest_name=None source_id=us-census-tiger-2025-roads-32017 source_feature_id=1101183610624
candidate lon=-114.049839 lat=38.547733 raw_within_radius=0 accepted_within_radius=0 excluded_within_radius=0 nearest_m=2425.552 nearest_mtfcc=S1400 nearest_name=None source_id=us-census-tiger-2025-roads-32017 source_feature_id=1106039306428
candidate lon=-114.049764 lat=37.848109 raw_within_radius=0 accepted_within_radius=0 excluded_within_radius=0 nearest_m=1166.381 nearest_mtfcc=S1400 nearest_name=None source_id=us-census-tiger-2025-roads-32017 source_feature_id=11021366304382
candidate lon=-114.049576 lat=38.730462 raw_within_radius=0 accepted_within_radius=0 excluded_within_radius=0 nearest_m=66.377 nearest_mtfcc=S1400 nearest_name=None source_id=us-census-tiger-2025-roads-32033 source_feature_id=1106039303817
candidate lon=-114.049142 lat=37.795000 raw_within_radius=1 accepted_within_radius=0 excluded_within_radius=1 nearest_m=0.000 nearest_mtfcc=S1500 nearest_name=None source_id=us-census-tiger-2025-roads-32017 source_feature_id=1101183610858
candidate lon=-114.048956 lat=39.021905 raw_within_radius=0 accepted_within_radius=0 excluded_within_radius=0 nearest_m=397.181 nearest_mtfcc=S1400 nearest_name=None source_id=us-census-tiger-2025-roads-32033 source_feature_id=1106039305581
candidate lon=-114.048886 lat=39.021929 raw_within_radius=0 accepted_within_radius=0 excluded_within_radius=0 nearest_m=403.708 nearest_mtfcc=S1400 nearest_name=None source_id=us-census-tiger-2025-roads-32033 source_feature_id=1106039305581
candidate lon=-114.048811 lat=39.087770 raw_within_radius=0 accepted_within_radius=0 excluded_within_radius=0 nearest_m=1040.160 nearest_mtfcc=S1400 nearest_name=None source_id=us-census-tiger-2025-roads-32033 source_feature_id=110688292684
candidate lon=-114.048810 lat=39.087848 raw_within_radius=0 accepted_within_radius=0 excluded_within_radius=0 nearest_m=1031.776 nearest_mtfcc=S1400 nearest_name=None source_id=us-census-tiger-2025-roads-32033 source_feature_id=110688292684
candidate lon=-114.048377 lat=39.308579 raw_within_radius=0 accepted_within_radius=0 excluded_within_radius=0 nearest_m=612.309 nearest_mtfcc=S1400 nearest_name=None source_id=us-census-tiger-2025-roads-32033 source_feature_id=110688287517
candidate lon=-114.048317 lat=39.342457 raw_within_radius=1 accepted_within_radius=0 excluded_within_radius=1 nearest_m=0.000 nearest_mtfcc=S1500 nearest_name=None source_id=us-census-tiger-2025-roads-32033 source_feature_id=110688299921
candidate lon=-114.048193 lat=39.381587 raw_within_radius=0 accepted_within_radius=0 excluded_within_radius=0 nearest_m=189.906 nearest_mtfcc=S1500 nearest_name=None source_id=us-census-tiger-2025-roads-32033 source_feature_id=110688299999
candidate lon=-114.048102 lat=39.400128 raw_within_radius=1 accepted_within_radius=0 excluded_within_radius=1 nearest_m=0.000 nearest_mtfcc=S1500 nearest_name=None source_id=us-census-tiger-2025-roads-32033 source_feature_id=110688299949
candidate lon=-114.047988 lat=39.422670 raw_within_radius=1 accepted_within_radius=0 excluded_within_radius=1 nearest_m=0.000 nearest_mtfcc=S1500 nearest_name=None source_id=us-census-tiger-2025-roads-32033 source_feature_id=110688299950
candidate lon=-114.047943 lat=39.447707 raw_within_radius=1 accepted_within_radius=0 excluded_within_radius=1 nearest_m=0.000 nearest_mtfcc=S1500 nearest_name=None source_id=us-census-tiger-2025-roads-32033 source_feature_id=110688299959
candidate lon=-114.047923 lat=39.455766 raw_within_radius=1 accepted_within_radius=0 excluded_within_radius=1 nearest_m=0.000 nearest_mtfcc=S1500 nearest_name=None source_id=us-census-tiger-2025-roads-32033 source_feature_id=110688299960
candidate lon=-114.047919 lat=39.456167 raw_within_radius=0 accepted_within_radius=0 excluded_within_radius=0 nearest_m=31.566 nearest_mtfcc=S1500 nearest_name=None source_id=us-census-tiger-2025-roads-32033 source_feature_id=110688299960
candidate lon=-114.047824 lat=39.488768 raw_within_radius=0 accepted_within_radius=0 excluded_within_radius=0 nearest_m=396.075 nearest_mtfcc=S1400 nearest_name=None source_id=us-census-tiger-2025-roads-32033 source_feature_id=110688284858
candidate lon=-114.047682 lat=39.532050 raw_within_radius=0 accepted_within_radius=0 excluded_within_radius=0 nearest_m=2480.207 nearest_mtfcc=S1400 nearest_name=None source_id=us-census-tiger-2025-roads-32033 source_feature_id=110688292591
candidate lon=-114.047015 lat=39.693533 raw_within_radius=0 accepted_within_radius=0 excluded_within_radius=0 nearest_m=119.564 nearest_mtfcc=S1400 nearest_name=Some("Water Canyon Road 2") source_id=us-census-tiger-2025-roads-32033 source_feature_id=1104470677995
candidate lon=-114.046412 lat=40.115712 raw_within_radius=0 accepted_within_radius=0 excluded_within_radius=0 nearest_m=21.913 nearest_mtfcc=S1400 nearest_name=None source_id=us-census-tiger-2025-roads-32033 source_feature_id=110688286668
candidate lon=-114.046396 lat=40.233138 raw_within_radius=0 accepted_within_radius=0 excluded_within_radius=0 nearest_m=799.866 nearest_mtfcc=S1400 nearest_name=None source_id=us-census-tiger-2025-roads-32007 source_feature_id=1104470883832
candidate lon=-114.046372 lat=40.234864 raw_within_radius=0 accepted_within_radius=0 excluded_within_radius=0 nearest_m=659.555 nearest_mtfcc=S1400 nearest_name=None source_id=us-census-tiger-2025-roads-32007 source_feature_id=1104470883832
candidate lon=-114.046371 lat=40.234942 raw_within_radius=0 accepted_within_radius=0 excluded_within_radius=0 nearest_m=653.086 nearest_mtfcc=S1400 nearest_name=None source_id=us-census-tiger-2025-roads-32007 source_feature_id=1104470883832
candidate lon=-114.045402 lat=40.497574 raw_within_radius=0 accepted_within_radius=0 excluded_within_radius=0 nearest_m=143.718 nearest_mtfcc=S1400 nearest_name=None source_id=us-census-tiger-2025-roads-32007 source_feature_id=1102217507701
candidate lon=-114.045262 lat=40.498628 raw_within_radius=0 accepted_within_radius=0 excluded_within_radius=0 nearest_m=29.390 nearest_mtfcc=S1400 nearest_name=None source_id=us-census-tiger-2025-roads-32007 source_feature_id=1102217507701
candidate lon=-114.043544 lat=40.745715 raw_within_radius=0 accepted_within_radius=0 excluded_within_radius=0 nearest_m=631.332 nearest_mtfcc=S1400 nearest_name=Some("Backway Rd") source_id=us-census-tiger-2025-roads-32007 source_feature_id=1104991827013
candidate lon=-114.043410 lat=40.754984 raw_within_radius=0 accepted_within_radius=0 excluded_within_radius=0 nearest_m=135.040 nearest_mtfcc=S1400 nearest_name=Some("Limestone Cave Rd") source_id=us-census-tiger-2025-roads-32007 source_feature_id=1106040305334
candidate lon=-114.043409 lat=40.755069 raw_within_radius=0 accepted_within_radius=0 excluded_within_radius=0 nearest_m=125.578 nearest_mtfcc=S1400 nearest_name=Some("Limestone Cave Rd") source_id=us-census-tiger-2025-roads-32007 source_feature_id=1106040305334
candidate lon=-114.043393 lat=40.755078 raw_within_radius=0 accepted_within_radius=0 excluded_within_radius=0 nearest_m=124.567 nearest_mtfcc=S1400 nearest_name=Some("Limestone Cave Rd") source_id=us-census-tiger-2025-roads-32007 source_feature_id=1106040305334
candidate lon=-114.043374 lat=40.757355 raw_within_radius=0 accepted_within_radius=0 excluded_within_radius=0 nearest_m=84.942 nearest_mtfcc=S1400 nearest_name=Some("Limestone Cave Rd") source_id=us-census-tiger-2025-roads-32007 source_feature_id=1106040305334
candidate lon=-114.043209 lat=40.755392 raw_within_radius=0 accepted_within_radius=0 excluded_within_radius=0 nearest_m=90.917 nearest_mtfcc=S1400 nearest_name=Some("Limestone Cave Rd") source_id=us-census-tiger-2025-roads-32007 source_feature_id=1106040305334
candidate lon=-114.042153 lat=40.982138 raw_within_radius=0 accepted_within_radius=0 excluded_within_radius=0 nearest_m=1892.928 nearest_mtfcc=S1500 nearest_name=None source_id=us-census-tiger-2025-roads-32007 source_feature_id=1101931558374
candidate lon=-114.042095 lat=40.991534 raw_within_radius=0 accepted_within_radius=0 excluded_within_radius=0 nearest_m=2287.886 nearest_mtfcc=S1400 nearest_name=None source_id=us-census-tiger-2025-roads-32007 source_feature_id=1101931553537
