artifacts/world-roads/gb/hp.pmtiles: decoded=317, absent=903, failures=0, layers (land, green, water, road_surface, building, boundary, waterway, major, collector, local, place)=[0, 0, 0, 0, 0, 0, 0, 251, 867, 1107, 0]
artifacts/world-roads/gb/ht.pmtiles: decoded=33, absent=20, failures=0, layers (land, green, water, road_surface, building, boundary, waterway, major, collector, local, place)=[0, 0, 0, 0, 0, 0, 0, 0, 57, 62, 0]
artifacts/world-roads/gb/hu.pmtiles: decoded=3000, absent=14881, failures=0, layers (land, green, water, road_surface, building, boundary, waterway, major, collector, local, place)=[0, 0, 0, 0, 0, 0, 0, 4103, 9922, 16115, 0]
artifacts/world-roads/gb/hy.pmtiles: decoded=2532, absent=9018, failures=0, layers (land, green, water, road_surface, building, boundary, waterway, major, collector, local, place)=[0, 0, 0, 0, 0, 0, 0, 3772, 10032, 14470, 0]
artifacts/world-roads/gb/hz.pmtiles: decoded=35, absent=39, failures=0, layers (land, green, water, road_surface, building, boundary, waterway, major, collector, local, place)=[0, 0, 0, 0, 0, 0, 0, 0, 91, 44, 0]
artifacts/world-roads/gb/na.pmtiles: decoded=55, absent=11076, failures=0, layers (land, green, water, road_surface, building, boundary, waterway, major, collector, local, place)=[0, 0, 0, 0, 0, 0, 0, 0, 67, 23, 0]
artifacts/world-roads/gb/nb.pmtiles: decoded=2232, absent=20455, failures=0, layers (land, green, water, road_surface, building, boundary, waterway, major, collector, local, place)=[0, 0, 0, 0, 0, 0, 0, 3282, 6471, 10132, 0]
artifacts/world-roads/gb/nc.pmtiles: decoded=5368, absent=20099, failures=0, layers (land, green, water, road_surface, building, boundary, waterway, major, collector, local, place)=[0, 0, 0, 0, 0, 0, 0, 5660, 6208, 14890, 0]
artifacts/world-roads/gb/nd.pmtiles: decoded=3370, absent=11909, failures=0, layers (land, green, water, road_surface, building, boundary, waterway, major, collector, local, place)=[0, 0, 0, 0, 0, 0, 0, 4673, 10068, 18698, 0]
artifacts/world-roads/gb/nf.pmtiles: decoded=1430, absent=26673, failures=0, layers (land, green, water, road_surface, building, boundary, waterway, major, collector, local, place)=[0, 0, 0, 0, 0, 0, 0, 1959, 3715, 4789, 0]
artifacts/world-roads/gb/ng.pmtiles: decoded=5106, absent=29687, failures=0, layers (land, green, water, road_surface, building, boundary, waterway, major, collector, local, place)=[0, 0, 0, 0, 0, 0, 0, 7325, 11184, 20897, 0]
artifacts/world-roads/gb/nh.pmtiles: decoded=13184, absent=21413, failures=0, layers (land, green, water, road_surface, building, boundary, waterway, major, collector, local, place)=[0, 0, 0, 0, 0, 0, 0, 15419, 37545, 99956, 0]
artifacts/world-roads/gb/nj.pmtiles: decoded=15659, absent=8042, failures=0, layers (land, green, water, road_surface, building, boundary, waterway, major, collector, local, place)=[0, 0, 0, 0, 0, 0, 0, 26849, 88142, 179886, 0]
artifacts/world-roads/gb/nk.pmtiles: decoded=1106, absent=927, failures=0, layers (land, green, water, road_surface, building, boundary, waterway, major, collector, local, place)=[0, 0, 0, 0, 0, 0, 0, 2731, 6578, 13942, 0]
artifacts/world-roads/gb/nl.pmtiles: decoded=222, absent=7354, failures=0, layers (land, green, water, road_surface, building, boundary, waterway, major, collector, local, place)=[0, 0, 0, 0, 0, 0, 0, 234, 936, 906, 0]
artifacts/world-roads/gb/nm.pmtiles: decoded=5716, absent=25167, failures=0, layers (land, green, water, road_surface, building, boundary, waterway, major, collector, local, place)=[0, 0, 0, 0, 0, 0, 0, 5449, 9124, 26738, 0]
artifacts/world-roads/gb/nn.pmtiles: decoded=12411, absent=21089, failures=0, layers (land, green, water, road_surface, building, boundary, waterway, major, collector, local, place)=[0, 0, 0, 0, 0, 0, 0, 15109, 17465, 70456, 0]
artifacts/world-roads/gb/no.pmtiles: decoded=14469, absent=14485, failures=0, layers (land, green, water, road_surface, building, boundary, waterway, major, collector, local, place)=[0, 0, 0, 0, 0, 0, 0, 32734, 76738, 189057, 0]
artifacts/world-roads/gb/nr.pmtiles: decoded=5314, absent=18068, failures=0, layers (land, green, water, road_surface, building, boundary, waterway, major, collector, local, place)=[0, 0, 0, 0, 0, 0, 0, 4476, 8541, 26796, 0]
artifacts/world-roads/gb/ns.pmtiles: decoded=19406, absent=11988, failures=0, layers (land, green, water, road_surface, building, boundary, waterway, major, collector, local, place)=[0, 0, 0, 0, 0, 0, 0, 83810, 156483, 548309, 0]
artifacts/world-roads/gb/nt.pmtiles: decoded=17518, absent=14162, failures=0, layers (land, green, water, road_surface, building, boundary, waterway, major, collector, local, place)=[0, 0, 0, 0, 0, 0, 0, 45815, 92762, 283432, 0]
artifacts/world-roads/gb/nu.pmtiles: decoded=2510, absent=2123, failures=0, layers (land, green, water, road_surface, building, boundary, waterway, major, collector, local, place)=[0, 0, 0, 0, 0, 0, 0, 2157, 14500, 23225, 0]
artifacts/world-roads/gb/nw.pmtiles: decoded=158, absent=139, failures=0, layers (land, green, water, road_surface, building, boundary, waterway, major, collector, local, place)=[0, 0, 0, 0, 0, 0, 0, 12, 585, 856, 0]
artifacts/world-roads/gb/nx.pmtiles: decoded=10793, absent=15565, failures=0, layers (land, green, water, road_surface, building, boundary, waterway, major, collector, local, place)=[0, 0, 0, 0, 0, 0, 0, 16498, 34661, 86878, 0]
artifacts/world-roads/gb/ny.pmtiles: decoded=18853, absent=11727, failures=0, layers (land, green, water, road_surface, building, boundary, waterway, major, collector, local, place)=[0, 0, 0, 0, 0, 0, 0, 25198, 100970, 163115, 0]
artifacts/world-roads/gb/nz.pmtiles: decoded=12692, absent=15369, failures=0, layers (land, green, water, road_surface, building, boundary, waterway, major, collector, local, place)=[0, 0, 0, 0, 0, 0, 0, 77331, 165009, 609454, 0]
artifacts/world-roads/gb/sd.pmtiles: decoded=15504, absent=11031, failures=0, layers (land, green, water, road_surface, building, boundary, waterway, major, collector, local, place)=[0, 0, 0, 0, 0, 0, 0, 120647, 212611, 803768, 0]
artifacts/world-roads/gb/se.pmtiles: decoded=22970, absent=4881, failures=0, layers (land, green, water, road_surface, building, boundary, waterway, major, collector, local, place)=[0, 0, 0, 0, 0, 0, 0, 122096, 286155, 773165, 0]
artifacts/world-roads/gb/sh.pmtiles: decoded=9855, absent=11095, failures=0, layers (land, green, water, road_surface, building, boundary, waterway, major, collector, local, place)=[0, 0, 0, 0, 0, 0, 0, 28539, 72228, 146736, 0]
artifacts/world-roads/gb/sj.pmtiles: decoded=22614, absent=4964, failures=0, layers (land, green, water, road_surface, building, boundary, waterway, major, collector, local, place)=[0, 0, 0, 0, 0, 0, 0, 182136, 355073, 1041617, 0]
artifacts/world-roads/gb/sk.pmtiles: decoded=23357, absent=6577, failures=0, layers (land, green, water, road_surface, building, boundary, waterway, major, collector, local, place)=[0, 0, 0, 0, 0, 0, 0, 132569, 318453, 822861, 0]
artifacts/world-roads/gb/sm.pmtiles: decoded=1720, absent=1360, failures=0, layers (land, green, water, road_surface, building, boundary, waterway, major, collector, local, place)=[0, 0, 0, 0, 0, 0, 0, 5072, 16136, 28032, 0]
artifacts/world-roads/gb/sn.pmtiles: decoded=15331, absent=9935, failures=0, layers (land, green, water, road_surface, building, boundary, waterway, major, collector, local, place)=[0, 0, 0, 0, 0, 0, 0, 30959, 113265, 175441, 0]
artifacts/world-roads/gb/so.pmtiles: decoded=22290, absent=5752, failures=0, layers (land, green, water, road_surface, building, boundary, waterway, major, collector, local, place)=[0, 0, 0, 0, 0, 0, 0, 88311, 264843, 500429, 0]
artifacts/world-roads/gb/sp.pmtiles: decoded=22609, absent=2732, failures=0, layers (land, green, water, road_surface, building, boundary, waterway, major, collector, local, place)=[0, 0, 0, 0, 0, 0, 0, 126772, 339182, 842057, 0]
artifacts/world-roads/gb/sr.pmtiles: decoded=162, absent=88, failures=0, layers (land, green, water, road_surface, building, boundary, waterway, major, collector, local, place)=[0, 0, 0, 0, 0, 0, 0, 0, 990, 1697, 0]
artifacts/world-roads/gb/ss.pmtiles: decoded=9762, absent=16566, failures=0, layers (land, green, water, road_surface, building, boundary, waterway, major, collector, local, place)=[0, 0, 0, 0, 0, 0, 0, 30125, 111697, 219024, 0]
artifacts/world-roads/gb/st.pmtiles: decoded=19880, absent=6519, failures=0, layers (land, green, water, road_surface, building, boundary, waterway, major, collector, local, place)=[0, 0, 0, 0, 0, 0, 0, 94872, 320518, 640419, 0]
artifacts/world-roads/gb/su.pmtiles: decoded=21525, absent=2757, failures=0, layers (land, green, water, road_surface, building, boundary, waterway, major, collector, local, place)=[0, 0, 0, 0, 0, 0, 0, 118089, 313804, 802684, 0]
artifacts/world-roads/gb/sv.pmtiles: decoded=77, absent=78, failures=0, layers (land, green, water, road_surface, building, boundary, waterway, major, collector, local, place)=[0, 0, 0, 0, 0, 0, 0, 326, 328, 1125, 0]
artifacts/world-roads/gb/sw.pmtiles: decoded=3958, absent=6457, failures=0, layers (land, green, water, road_surface, building, boundary, waterway, major, collector, local, place)=[0, 0, 0, 0, 0, 0, 0, 12916, 67979, 117240, 0]
artifacts/world-roads/gb/sx.pmtiles: decoded=10073, absent=5346, failures=0, layers (land, green, water, road_surface, building, boundary, waterway, major, collector, local, place)=[0, 0, 0, 0, 0, 0, 0, 32176, 157285, 240914, 0]
artifacts/world-roads/gb/sy.pmtiles: decoded=3471, absent=3961, failures=0, layers (land, green, water, road_surface, building, boundary, waterway, major, collector, local, place)=[0, 0, 0, 0, 0, 0, 0, 9687, 44811, 83980, 0]
artifacts/world-roads/gb/sz.pmtiles: decoded=2193, absent=3555, failures=0, layers (land, green, water, road_surface, building, boundary, waterway, major, collector, local, place)=[0, 0, 0, 0, 0, 0, 0, 15333, 46852, 129712, 0]
artifacts/world-roads/gb/ta.pmtiles: decoded=5130, absent=6210, failures=0, layers (land, green, water, road_surface, building, boundary, waterway, major, collector, local, place)=[0, 0, 0, 0, 0, 0, 0, 20934, 53821, 169316, 0]
artifacts/world-roads/gb/tf.pmtiles: decoded=15862, absent=10332, failures=0, layers (land, green, water, road_surface, building, boundary, waterway, major, collector, local, place)=[0, 0, 0, 0, 0, 0, 0, 33693, 142286, 215742, 0]
artifacts/world-roads/gb/tg.pmtiles: decoded=4616, absent=1797, failures=0, layers (land, green, water, road_surface, building, boundary, waterway, major, collector, local, place)=[0, 0, 0, 0, 0, 0, 0, 16278, 73463, 119098, 0]
artifacts/world-roads/gb/tl.pmtiles: decoded=22089, absent=4796, failures=0, layers (land, green, water, road_surface, building, boundary, waterway, major, collector, local, place)=[0, 0, 0, 0, 0, 0, 0, 85933, 278047, 613286, 0]
artifacts/world-roads/gb/tm.pmtiles: decoded=8369, absent=6205, failures=0, layers (land, green, water, road_surface, building, boundary, waterway, major, collector, local, place)=[0, 0, 0, 0, 0, 0, 0, 23222, 116118, 183641, 0]
artifacts/world-roads/gb/tq.pmtiles: decoded=20628, absent=3850, failures=0, layers (land, green, water, road_surface, building, boundary, waterway, major, collector, local, place)=[0, 0, 0, 0, 0, 0, 0, 295409, 433211, 1463822, 0]
artifacts/world-roads/gb/tr.pmtiles: decoded=3273, absent=4904, failures=0, layers (land, green, water, road_surface, building, boundary, waterway, major, collector, local, place)=[0, 0, 0, 0, 0, 0, 0, 19848, 52440, 110593, 0]
artifacts/world-roads/gb/tv.pmtiles: decoded=123, absent=87, failures=0, layers (land, green, water, road_surface, building, boundary, waterway, major, collector, local, place)=[0, 0, 0, 0, 0, 0, 0, 1293, 1843, 8155, 0]
