candidate_points=23 inspected_sources=5 inspected_rows=18421 radius_m=20
candidate lon=-103.710058 lat=41.001695 raw_within_radius=1 accepted_within_radius=0 excluded_within_radius=1 nearest_m=0.000 nearest_mtfcc=S1740 nearest_name=None source_id=us-census-tiger-2025-roads-08123 source_feature_id=110417655385
candidate lon=-103.595130 lat=41.001718 raw_within_radius=0 accepted_within_radius=0 excluded_within_radius=0 nearest_m=206.481 nearest_mtfcc=S1400 nearest_name=Some("Co Rd 155") source_id=us-census-tiger-2025-roads-08123 source_feature_id=110417628607
candidate lon=-103.406693 lat=41.002151 raw_within_radius=0 accepted_within_radius=0 excluded_within_radius=0 nearest_m=973.703 nearest_mtfcc=S1400 nearest_name=Some("Co Rd 78") source_id=us-census-tiger-2025-roads-08075 source_feature_id=110436517429
candidate lon=-103.287047 lat=41.002014 raw_within_radius=0 accepted_within_radius=0 excluded_within_radius=0 nearest_m=608.927 nearest_mtfcc=S1400 nearest_name=Some("Co Rd 31") source_id=us-census-tiger-2025-roads-08075 source_feature_id=1103598425844
candidate lon=-103.249194 lat=41.002155 raw_within_radius=0 accepted_within_radius=0 excluded_within_radius=0 nearest_m=1025.692 nearest_mtfcc=S1400 nearest_name=Some("Co Rd 78") source_id=us-census-tiger-2025-roads-08075 source_feature_id=110436517429
candidate lon=-103.097009 lat=41.002316 raw_within_radius=0 accepted_within_radius=0 excluded_within_radius=0 nearest_m=530.726 nearest_mtfcc=S1200 nearest_name=Some("State Hwy 113") source_id=us-census-tiger-2025-roads-08075 source_feature_id=110436517487
candidate lon=-103.021425 lat=41.002530 raw_within_radius=0 accepted_within_radius=0 excluded_within_radius=0 nearest_m=1010.004 nearest_mtfcc=S1400 nearest_name=Some("Co Rd 78") source_id=us-census-tiger-2025-roads-08075 source_feature_id=110436517429
candidate lon=-103.002088 lat=41.002486 raw_within_radius=1 accepted_within_radius=0 excluded_within_radius=1 nearest_m=0.000 nearest_mtfcc=S1500 nearest_name=None source_id=us-census-tiger-2025-roads-08075 source_feature_id=1103716807857
candidate lon=-102.293112 lat=41.002207 raw_within_radius=0 accepted_within_radius=0 excluded_within_radius=0 nearest_m=562.372 nearest_mtfcc=S1400 nearest_name=Some("Co Rd 36") source_id=us-census-tiger-2025-roads-08115 source_feature_id=110454604842
candidate lon=-102.293080 lat=41.002230 raw_within_radius=0 accepted_within_radius=0 excluded_within_radius=0 nearest_m=564.871 nearest_mtfcc=S1400 nearest_name=Some("Co Rd 36") source_id=us-census-tiger-2025-roads-08115 source_feature_id=110454604842
candidate lon=-102.293059 lat=41.002207 raw_within_radius=0 accepted_within_radius=0 excluded_within_radius=0 nearest_m=562.271 nearest_mtfcc=S1400 nearest_name=Some("Co Rd 36") source_id=us-census-tiger-2025-roads-08115 source_feature_id=110454604842
candidate lon=-102.287564 lat=41.002411 raw_within_radius=0 accepted_within_radius=0 excluded_within_radius=0 nearest_m=574.324 nearest_mtfcc=S1400 nearest_name=Some("Co Rd 36") source_id=us-census-tiger-2025-roads-08115 source_feature_id=110454604842
candidate lon=-102.287538 lat=41.002318 raw_within_radius=0 accepted_within_radius=0 excluded_within_radius=0 nearest_m=563.968 nearest_mtfcc=S1400 nearest_name=Some("Co Rd 36") source_id=us-census-tiger-2025-roads-08115 source_feature_id=110454604842
candidate lon=-102.051968 lat=40.201351 raw_within_radius=0 accepted_within_radius=0 excluded_within_radius=0 nearest_m=1106.575 nearest_mtfcc=S1740 nearest_name=None source_id=us-census-tiger-2025-roads-08125 source_feature_id=110438931183
candidate lon=-102.051919 lat=40.205687 raw_within_radius=0 accepted_within_radius=0 excluded_within_radius=0 nearest_m=1589.214 nearest_mtfcc=S1740 nearest_name=None source_id=us-census-tiger-2025-roads-08125 source_feature_id=110438931183
candidate lon=-102.051830 lat=40.068798 raw_within_radius=1 accepted_within_radius=0 excluded_within_radius=1 nearest_m=0.000 nearest_mtfcc=S1740 nearest_name=None source_id=us-census-tiger-2025-roads-08125 source_feature_id=110438930256
candidate lon=-102.051830 lat=40.069054 raw_within_radius=1 accepted_within_radius=0 excluded_within_radius=1 nearest_m=0.000 nearest_mtfcc=S1740 nearest_name=None source_id=us-census-tiger-2025-roads-08125 source_feature_id=110438930256
candidate lon=-102.051734 lat=40.067369 raw_within_radius=0 accepted_within_radius=0 excluded_within_radius=0 nearest_m=159.286 nearest_mtfcc=S1740 nearest_name=None source_id=us-census-tiger-2025-roads-08125 source_feature_id=110438930256
candidate lon=-102.051667 lat=40.068736 raw_within_radius=1 accepted_within_radius=0 excluded_within_radius=1 nearest_m=15.507 nearest_mtfcc=S1740 nearest_name=None source_id=us-census-tiger-2025-roads-08125 source_feature_id=110438930256
candidate lon=-102.051623 lat=40.069013 raw_within_radius=1 accepted_within_radius=0 excluded_within_radius=1 nearest_m=18.215 nearest_mtfcc=S1740 nearest_name=None source_id=us-census-tiger-2025-roads-08125 source_feature_id=110438930256
candidate lon=-102.051616 lat=40.069071 raw_within_radius=1 accepted_within_radius=0 excluded_within_radius=1 nearest_m=18.328 nearest_mtfcc=S1740 nearest_name=None source_id=us-census-tiger-2025-roads-08125 source_feature_id=110438930256
candidate lon=-102.051484 lat=40.455030 raw_within_radius=0 accepted_within_radius=0 excluded_within_radius=0 nearest_m=156.516 nearest_mtfcc=S1400 nearest_name=None source_id=us-census-tiger-2025-roads-08095 source_feature_id=110437870487
candidate lon=-102.051469 lat=40.442812 raw_within_radius=0 accepted_within_radius=0 excluded_within_radius=0 nearest_m=783.805 nearest_mtfcc=S1400 nearest_name=Some("Co Rd 61.5") source_id=us-census-tiger-2025-roads-08095 source_feature_id=110437869965
