candidate_points=40 inspected_sources=7 inspected_rows=10127 radius_m=20
candidate lon=-103.815867 lat=45.945204 raw_within_radius=0 accepted_within_radius=0 excluded_within_radius=0 nearest_m=2486.280 nearest_mtfcc=S1500 nearest_name=None source_id=us-census-tiger-2025-roads-46063 source_feature_id=110169452447
candidate lon=-103.744024 lat=45.945064 raw_within_radius=1 accepted_within_radius=0 excluded_within_radius=1 nearest_m=0.000 nearest_mtfcc=S1500 nearest_name=None source_id=us-census-tiger-2025-roads-46063 source_feature_id=110169452435
candidate lon=-103.737684 lat=45.945213 raw_within_radius=0 accepted_within_radius=0 excluded_within_radius=0 nearest_m=491.031 nearest_mtfcc=S1500 nearest_name=None source_id=us-census-tiger-2025-roads-46063 source_feature_id=110169452435
candidate lon=-103.733406 lat=45.945087 raw_within_radius=0 accepted_within_radius=0 excluded_within_radius=0 nearest_m=821.712 nearest_mtfcc=S1500 nearest_name=None source_id=us-census-tiger-2025-roads-46063 source_feature_id=110169452435
candidate lon=-103.733401 lat=45.945195 raw_within_radius=0 accepted_within_radius=0 excluded_within_radius=0 nearest_m=822.381 nearest_mtfcc=S1500 nearest_name=None source_id=us-census-tiger-2025-roads-46063 source_feature_id=110169452435
candidate lon=-103.726684 lat=45.945198 raw_within_radius=0 accepted_within_radius=0 excluded_within_radius=0 nearest_m=443.862 nearest_mtfcc=S1500 nearest_name=None source_id=us-census-tiger-2025-roads-46063 source_feature_id=110169452431
candidate lon=-103.720951 lat=45.945115 raw_within_radius=1 accepted_within_radius=0 excluded_within_radius=1 nearest_m=0.000 nearest_mtfcc=S1500 nearest_name=None source_id=us-census-tiger-2025-roads-46063 source_feature_id=110169452431
candidate lon=-103.717815 lat=45.945126 raw_within_radius=1 accepted_within_radius=0 excluded_within_radius=1 nearest_m=0.000 nearest_mtfcc=S1500 nearest_name=None source_id=us-census-tiger-2025-roads-46063 source_feature_id=110169452431
candidate lon=-103.480235 lat=45.945088 raw_within_radius=1 accepted_within_radius=0 excluded_within_radius=1 nearest_m=0.000 nearest_mtfcc=S1740 nearest_name=None source_id=us-census-tiger-2025-roads-46063 source_feature_id=110169452702
candidate lon=-103.351031 lat=45.945152 raw_within_radius=0 accepted_within_radius=0 excluded_within_radius=0 nearest_m=965.104 nearest_mtfcc=S1400 nearest_name=None source_id=us-census-tiger-2025-roads-46063 source_feature_id=110169452176
candidate lon=-103.244721 lat=45.945161 raw_within_radius=0 accepted_within_radius=0 excluded_within_radius=0 nearest_m=620.872 nearest_mtfcc=S1400 nearest_name=Some("Rock Rd") source_id=us-census-tiger-2025-roads-46063 source_feature_id=110169449292
candidate lon=-103.203303 lat=45.945236 raw_within_radius=0 accepted_within_radius=0 excluded_within_radius=0 nearest_m=666.156 nearest_mtfcc=S1400 nearest_name=None source_id=us-census-tiger-2025-roads-46063 source_feature_id=110169451785
candidate lon=-103.168002 lat=45.945267 raw_within_radius=1 accepted_within_radius=0 excluded_within_radius=1 nearest_m=0.000 nearest_mtfcc=S1500 nearest_name=None source_id=us-census-tiger-2025-roads-46063 source_feature_id=110169452561
candidate lon=-102.393367 lat=45.944962 raw_within_radius=2 accepted_within_radius=0 excluded_within_radius=2 nearest_m=0.000 nearest_mtfcc=S1500 nearest_name=None source_id=us-census-tiger-2025-roads-46105 source_feature_id=110469394661
candidate lon=-102.390523 lat=45.944936 raw_within_radius=0 accepted_within_radius=0 excluded_within_radius=0 nearest_m=89.677 nearest_mtfcc=S1200 nearest_name=Some("US Hwy 12") source_id=us-census-tiger-2025-roads-46105 source_feature_id=110469383018
candidate lon=-102.081745 lat=45.944813 raw_within_radius=0 accepted_within_radius=0 excluded_within_radius=0 nearest_m=1107.455 nearest_mtfcc=S1200 nearest_name=Some("US Hwy 12") source_id=us-census-tiger-2025-roads-46105 source_feature_id=110469383018
candidate lon=-102.061035 lat=45.944723 raw_within_radius=1 accepted_within_radius=0 excluded_within_radius=1 nearest_m=0.000 nearest_mtfcc=S1500 nearest_name=None source_id=us-census-tiger-2025-roads-46105 source_feature_id=110170630333
candidate lon=-102.040206 lat=45.944742 raw_within_radius=1 accepted_within_radius=0 excluded_within_radius=1 nearest_m=0.000 nearest_mtfcc=S1500 nearest_name=None source_id=us-census-tiger-2025-roads-46105 source_feature_id=110170630333
candidate lon=-102.031632 lat=45.944630 raw_within_radius=1 accepted_within_radius=0 excluded_within_radius=1 nearest_m=0.000 nearest_mtfcc=S1500 nearest_name=None source_id=us-census-tiger-2025-roads-46105 source_feature_id=110170630333
candidate lon=-102.018478 lat=45.944546 raw_within_radius=1 accepted_within_radius=0 excluded_within_radius=1 nearest_m=0.000 nearest_mtfcc=S1500 nearest_name=None source_id=us-census-tiger-2025-roads-46105 source_feature_id=110170630333
candidate lon=-101.539571 lat=45.944170 raw_within_radius=0 accepted_within_radius=0 excluded_within_radius=0 nearest_m=91.031 nearest_mtfcc=S1400 nearest_name=None source_id=us-census-tiger-2025-roads-46031 source_feature_id=110215322364
candidate lon=-101.452022 lat=45.943869 raw_within_radius=0 accepted_within_radius=0 excluded_within_radius=0 nearest_m=1520.911 nearest_mtfcc=S1400 nearest_name=Some("Lake Township Rd") source_id=us-census-tiger-2025-roads-46031 source_feature_id=110215317580
candidate lon=-101.209241 lat=45.944006 raw_within_radius=1 accepted_within_radius=0 excluded_within_radius=1 nearest_m=0.000 nearest_mtfcc=S1500 nearest_name=None source_id=us-census-tiger-2025-roads-46031 source_feature_id=110215323559
candidate lon=-101.049258 lat=45.943456 raw_within_radius=0 accepted_within_radius=0 excluded_within_radius=0 nearest_m=802.257 nearest_mtfcc=S1400 nearest_name=None source_id=us-census-tiger-2025-roads-46031 source_feature_id=1105045504547
candidate lon=-101.022176 lat=45.943588 raw_within_radius=0 accepted_within_radius=0 excluded_within_radius=0 nearest_m=1013.239 nearest_mtfcc=S1400 nearest_name=Some("101st St") source_id=us-census-tiger-2025-roads-46031 source_feature_id=110215316765
candidate lon=-101.022119 lat=45.943546 raw_within_radius=0 accepted_within_radius=0 excluded_within_radius=0 nearest_m=1008.567 nearest_mtfcc=S1400 nearest_name=Some("101st St") source_id=us-census-tiger-2025-roads-46031 source_feature_id=110215316765
candidate lon=-100.578127 lat=45.943808 raw_within_radius=0 accepted_within_radius=0 excluded_within_radius=0 nearest_m=600.634 nearest_mtfcc=S1400 nearest_name=None source_id=us-census-tiger-2025-roads-46031 source_feature_id=1104470761356
candidate lon=-100.087883 lat=45.942158 raw_within_radius=1 accepted_within_radius=0 excluded_within_radius=1 nearest_m=0.000 nearest_mtfcc=S1500 nearest_name=None source_id=us-census-tiger-2025-roads-46021 source_feature_id=1103945450592
candidate lon=-100.004999 lat=45.941967 raw_within_radius=1 accepted_within_radius=0 excluded_within_radius=1 nearest_m=0.000 nearest_mtfcc=S1500 nearest_name=Some("102nd St SE") source_id=us-census-tiger-2025-roads-46021 source_feature_id=1103716672030
candidate lon=-99.713595 lat=45.940906 raw_within_radius=2 accepted_within_radius=0 excluded_within_radius=2 nearest_m=0.000 nearest_mtfcc=S1500 nearest_name=Some("102nd St SE") source_id=us-census-tiger-2025-roads-46089 source_feature_id=110244976605
candidate lon=-99.567852 lat=45.940831 raw_within_radius=2 accepted_within_radius=0 excluded_within_radius=2 nearest_m=0.000 nearest_mtfcc=S1500 nearest_name=Some("102nd St SE") source_id=us-census-tiger-2025-roads-46089 source_feature_id=110244976607
candidate lon=-99.505480 lat=45.940474 raw_within_radius=2 accepted_within_radius=0 excluded_within_radius=2 nearest_m=0.000 nearest_mtfcc=S1500 nearest_name=Some("102nd St SE") source_id=us-census-tiger-2025-roads-46089 source_feature_id=110244976607
candidate lon=-99.484105 lat=45.940425 raw_within_radius=2 accepted_within_radius=0 excluded_within_radius=2 nearest_m=0.000 nearest_mtfcc=S1500 nearest_name=Some("102nd St SE") source_id=us-census-tiger-2025-roads-46089 source_feature_id=110244976604
candidate lon=-99.463680 lat=45.940339 raw_within_radius=2 accepted_within_radius=0 excluded_within_radius=2 nearest_m=0.000 nearest_mtfcc=S1500 nearest_name=Some("102nd St SE") source_id=us-census-tiger-2025-roads-46089 source_feature_id=110244976604
candidate lon=-99.437233 lat=45.940264 raw_within_radius=2 accepted_within_radius=0 excluded_within_radius=2 nearest_m=0.000 nearest_mtfcc=S1500 nearest_name=Some("102nd St SE") source_id=us-census-tiger-2025-roads-46089 source_feature_id=110244976604
candidate lon=-99.421974 lat=45.940273 raw_within_radius=2 accepted_within_radius=0 excluded_within_radius=2 nearest_m=0.000 nearest_mtfcc=S1500 nearest_name=Some("102nd St SE") source_id=us-census-tiger-2025-roads-46089 source_feature_id=110244976604
candidate lon=-99.378197 lat=45.940285 raw_within_radius=2 accepted_within_radius=0 excluded_within_radius=2 nearest_m=0.000 nearest_mtfcc=S1500 nearest_name=Some("102nd St SE") source_id=us-census-tiger-2025-roads-46089 source_feature_id=110244976610
candidate lon=-98.149920 lat=45.936151 raw_within_radius=0 accepted_within_radius=0 excluded_within_radius=0 nearest_m=50.939 nearest_mtfcc=S1200 nearest_name=Some("102nd St SE") source_id=us-census-tiger-2025-roads-46013 source_feature_id=11019627347043
candidate lon=-98.018571 lat=45.935916 raw_within_radius=3 accepted_within_radius=0 excluded_within_radius=3 nearest_m=0.000 nearest_mtfcc=S1500 nearest_name=Some("100th St SE") source_id=us-census-tiger-2025-roads-46013 source_feature_id=110421233328
candidate lon=-96.651725 lat=45.935463 raw_within_radius=2 accepted_within_radius=0 excluded_within_radius=2 nearest_m=0.000 nearest_mtfcc=S1500 nearest_name=Some("102nd St SE") source_id=us-census-tiger-2025-roads-46109 source_feature_id=110688596565
