candidate_points=35 inspected_sources=7 inspected_rows=18001 radius_m=20
candidate lon=-103.893985 lat=45.945163 raw_within_radius=1 accepted_within_radius=0 excluded_within_radius=1 nearest_m=0.000 nearest_mtfcc=S1500 nearest_name=None source_id=us-census-tiger-2025-roads-38011 source_feature_id=110340793268
candidate lon=-103.252742 lat=45.945171 raw_within_radius=1 accepted_within_radius=0 excluded_within_radius=1 nearest_m=0.000 nearest_mtfcc=S1500 nearest_name=None source_id=us-census-tiger-2025-roads-38011 source_feature_id=110340793509
candidate lon=-103.218072 lat=45.945183 raw_within_radius=1 accepted_within_radius=0 excluded_within_radius=1 nearest_m=0.000 nearest_mtfcc=S1500 nearest_name=None source_id=us-census-tiger-2025-roads-38011 source_feature_id=110169452359
candidate lon=-103.212769 lat=45.945167 raw_within_radius=1 accepted_within_radius=0 excluded_within_radius=1 nearest_m=0.000 nearest_mtfcc=S1500 nearest_name=None source_id=us-census-tiger-2025-roads-38011 source_feature_id=110169452359
candidate lon=-103.148397 lat=45.945114 raw_within_radius=1 accepted_within_radius=0 excluded_within_radius=1 nearest_m=0.000 nearest_mtfcc=S1500 nearest_name=Some("State Line Rd") source_id=us-census-tiger-2025-roads-38011 source_feature_id=110169449608
candidate lon=-102.794306 lat=45.944997 raw_within_radius=0 accepted_within_radius=0 excluded_within_radius=0 nearest_m=28.008 nearest_mtfcc=S1400 nearest_name=Some("8th St SW") source_id=us-census-tiger-2025-roads-38001 source_feature_id=1103716670436
candidate lon=-102.704839 lat=45.945070 raw_within_radius=1 accepted_within_radius=0 excluded_within_radius=1 nearest_m=0.000 nearest_mtfcc=S1500 nearest_name=Some("4th St SW") source_id=us-census-tiger-2025-roads-38001 source_feature_id=110170627832
candidate lon=-102.559626 lat=45.944961 raw_within_radius=0 accepted_within_radius=0 excluded_within_radius=0 nearest_m=88.129 nearest_mtfcc=S1400 nearest_name=Some("5th St SE") source_id=us-census-tiger-2025-roads-38001 source_feature_id=11010888478407
candidate lon=-102.396574 lat=45.944901 raw_within_radius=1 accepted_within_radius=0 excluded_within_radius=1 nearest_m=0.000 nearest_mtfcc=S1500 nearest_name=None source_id=us-census-tiger-2025-roads-38001 source_feature_id=1104259177591
candidate lon=-102.373094 lat=45.944901 raw_within_radius=1 accepted_within_radius=0 excluded_within_radius=1 nearest_m=0.000 nearest_mtfcc=S1500 nearest_name=Some("14th St SE") source_id=us-census-tiger-2025-roads-38001 source_feature_id=110170628163
candidate lon=-102.163739 lat=45.944595 raw_within_radius=0 accepted_within_radius=0 excluded_within_radius=0 nearest_m=64.846 nearest_mtfcc=S1400 nearest_name=Some("5th Ave SE") source_id=us-census-tiger-2025-roads-38001 source_feature_id=1103716670329
candidate lon=-102.052413 lat=45.944620 raw_within_radius=1 accepted_within_radius=0 excluded_within_radius=1 nearest_m=0.000 nearest_mtfcc=S1500 nearest_name=None source_id=us-census-tiger-2025-roads-38001 source_feature_id=110170630333
candidate lon=-102.010945 lat=45.944521 raw_within_radius=1 accepted_within_radius=0 excluded_within_radius=1 nearest_m=0.000 nearest_mtfcc=S1500 nearest_name=None source_id=us-census-tiger-2025-roads-38001 source_feature_id=110170630333
candidate lon=-101.702928 lat=45.944314 raw_within_radius=0 accepted_within_radius=0 excluded_within_radius=0 nearest_m=383.029 nearest_mtfcc=S1400 nearest_name=Some("SW 64th Ave") source_id=us-census-tiger-2025-roads-38085 source_feature_id=1103939493758
candidate lon=-101.223803 lat=45.944059 raw_within_radius=1 accepted_within_radius=0 excluded_within_radius=1 nearest_m=0.000 nearest_mtfcc=S1500 nearest_name=None source_id=us-census-tiger-2025-roads-38085 source_feature_id=110215323559
candidate lon=-101.205771 lat=45.943928 raw_within_radius=1 accepted_within_radius=0 excluded_within_radius=1 nearest_m=0.000 nearest_mtfcc=S1500 nearest_name=None source_id=us-census-tiger-2025-roads-38085 source_feature_id=110215323559
candidate lon=-100.213009 lat=45.942792 raw_within_radius=1 accepted_within_radius=0 excluded_within_radius=1 nearest_m=0.000 nearest_mtfcc=S1500 nearest_name=Some("8th Ave SE") source_id=us-census-tiger-2025-roads-38029 source_feature_id=110377902039
candidate lon=-100.206498 lat=45.942584 raw_within_radius=0 accepted_within_radius=0 excluded_within_radius=0 nearest_m=486.579 nearest_mtfcc=S1500 nearest_name=Some("8th Ave SE") source_id=us-census-tiger-2025-roads-38029 source_feature_id=110377902039
candidate lon=-100.195688 lat=45.942580 raw_within_radius=0 accepted_within_radius=0 excluded_within_radius=0 nearest_m=307.709 nearest_mtfcc=S1400 nearest_name=Some("9th Ave SE") source_id=us-census-tiger-2025-roads-38029 source_feature_id=110377902048
candidate lon=-100.027726 lat=45.941921 raw_within_radius=1 accepted_within_radius=0 excluded_within_radius=1 nearest_m=0.000 nearest_mtfcc=S1500 nearest_name=Some("102nd St SE") source_id=us-census-tiger-2025-roads-38029 source_feature_id=1103716672030
candidate lon=-100.006968 lat=45.941901 raw_within_radius=1 accepted_within_radius=0 excluded_within_radius=1 nearest_m=0.000 nearest_mtfcc=S1500 nearest_name=Some("102nd St SE") source_id=us-census-tiger-2025-roads-38029 source_feature_id=1103716672030
candidate lon=-99.614539 lat=45.941061 raw_within_radius=2 accepted_within_radius=0 excluded_within_radius=2 nearest_m=0.000 nearest_mtfcc=S1500 nearest_name=Some("102nd St SE") source_id=us-census-tiger-2025-roads-38051 source_feature_id=110244976606
candidate lon=-99.612677 lat=45.941048 raw_within_radius=2 accepted_within_radius=0 excluded_within_radius=2 nearest_m=0.000 nearest_mtfcc=S1500 nearest_name=Some("102nd St SE") source_id=us-census-tiger-2025-roads-38051 source_feature_id=110244976606
candidate lon=-99.573370 lat=45.940878 raw_within_radius=2 accepted_within_radius=0 excluded_within_radius=2 nearest_m=0.000 nearest_mtfcc=S1500 nearest_name=Some("102nd St SE") source_id=us-census-tiger-2025-roads-38051 source_feature_id=110244976607
candidate lon=-99.531591 lat=45.940642 raw_within_radius=2 accepted_within_radius=0 excluded_within_radius=2 nearest_m=0.000 nearest_mtfcc=S1500 nearest_name=Some("102nd St SE") source_id=us-census-tiger-2025-roads-38051 source_feature_id=110244976607
candidate lon=-99.511069 lat=45.940513 raw_within_radius=2 accepted_within_radius=0 excluded_within_radius=2 nearest_m=0.000 nearest_mtfcc=S1500 nearest_name=Some("102nd St SE") source_id=us-census-tiger-2025-roads-38051 source_feature_id=110244976607
candidate lon=-99.508088 lat=45.940494 raw_within_radius=2 accepted_within_radius=0 excluded_within_radius=2 nearest_m=0.000 nearest_mtfcc=S1500 nearest_name=Some("102nd St SE") source_id=us-census-tiger-2025-roads-38051 source_feature_id=110244976607
candidate lon=-99.471589 lat=45.940373 raw_within_radius=2 accepted_within_radius=0 excluded_within_radius=2 nearest_m=0.000 nearest_mtfcc=S1500 nearest_name=Some("102nd St SE") source_id=us-census-tiger-2025-roads-38051 source_feature_id=110244976604
candidate lon=-99.469656 lat=45.940365 raw_within_radius=2 accepted_within_radius=0 excluded_within_radius=2 nearest_m=0.000 nearest_mtfcc=S1500 nearest_name=Some("102nd St SE") source_id=us-census-tiger-2025-roads-38051 source_feature_id=110244976604
candidate lon=-99.448716 lat=45.940287 raw_within_radius=2 accepted_within_radius=0 excluded_within_radius=2 nearest_m=0.000 nearest_mtfcc=S1500 nearest_name=Some("102nd St SE") source_id=us-census-tiger-2025-roads-38051 source_feature_id=110244976604
candidate lon=-99.407192 lat=45.940309 raw_within_radius=2 accepted_within_radius=0 excluded_within_radius=2 nearest_m=0.000 nearest_mtfcc=S1500 nearest_name=Some("102nd St SE") source_id=us-census-tiger-2025-roads-38051 source_feature_id=110244976604
candidate lon=-99.368507 lat=45.940260 raw_within_radius=2 accepted_within_radius=0 excluded_within_radius=2 nearest_m=0.000 nearest_mtfcc=S1500 nearest_name=Some("102nd St SE") source_id=us-census-tiger-2025-roads-38051 source_feature_id=110244976610
candidate lon=-99.366795 lat=45.940262 raw_within_radius=1 accepted_within_radius=0 excluded_within_radius=1 nearest_m=0.000 nearest_mtfcc=S1500 nearest_name=Some("102nd St SE") source_id=us-census-tiger-2025-roads-38051 source_feature_id=110244976609
candidate lon=-98.019707 lat=45.935918 raw_within_radius=3 accepted_within_radius=0 excluded_within_radius=3 nearest_m=0.000 nearest_mtfcc=S1500 nearest_name=Some("100th St SE") source_id=us-census-tiger-2025-roads-38021 source_feature_id=110421233328
candidate lon=-97.509529 lat=45.935125 raw_within_radius=2 accepted_within_radius=0 excluded_within_radius=2 nearest_m=13.626 nearest_mtfcc=S1500 nearest_name=Some("102nd St SE") source_id=us-census-tiger-2025-roads-38081 source_feature_id=1104470683844
