candidate_points=23 inspected_sources=5 inspected_rows=24591 radius_m=20
candidate lon=-104.048526 lat=48.737021 raw_within_radius=0 accepted_within_radius=0 excluded_within_radius=0 nearest_m=45.621 nearest_mtfcc=S1400 nearest_name=Some("156th Ave NW") source_id=us-census-tiger-2025-roads-38023 source_feature_id=1104474838000
candidate lon=-104.046167 lat=46.059400 raw_within_radius=0 accepted_within_radius=0 excluded_within_radius=0 nearest_m=2866.631 nearest_mtfcc=S1500 nearest_name=None source_id=us-census-tiger-2025-roads-38011 source_feature_id=110340793286
candidate lon=-104.045977 lat=46.874530 raw_within_radius=1 accepted_within_radius=0 excluded_within_radius=1 nearest_m=0.000 nearest_mtfcc=S1500 nearest_name=Some("171st Ave SW") source_id=us-census-tiger-2025-roads-38033 source_feature_id=11012813052671
candidate lon=-104.045965 lat=46.859928 raw_within_radius=1 accepted_within_radius=0 excluded_within_radius=1 nearest_m=0.000 nearest_mtfcc=S1500 nearest_name=Some("171st Ave SW") source_id=us-census-tiger-2025-roads-38033 source_feature_id=11012813052671
candidate lon=-104.045929 lat=46.889179 raw_within_radius=1 accepted_within_radius=0 excluded_within_radius=1 nearest_m=0.000 nearest_mtfcc=S1500 nearest_name=Some("171st Ave SW") source_id=us-census-tiger-2025-roads-38033 source_feature_id=1103672168997
candidate lon=-104.045921 lat=46.830789 raw_within_radius=1 accepted_within_radius=0 excluded_within_radius=1 nearest_m=0.000 nearest_mtfcc=S1500 nearest_name=Some("171st Ave SW") source_id=us-census-tiger-2025-roads-38033 source_feature_id=11012813052671
candidate lon=-104.045860 lat=46.903651 raw_within_radius=1 accepted_within_radius=0 excluded_within_radius=1 nearest_m=0.000 nearest_mtfcc=S1500 nearest_name=Some("171st Ave SW") source_id=us-census-tiger-2025-roads-38033 source_feature_id=1103672168998
candidate lon=-104.045815 lat=46.815689 raw_within_radius=1 accepted_within_radius=0 excluded_within_radius=1 nearest_m=0.000 nearest_mtfcc=S1500 nearest_name=Some("171st Ave SW") source_id=us-census-tiger-2025-roads-38033 source_feature_id=11012813052671
candidate lon=-104.045782 lat=46.120708 raw_within_radius=0 accepted_within_radius=0 excluded_within_radius=0 nearest_m=327.324 nearest_mtfcc=S1400 nearest_name=None source_id=us-census-tiger-2025-roads-38011 source_feature_id=11038622324075
candidate lon=-104.045669 lat=46.323197 raw_within_radius=0 accepted_within_radius=0 excluded_within_radius=0 nearest_m=55.168 nearest_mtfcc=S1400 nearest_name=None source_id=us-census-tiger-2025-roads-38087 source_feature_id=1102653909197
candidate lon=-104.045615 lat=46.947507 raw_within_radius=1 accepted_within_radius=0 excluded_within_radius=1 nearest_m=0.000 nearest_mtfcc=S1500 nearest_name=Some("171st Ave SW") source_id=us-census-tiger-2025-roads-38033 source_feature_id=11012813425465
candidate lon=-104.045595 lat=46.961933 raw_within_radius=1 accepted_within_radius=0 excluded_within_radius=1 nearest_m=0.000 nearest_mtfcc=S1500 nearest_name=Some("171st Ave SW") source_id=us-census-tiger-2025-roads-38033 source_feature_id=11012813425465
candidate lon=-104.045588 lat=46.772219 raw_within_radius=1 accepted_within_radius=0 excluded_within_radius=1 nearest_m=0.000 nearest_mtfcc=S1500 nearest_name=Some("171st Ave SW") source_id=us-census-tiger-2025-roads-38033 source_feature_id=11012813425466
candidate lon=-104.045535 lat=46.323233 raw_within_radius=0 accepted_within_radius=0 excluded_within_radius=0 nearest_m=50.205 nearest_mtfcc=S1400 nearest_name=None source_id=us-census-tiger-2025-roads-38087 source_feature_id=1102653909197
candidate lon=-104.045513 lat=46.728486 raw_within_radius=1 accepted_within_radius=0 excluded_within_radius=1 nearest_m=0.000 nearest_mtfcc=S1500 nearest_name=Some("171st Ave SW") source_id=us-census-tiger-2025-roads-38033 source_feature_id=11012813425466
candidate lon=-104.045487 lat=46.742865 raw_within_radius=1 accepted_within_radius=0 excluded_within_radius=1 nearest_m=0.000 nearest_mtfcc=S1500 nearest_name=Some("171st Ave SW") source_id=us-census-tiger-2025-roads-38033 source_feature_id=11012813425466
candidate lon=-104.045372 lat=46.992185 raw_within_radius=1 accepted_within_radius=0 excluded_within_radius=1 nearest_m=0.000 nearest_mtfcc=S1500 nearest_name=Some("171st Ave SW") source_id=us-census-tiger-2025-roads-38033 source_feature_id=11012813425465
candidate lon=-104.045253 lat=46.612618 raw_within_radius=1 accepted_within_radius=0 excluded_within_radius=1 nearest_m=0.000 nearest_mtfcc=S1740 nearest_name=None source_id=us-census-tiger-2025-roads-38033 source_feature_id=11063612479
candidate lon=-104.045090 lat=47.022084 raw_within_radius=1 accepted_within_radius=0 excluded_within_radius=1 nearest_m=0.000 nearest_mtfcc=S1500 nearest_name=Some("171st Ave SW") source_id=us-census-tiger-2025-roads-38033 source_feature_id=11012813425465
candidate lon=-104.045068 lat=47.025037 raw_within_radius=1 accepted_within_radius=0 excluded_within_radius=1 nearest_m=0.000 nearest_mtfcc=S1500 nearest_name=Some("171st Ave SW") source_id=us-census-tiger-2025-roads-38033 source_feature_id=11012813425465
candidate lon=-104.045001 lat=47.078625 raw_within_radius=2 accepted_within_radius=0 excluded_within_radius=2 nearest_m=0.000 nearest_mtfcc=S1500 nearest_name=Some("171st Ave SW") source_id=us-census-tiger-2025-roads-38033 source_feature_id=11091699766
candidate lon=-104.044868 lat=47.267042 raw_within_radius=0 accepted_within_radius=0 excluded_within_radius=0 nearest_m=124.941 nearest_mtfcc=S1400 nearest_name=Some("Cs Creek Rd") source_id=us-census-tiger-2025-roads-38033 source_feature_id=11012813052471
candidate lon=-104.042225 lat=47.890803 raw_within_radius=0 accepted_within_radius=0 excluded_within_radius=0 nearest_m=21.607 nearest_mtfcc=S1400 nearest_name=Some("33rd St NW") source_id=us-census-tiger-2025-roads-38053 source_feature_id=1106039345967
