candidate_points=51 inspected_sources=5 inspected_rows=8338 radius_m=20
candidate lon=-104.048901 lat=48.923624 raw_within_radius=1 accepted_within_radius=0 excluded_within_radius=1 nearest_m=0.000 nearest_mtfcc=S1500 nearest_name=None source_id=us-census-tiger-2025-roads-30091 source_feature_id=1103716671830
candidate lon=-104.048826 lat=48.950949 raw_within_radius=2 accepted_within_radius=0 excluded_within_radius=2 nearest_m=0.000 nearest_mtfcc=S1500 nearest_name=None source_id=us-census-tiger-2025-roads-30091 source_feature_id=1105577317960
candidate lon=-104.048820 lat=48.909629 raw_within_radius=1 accepted_within_radius=0 excluded_within_radius=1 nearest_m=0.000 nearest_mtfcc=S1500 nearest_name=None source_id=us-census-tiger-2025-roads-30091 source_feature_id=11088705781
candidate lon=-104.048166 lat=48.692126 raw_within_radius=0 accepted_within_radius=0 excluded_within_radius=0 nearest_m=1592.991 nearest_mtfcc=S1400 nearest_name=Some("156th Ave NW") source_id=us-census-tiger-2025-roads-30091 source_feature_id=1104474838000
candidate lon=-104.047553 lat=48.510384 raw_within_radius=0 accepted_within_radius=0 excluded_within_radius=0 nearest_m=860.510 nearest_mtfcc=S1400 nearest_name=Some("156th Ave NW") source_id=us-census-tiger-2025-roads-30091 source_feature_id=11088703094
candidate lon=-104.045972 lat=46.875857 raw_within_radius=1 accepted_within_radius=0 excluded_within_radius=1 nearest_m=0.000 nearest_mtfcc=S1500 nearest_name=Some("171st Ave SW") source_id=us-census-tiger-2025-roads-30109 source_feature_id=11012813052671
candidate lon=-104.045967 lat=46.861235 raw_within_radius=1 accepted_within_radius=0 excluded_within_radius=1 nearest_m=0.000 nearest_mtfcc=S1500 nearest_name=Some("171st Ave SW") source_id=us-census-tiger-2025-roads-30109 source_feature_id=11012813052671
candidate lon=-104.045924 lat=46.890144 raw_within_radius=1 accepted_within_radius=0 excluded_within_radius=1 nearest_m=0.000 nearest_mtfcc=S1500 nearest_name=Some("171st Ave SW") source_id=us-census-tiger-2025-roads-30109 source_feature_id=1103672168997
candidate lon=-104.045862 lat=48.256818 raw_within_radius=1 accepted_within_radius=0 excluded_within_radius=1 nearest_m=0.000 nearest_mtfcc=S1500 nearest_name=Some("156th Ave NW") source_id=us-census-tiger-2025-roads-30085 source_feature_id=11012813193197
candidate lon=-104.045830 lat=46.817882 raw_within_radius=1 accepted_within_radius=0 excluded_within_radius=1 nearest_m=0.000 nearest_mtfcc=S1500 nearest_name=Some("171st Ave SW") source_id=us-census-tiger-2025-roads-30109 source_feature_id=11012813052671
candidate lon=-104.045799 lat=46.912058 raw_within_radius=1 accepted_within_radius=0 excluded_within_radius=1 nearest_m=0.000 nearest_mtfcc=S1500 nearest_name=Some("171st Ave SW") source_id=us-census-tiger-2025-roads-30109 source_feature_id=1103672168998
candidate lon=-104.045797 lat=46.802539 raw_within_radius=1 accepted_within_radius=0 excluded_within_radius=1 nearest_m=0.000 nearest_mtfcc=S1500 nearest_name=Some("171st Ave SW") source_id=us-census-tiger-2025-roads-30109 source_feature_id=11012813052671
candidate lon=-104.045778 lat=48.241381 raw_within_radius=0 accepted_within_radius=0 excluded_within_radius=0 nearest_m=344.188 nearest_mtfcc=S1500 nearest_name=Some("156th Ave NW") source_id=us-census-tiger-2025-roads-30085 source_feature_id=11012813193198
candidate lon=-104.045772 lat=46.933982 raw_within_radius=1 accepted_within_radius=0 excluded_within_radius=1 nearest_m=0.000 nearest_mtfcc=S1500 nearest_name=Some("171st Ave SW") source_id=us-census-tiger-2025-roads-30109 source_feature_id=11012813052668
candidate lon=-104.045769 lat=46.934241 raw_within_radius=2 accepted_within_radius=0 excluded_within_radius=2 nearest_m=0.000 nearest_mtfcc=S1500 nearest_name=Some("171st Ave SW") source_id=us-census-tiger-2025-roads-30109 source_feature_id=11012813052668
candidate lon=-104.045724 lat=46.296229 raw_within_radius=0 accepted_within_radius=0 excluded_within_radius=0 nearest_m=801.082 nearest_mtfcc=S1740 nearest_name=None source_id=us-census-tiger-2025-roads-30025 source_feature_id=1105045543007
candidate lon=-104.045699 lat=46.789010 raw_within_radius=1 accepted_within_radius=0 excluded_within_radius=1 nearest_m=0.000 nearest_mtfcc=S1500 nearest_name=Some("171st Ave SW") source_id=us-census-tiger-2025-roads-30109 source_feature_id=11012813425466
candidate lon=-104.045654 lat=48.219291 raw_within_radius=0 accepted_within_radius=0 excluded_within_radius=0 nearest_m=1659.369 nearest_mtfcc=S1400 nearest_name=Some("Rd 2055") source_id=us-census-tiger-2025-roads-30085 source_feature_id=11085453674
candidate lon=-104.045605 lat=46.948277 raw_within_radius=1 accepted_within_radius=0 excluded_within_radius=1 nearest_m=0.000 nearest_mtfcc=S1500 nearest_name=Some("171st Ave SW") source_id=us-census-tiger-2025-roads-30109 source_feature_id=11012813425465
candidate lon=-104.045602 lat=46.951924 raw_within_radius=1 accepted_within_radius=0 excluded_within_radius=1 nearest_m=0.000 nearest_mtfcc=S1500 nearest_name=Some("171st Ave SW") source_id=us-census-tiger-2025-roads-30109 source_feature_id=11012813425465
candidate lon=-104.045600 lat=46.774199 raw_within_radius=1 accepted_within_radius=0 excluded_within_radius=1 nearest_m=0.000 nearest_mtfcc=S1500 nearest_name=Some("171st Ave SW") source_id=us-census-tiger-2025-roads-30109 source_feature_id=11012813425466
candidate lon=-104.045509 lat=46.729965 raw_within_radius=1 accepted_within_radius=0 excluded_within_radius=1 nearest_m=0.000 nearest_mtfcc=S1500 nearest_name=Some("171st Ave SW") source_id=us-census-tiger-2025-roads-30109 source_feature_id=11012813425466
candidate lon=-104.045503 lat=46.242537 raw_within_radius=0 accepted_within_radius=0 excluded_within_radius=0 nearest_m=2915.348 nearest_mtfcc=S1500 nearest_name=None source_id=us-census-tiger-2025-roads-30025 source_feature_id=1105321647836
candidate lon=-104.045496 lat=46.745522 raw_within_radius=1 accepted_within_radius=0 excluded_within_radius=1 nearest_m=0.000 nearest_mtfcc=S1500 nearest_name=Some("171st Ave SW") source_id=us-census-tiger-2025-roads-30109 source_feature_id=11012813425466
candidate lon=-104.045471 lat=46.266940 raw_within_radius=0 accepted_within_radius=0 excluded_within_radius=0 nearest_m=198.818 nearest_mtfcc=S1500 nearest_name=None source_id=us-census-tiger-2025-roads-30025 source_feature_id=1105321647836
candidate lon=-104.045382 lat=46.685859 raw_within_radius=0 accepted_within_radius=0 excluded_within_radius=0 nearest_m=2505.497 nearest_mtfcc=S1400 nearest_name=Some("171st Ave SW") source_id=us-census-tiger-2025-roads-30109 source_feature_id=11013782129200
candidate lon=-104.045381 lat=46.688105 raw_within_radius=0 accepted_within_radius=0 excluded_within_radius=0 nearest_m=2255.490 nearest_mtfcc=S1400 nearest_name=Some("171st Ave SW") source_id=us-census-tiger-2025-roads-30109 source_feature_id=11013782129200
candidate lon=-104.045366 lat=46.994303 raw_within_radius=1 accepted_within_radius=0 excluded_within_radius=1 nearest_m=0.000 nearest_mtfcc=S1500 nearest_name=Some("171st Ave SW") source_id=us-census-tiger-2025-roads-30109 source_feature_id=11012813425465
candidate lon=-104.045357 lat=47.005178 raw_within_radius=1 accepted_within_radius=0 excluded_within_radius=1 nearest_m=0.000 nearest_mtfcc=S1500 nearest_name=Some("171st Ave SW") source_id=us-census-tiger-2025-roads-30109 source_feature_id=11012813425465
candidate lon=-104.045304 lat=47.008736 raw_within_radius=1 accepted_within_radius=0 excluded_within_radius=1 nearest_m=0.000 nearest_mtfcc=S1500 nearest_name=Some("171st Ave SW") source_id=us-census-tiger-2025-roads-30109 source_feature_id=11012813425465
candidate lon=-104.045177 lat=47.016046 raw_within_radius=1 accepted_within_radius=0 excluded_within_radius=1 nearest_m=0.000 nearest_mtfcc=S1500 nearest_name=Some("171st Ave SW") source_id=us-census-tiger-2025-roads-30109 source_feature_id=11012813425465
candidate lon=-104.045083 lat=47.023254 raw_within_radius=1 accepted_within_radius=0 excluded_within_radius=1 nearest_m=0.000 nearest_mtfcc=S1500 nearest_name=Some("171st Ave SW") source_id=us-census-tiger-2025-roads-30109 source_feature_id=11012813425465
candidate lon=-104.045080 lat=47.053859 raw_within_radius=1 accepted_within_radius=0 excluded_within_radius=1 nearest_m=0.000 nearest_mtfcc=S1500 nearest_name=Some("171st Ave SW") source_id=us-census-tiger-2025-roads-30109 source_feature_id=11012813425465
candidate lon=-104.045062 lat=47.058204 raw_within_radius=1 accepted_within_radius=0 excluded_within_radius=1 nearest_m=0.000 nearest_mtfcc=S1500 nearest_name=Some("171st Ave SW") source_id=us-census-tiger-2025-roads-30109 source_feature_id=11063587156
candidate lon=-104.045042 lat=47.062910 raw_within_radius=1 accepted_within_radius=0 excluded_within_radius=1 nearest_m=0.000 nearest_mtfcc=S1500 nearest_name=Some("171st Ave SW") source_id=us-census-tiger-2025-roads-30109 source_feature_id=11063587156
candidate lon=-104.044994 lat=47.080994 raw_within_radius=2 accepted_within_radius=0 excluded_within_radius=2 nearest_m=0.000 nearest_mtfcc=S1500 nearest_name=Some("171st Ave SW") source_id=us-census-tiger-2025-roads-30109 source_feature_id=11091699766
candidate lon=-104.044914 lat=47.139365 raw_within_radius=0 accepted_within_radius=0 excluded_within_radius=0 nearest_m=879.913 nearest_mtfcc=S1500 nearest_name=None source_id=us-census-tiger-2025-roads-30109 source_feature_id=110502743198
candidate lon=-104.044908 lat=47.147491 raw_within_radius=1 accepted_within_radius=0 excluded_within_radius=1 nearest_m=0.000 nearest_mtfcc=S1500 nearest_name=None source_id=us-census-tiger-2025-roads-30109 source_feature_id=110502743198
candidate lon=-104.044859 lat=48.082348 raw_within_radius=0 accepted_within_radius=0 excluded_within_radius=0 nearest_m=562.634 nearest_mtfcc=S1500 nearest_name=None source_id=us-census-tiger-2025-roads-30085 source_feature_id=11085453395
candidate lon=-104.044818 lat=47.214044 raw_within_radius=0 accepted_within_radius=0 excluded_within_radius=0 nearest_m=450.288 nearest_mtfcc=S1400 nearest_name=None source_id=us-census-tiger-2025-roads-30109 source_feature_id=11012813052254
candidate lon=-104.044788 lat=47.236091 raw_within_radius=0 accepted_within_radius=0 excluded_within_radius=0 nearest_m=1125.286 nearest_mtfcc=S1740 nearest_name=None source_id=us-census-tiger-2025-roads-30109 source_feature_id=110502743257
candidate lon=-104.044347 lat=47.484799 raw_within_radius=0 accepted_within_radius=0 excluded_within_radius=0 nearest_m=293.914 nearest_mtfcc=S1500 nearest_name=None source_id=us-census-tiger-2025-roads-30083 source_feature_id=11052071994
candidate lon=-104.043824 lat=47.627913 raw_within_radius=0 accepted_within_radius=0 excluded_within_radius=0 nearest_m=1696.400 nearest_mtfcc=S1400 nearest_name=Some("State Hwy 202") source_id=us-census-tiger-2025-roads-30083 source_feature_id=1104258206783
candidate lon=-104.043691 lat=47.660563 raw_within_radius=0 accepted_within_radius=0 excluded_within_radius=0 nearest_m=851.040 nearest_mtfcc=S1400 nearest_name=None source_id=us-census-tiger-2025-roads-30083 source_feature_id=1104470396642
candidate lon=-104.043306 lat=47.747712 raw_within_radius=0 accepted_within_radius=0 excluded_within_radius=0 nearest_m=226.204 nearest_mtfcc=S1740 nearest_name=None source_id=us-census-tiger-2025-roads-30083 source_feature_id=1104470823236
candidate lon=-104.043245 lat=47.754449 raw_within_radius=0 accepted_within_radius=0 excluded_within_radius=0 nearest_m=936.583 nearest_mtfcc=S1400 nearest_name=Some("Co Rd 355") source_id=us-census-tiger-2025-roads-30083 source_feature_id=11052070006
candidate lon=-104.042812 lat=47.943598 raw_within_radius=0 accepted_within_radius=0 excluded_within_radius=0 nearest_m=86.219 nearest_mtfcc=S1400 nearest_name=None source_id=us-census-tiger-2025-roads-30083 source_feature_id=11013778632215
candidate lon=-104.042661 lat=47.794229 raw_within_radius=0 accepted_within_radius=0 excluded_within_radius=0 nearest_m=453.873 nearest_mtfcc=S1400 nearest_name=None source_id=us-census-tiger-2025-roads-30083 source_feature_id=1105327992343
candidate lon=-104.042432 lat=47.805358 raw_within_radius=0 accepted_within_radius=0 excluded_within_radius=0 nearest_m=349.188 nearest_mtfcc=S1400 nearest_name=Some("Co Rd 356") source_id=us-census-tiger-2025-roads-30083 source_feature_id=1106087399010
candidate lon=-104.042408 lat=47.808231 raw_within_radius=0 accepted_within_radius=0 excluded_within_radius=0 nearest_m=29.912 nearest_mtfcc=S1400 nearest_name=Some("Co Rd 356") source_id=us-census-tiger-2025-roads-30083 source_feature_id=1106087399010
candidate lon=-104.041937 lat=47.891129 raw_within_radius=0 accepted_within_radius=0 excluded_within_radius=0 nearest_m=20.575 nearest_mtfcc=S1400 nearest_name=Some("33rd St NW") source_id=us-census-tiger-2025-roads-30083 source_feature_id=1105327992198
