candidate_points=28 inspected_sources=5 inspected_rows=14732 radius_m=20
candidate lon=-104.056299 lat=44.830649 raw_within_radius=0 accepted_within_radius=0 excluded_within_radius=0 nearest_m=2102.395 nearest_mtfcc=S1200 nearest_name=Some("US Hwy 212") source_id=us-census-tiger-2025-roads-46019 source_feature_id=1107052118707
candidate lon=-104.056205 lat=44.799453 raw_within_radius=0 accepted_within_radius=0 excluded_within_radius=0 nearest_m=1045.685 nearest_mtfcc=S1200 nearest_name=Some("US Hwy 212") source_id=us-census-tiger-2025-roads-46019 source_feature_id=1107052118707
candidate lon=-104.055908 lat=44.510459 raw_within_radius=0 accepted_within_radius=0 excluded_within_radius=0 nearest_m=797.159 nearest_mtfcc=S1400 nearest_name=Some("Crow Peak Rd") source_id=us-census-tiger-2025-roads-46081 source_feature_id=1106087329572
candidate lon=-104.055799 lat=44.364893 raw_within_radius=0 accepted_within_radius=0 excluded_within_radius=0 nearest_m=33.233 nearest_mtfcc=S1400 nearest_name=Some("Beaver Creek Rd") source_id=us-census-tiger-2025-roads-46081 source_feature_id=110239679624
candidate lon=-104.055781 lat=44.450017 raw_within_radius=0 accepted_within_radius=0 excluded_within_radius=0 nearest_m=2769.928 nearest_mtfcc=S1400 nearest_name=Some("Bear Ridge Rd") source_id=us-census-tiger-2025-roads-46081 source_feature_id=1103566986217
candidate lon=-104.055705 lat=44.414246 raw_within_radius=0 accepted_within_radius=0 excluded_within_radius=0 nearest_m=2172.630 nearest_mtfcc=S1400 nearest_name=Some("Boundary Gulch Rd") source_id=us-census-tiger-2025-roads-46081 source_feature_id=110239679902
candidate lon=-104.055515 lat=44.312647 raw_within_radius=0 accepted_within_radius=0 excluded_within_radius=0 nearest_m=361.516 nearest_mtfcc=S1400 nearest_name=Some("Wagon Canyon Rd") source_id=us-census-tiger-2025-roads-46081 source_feature_id=110239679765
candidate lon=-104.055484 lat=44.297683 raw_within_radius=0 accepted_within_radius=0 excluded_within_radius=0 nearest_m=1297.541 nearest_mtfcc=S1400 nearest_name=Some("Wagon Canyon Rd") source_id=us-census-tiger-2025-roads-46081 source_feature_id=110239679765
candidate lon=-104.055474 lat=43.849202 raw_within_radius=0 accepted_within_radius=0 excluded_within_radius=0 nearest_m=205.506 nearest_mtfcc=S1400 nearest_name=Some("Roby Canyon Rd") source_id=us-census-tiger-2025-roads-46033 source_feature_id=1103672791284
candidate lon=-104.055465 lat=44.288394 raw_within_radius=0 accepted_within_radius=0 excluded_within_radius=0 nearest_m=1351.374 nearest_mtfcc=S1400 nearest_name=None source_id=us-census-tiger-2025-roads-46081 source_feature_id=110239680834
candidate lon=-104.055449 lat=44.280208 raw_within_radius=0 accepted_within_radius=0 excluded_within_radius=0 nearest_m=1762.886 nearest_mtfcc=S1400 nearest_name=None source_id=us-census-tiger-2025-roads-46081 source_feature_id=110239680834
candidate lon=-104.055404 lat=44.257458 raw_within_radius=0 accepted_within_radius=0 excluded_within_radius=0 nearest_m=86.616 nearest_mtfcc=S1400 nearest_name=Some("Rifle Pit Rd") source_id=us-census-tiger-2025-roads-46081 source_feature_id=110239678655
candidate lon=-104.055122 lat=43.740398 raw_within_radius=1 accepted_within_radius=0 excluded_within_radius=1 nearest_m=0.000 nearest_mtfcc=S1500 nearest_name=None source_id=us-census-tiger-2025-roads-46033 source_feature_id=110230099463
candidate lon=-104.055026 lat=43.935492 raw_within_radius=0 accepted_within_radius=0 excluded_within_radius=0 nearest_m=701.778 nearest_mtfcc=S1400 nearest_name=Some("Moon Rd") source_id=us-census-tiger-2025-roads-46103 source_feature_id=1103676462981
candidate lon=-104.054871 lat=44.056722 raw_within_radius=0 accepted_within_radius=0 excluded_within_radius=0 nearest_m=1079.480 nearest_mtfcc=S1400 nearest_name=Some("FS Rd 109.4G") source_id=us-census-tiger-2025-roads-46103 source_feature_id=1103663471698
candidate lon=-104.054849 lat=44.208200 raw_within_radius=0 accepted_within_radius=0 excluded_within_radius=0 nearest_m=198.789 nearest_mtfcc=S1400 nearest_name=Some("Co Rd 175") source_id=us-census-tiger-2025-roads-46081 source_feature_id=110239676112
candidate lon=-104.054821 lat=43.477040 raw_within_radius=1 accepted_within_radius=0 excluded_within_radius=1 nearest_m=0.000 nearest_mtfcc=S1500 nearest_name=None source_id=us-census-tiger-2025-roads-46047 source_feature_id=110240696700
candidate lon=-104.054700 lat=44.196742 raw_within_radius=0 accepted_within_radius=0 excluded_within_radius=0 nearest_m=727.343 nearest_mtfcc=S1400 nearest_name=Some("Moskee Rd") source_id=us-census-tiger-2025-roads-46081 source_feature_id=110239677690
candidate lon=-104.054527 lat=44.164929 raw_within_radius=0 accepted_within_radius=0 excluded_within_radius=0 nearest_m=721.574 nearest_mtfcc=S1400 nearest_name=Some("Co Rd 268") source_id=us-census-tiger-2025-roads-46081 source_feature_id=110239676193
candidate lon=-104.054427 lat=43.332473 raw_within_radius=0 accepted_within_radius=0 excluded_within_radius=0 nearest_m=557.491 nearest_mtfcc=S1400 nearest_name=None source_id=us-census-tiger-2025-roads-46047 source_feature_id=11015489527807
candidate lon=-104.053967 lat=43.245132 raw_within_radius=0 accepted_within_radius=0 excluded_within_radius=0 nearest_m=3493.634 nearest_mtfcc=S1400 nearest_name=Some("Co Hwy 8") source_id=us-census-tiger-2025-roads-46047 source_feature_id=110240690941
candidate lon=-104.053897 lat=43.223981 raw_within_radius=0 accepted_within_radius=0 excluded_within_radius=0 nearest_m=3001.524 nearest_mtfcc=S1740 nearest_name=None source_id=us-census-tiger-2025-roads-46047 source_feature_id=110240698643
candidate lon=-104.053890 lat=43.272687 raw_within_radius=0 accepted_within_radius=0 excluded_within_radius=0 nearest_m=1886.086 nearest_mtfcc=S1400 nearest_name=None source_id=us-census-tiger-2025-roads-46047 source_feature_id=1102528034406
candidate lon=-104.053875 lat=43.217262 raw_within_radius=0 accepted_within_radius=0 excluded_within_radius=0 nearest_m=2627.360 nearest_mtfcc=S1740 nearest_name=None source_id=us-census-tiger-2025-roads-46047 source_feature_id=110240698643
candidate lon=-104.053736 lat=43.191027 raw_within_radius=0 accepted_within_radius=0 excluded_within_radius=0 nearest_m=1902.571 nearest_mtfcc=S1500 nearest_name=None source_id=us-census-tiger-2025-roads-46047 source_feature_id=1104697095110
candidate lon=-104.053681 lat=43.177479 raw_within_radius=0 accepted_within_radius=0 excluded_within_radius=0 nearest_m=1012.533 nearest_mtfcc=S1500 nearest_name=None source_id=us-census-tiger-2025-roads-46047 source_feature_id=1104697095110
candidate lon=-104.053629 lat=43.164854 raw_within_radius=0 accepted_within_radius=0 excluded_within_radius=0 nearest_m=1061.138 nearest_mtfcc=S1500 nearest_name=None source_id=us-census-tiger-2025-roads-46047 source_feature_id=1104697095110
candidate lon=-104.053246 lat=43.083348 raw_within_radius=1 accepted_within_radius=0 excluded_within_radius=1 nearest_m=0.000 nearest_mtfcc=S1500 nearest_name=Some("FS Rd - Alkali") source_id=us-census-tiger-2025-roads-46047 source_feature_id=110240697622
