candidate_points=40 inspected_sources=3 inspected_rows=16346 radius_m=20
candidate lon=-104.053510 lat=41.155233 raw_within_radius=0 accepted_within_radius=0 excluded_within_radius=0 nearest_m=803.541 nearest_mtfcc=S1400 nearest_name=Some("Pine Bluffs South Rd") source_id=us-census-tiger-2025-roads-56021 source_feature_id=110323022897
candidate lon=-104.053493 lat=41.140760 raw_within_radius=0 accepted_within_radius=0 excluded_within_radius=0 nearest_m=62.339 nearest_mtfcc=S1400 nearest_name=None source_id=us-census-tiger-2025-roads-56021 source_feature_id=110323023784
candidate lon=-104.053489 lat=41.143025 raw_within_radius=0 accepted_within_radius=0 excluded_within_radius=0 nearest_m=48.565 nearest_mtfcc=S1400 nearest_name=None source_id=us-census-tiger-2025-roads-56021 source_feature_id=110323023784
candidate lon=-104.053294 lat=41.141203 raw_within_radius=0 accepted_within_radius=0 excluded_within_radius=0 nearest_m=21.231 nearest_mtfcc=S1400 nearest_name=None source_id=us-census-tiger-2025-roads-56021 source_feature_id=110323023784
candidate lon=-104.053249 lat=41.001406 raw_within_radius=1 accepted_within_radius=0 excluded_within_radius=1 nearest_m=0.000 nearest_mtfcc=S1500 nearest_name=Some("Co Rd 200") source_id=us-census-tiger-2025-roads-56021 source_feature_id=110323017727
candidate lon=-104.053169 lat=41.085658 raw_within_radius=1 accepted_within_radius=0 excluded_within_radius=1 nearest_m=0.000 nearest_mtfcc=S1500 nearest_name=None source_id=us-census-tiger-2025-roads-56021 source_feature_id=110323025676
candidate lon=-104.053126 lat=42.982867 raw_within_radius=1 accepted_within_radius=0 excluded_within_radius=1 nearest_m=0.000 nearest_mtfcc=S1740 nearest_name=None source_id=us-census-tiger-2025-roads-56027 source_feature_id=110323247890
candidate lon=-104.053101 lat=41.061547 raw_within_radius=0 accepted_within_radius=0 excluded_within_radius=0 nearest_m=794.499 nearest_mtfcc=S1400 nearest_name=None source_id=us-census-tiger-2025-roads-56021 source_feature_id=110323024511
candidate lon=-104.053048 lat=42.851265 raw_within_radius=0 accepted_within_radius=0 excluded_within_radius=0 nearest_m=1467.299 nearest_mtfcc=S1400 nearest_name=None source_id=us-census-tiger-2025-roads-56027 source_feature_id=110323243159
candidate lon=-104.053031 lat=42.841917 raw_within_radius=0 accepted_within_radius=0 excluded_within_radius=0 nearest_m=1143.394 nearest_mtfcc=S1400 nearest_name=None source_id=us-census-tiger-2025-roads-56027 source_feature_id=110323243159
candidate lon=-104.052982 lat=42.891204 raw_within_radius=0 accepted_within_radius=0 excluded_within_radius=0 nearest_m=475.223 nearest_mtfcc=S1400 nearest_name=None source_id=us-census-tiger-2025-roads-56027 source_feature_id=110323244836
candidate lon=-104.052979 lat=42.083278 raw_within_radius=0 accepted_within_radius=0 excluded_within_radius=0 nearest_m=64.215 nearest_mtfcc=S1400 nearest_name=None source_id=us-census-tiger-2025-roads-56015 source_feature_id=110516392670
candidate lon=-104.052977 lat=42.083807 raw_within_radius=0 accepted_within_radius=0 excluded_within_radius=0 nearest_m=123.087 nearest_mtfcc=S1400 nearest_name=None source_id=us-census-tiger-2025-roads-56015 source_feature_id=110516392670
candidate lon=-104.052973 lat=41.896709 raw_within_radius=1 accepted_within_radius=0 excluded_within_radius=1 nearest_m=6.679 nearest_mtfcc=S1500 nearest_name=None source_id=us-census-tiger-2025-roads-56015 source_feature_id=110516394962
candidate lon=-104.052973 lat=41.896769 raw_within_radius=1 accepted_within_radius=0 excluded_within_radius=1 nearest_m=0.000 nearest_mtfcc=S1500 nearest_name=None source_id=us-census-tiger-2025-roads-56015 source_feature_id=110516394962
candidate lon=-104.052902 lat=41.896759 raw_within_radius=1 accepted_within_radius=0 excluded_within_radius=1 nearest_m=5.987 nearest_mtfcc=S1500 nearest_name=None source_id=us-census-tiger-2025-roads-56015 source_feature_id=110516394962
candidate lon=-104.052902 lat=42.083282 raw_within_radius=0 accepted_within_radius=0 excluded_within_radius=0 nearest_m=65.013 nearest_mtfcc=S1400 nearest_name=None source_id=us-census-tiger-2025-roads-56015 source_feature_id=110516392670
candidate lon=-104.052875 lat=42.083815 raw_within_radius=0 accepted_within_radius=0 excluded_within_radius=0 nearest_m=124.325 nearest_mtfcc=S1400 nearest_name=None source_id=us-census-tiger-2025-roads-56015 source_feature_id=110516392670
candidate lon=-104.052853 lat=41.975990 raw_within_radius=1 accepted_within_radius=0 excluded_within_radius=1 nearest_m=0.000 nearest_mtfcc=S1740 nearest_name=None source_id=us-census-tiger-2025-roads-56015 source_feature_id=110516395410
candidate lon=-104.052848 lat=42.147214 raw_within_radius=0 accepted_within_radius=0 excluded_within_radius=0 nearest_m=29.390 nearest_mtfcc=S1400 nearest_name=None source_id=us-census-tiger-2025-roads-56015 source_feature_id=110516393273
candidate lon=-104.052817 lat=42.031159 raw_within_radius=1 accepted_within_radius=0 excluded_within_radius=1 nearest_m=0.000 nearest_mtfcc=S1500 nearest_name=None source_id=us-census-tiger-2025-roads-56015 source_feature_id=110516394867
candidate lon=-104.052805 lat=41.989275 raw_within_radius=0 accepted_within_radius=0 excluded_within_radius=0 nearest_m=387.250 nearest_mtfcc=S1400 nearest_name=Some("Co Rd 197") source_id=us-census-tiger-2025-roads-56015 source_feature_id=1103716737863
candidate lon=-104.052779 lat=41.984304 raw_within_radius=1 accepted_within_radius=0 excluded_within_radius=1 nearest_m=0.000 nearest_mtfcc=S1740 nearest_name=None source_id=us-census-tiger-2025-roads-56015 source_feature_id=110516395410
candidate lon=-104.052776 lat=41.983385 raw_within_radius=0 accepted_within_radius=0 excluded_within_radius=0 nearest_m=102.303 nearest_mtfcc=S1740 nearest_name=None source_id=us-census-tiger-2025-roads-56015 source_feature_id=110516395410
candidate lon=-104.052766 lat=41.980867 raw_within_radius=0 accepted_within_radius=0 excluded_within_radius=0 nearest_m=324.292 nearest_mtfcc=S1740 nearest_name=None source_id=us-census-tiger-2025-roads-56015 source_feature_id=110516395410
candidate lon=-104.052760 lat=41.977640 raw_within_radius=0 accepted_within_radius=0 excluded_within_radius=0 nearest_m=177.695 nearest_mtfcc=S1740 nearest_name=None source_id=us-census-tiger-2025-roads-56015 source_feature_id=110516395410
candidate lon=-104.052745 lat=42.099473 raw_within_radius=0 accepted_within_radius=0 excluded_within_radius=0 nearest_m=414.964 nearest_mtfcc=S1400 nearest_name=None source_id=us-census-tiger-2025-roads-56015 source_feature_id=1106253808996
candidate lon=-104.052725 lat=41.971999 raw_within_radius=0 accepted_within_radius=0 excluded_within_radius=0 nearest_m=46.696 nearest_mtfcc=S1400 nearest_name=Some("Rd 193 N") source_id=us-census-tiger-2025-roads-56015 source_feature_id=1106087691676
candidate lon=-104.052713 lat=41.906702 raw_within_radius=2 accepted_within_radius=0 excluded_within_radius=2 nearest_m=0.000 nearest_mtfcc=S1740 nearest_name=Some("Co Rd 1") source_id=us-census-tiger-2025-roads-56015 source_feature_id=110516388952
candidate lon=-104.052705 lat=41.971954 raw_within_radius=0 accepted_within_radius=0 excluded_within_radius=0 nearest_m=51.960 nearest_mtfcc=S1400 nearest_name=Some("Rd 193 N") source_id=us-census-tiger-2025-roads-56015 source_feature_id=1106087691676
candidate lon=-104.052700 lat=41.969127 raw_within_radius=0 accepted_within_radius=0 excluded_within_radius=0 nearest_m=359.679 nearest_mtfcc=S1400 nearest_name=Some("Rd 193 N") source_id=us-census-tiger-2025-roads-56015 source_feature_id=1106087691676
candidate lon=-104.052697 lat=42.101309 raw_within_radius=0 accepted_within_radius=0 excluded_within_radius=0 nearest_m=619.385 nearest_mtfcc=S1400 nearest_name=None source_id=us-census-tiger-2025-roads-56015 source_feature_id=1106253808996
candidate lon=-104.052646 lat=42.031173 raw_within_radius=1 accepted_within_radius=0 excluded_within_radius=1 nearest_m=14.225 nearest_mtfcc=S1500 nearest_name=None source_id=us-census-tiger-2025-roads-56015 source_feature_id=110516394867
candidate lon=-104.052612 lat=42.112201 raw_within_radius=0 accepted_within_radius=0 excluded_within_radius=0 nearest_m=285.541 nearest_mtfcc=S1400 nearest_name=None source_id=us-census-tiger-2025-roads-56015 source_feature_id=110516392694
candidate lon=-104.052570 lat=41.306650 raw_within_radius=0 accepted_within_radius=0 excluded_within_radius=0 nearest_m=757.595 nearest_mtfcc=S1740 nearest_name=None source_id=us-census-tiger-2025-roads-56021 source_feature_id=1103981341129
candidate lon=-104.052566 lat=42.165559 raw_within_radius=0 accepted_within_radius=0 excluded_within_radius=0 nearest_m=22.377 nearest_mtfcc=S1740 nearest_name=None source_id=us-census-tiger-2025-roads-56015 source_feature_id=110516395301
candidate lon=-104.052504 lat=41.346592 raw_within_radius=0 accepted_within_radius=0 excluded_within_radius=0 nearest_m=416.630 nearest_mtfcc=S1400 nearest_name=None source_id=us-census-tiger-2025-roads-56021 source_feature_id=110323023831
candidate lon=-104.052474 lat=42.165737 raw_within_radius=1 accepted_within_radius=0 excluded_within_radius=1 nearest_m=7.777 nearest_mtfcc=S1740 nearest_name=None source_id=us-census-tiger-2025-roads-56015 source_feature_id=110516395301
candidate lon=-104.052426 lat=42.113919 raw_within_radius=0 accepted_within_radius=0 excluded_within_radius=0 nearest_m=95.244 nearest_mtfcc=S1400 nearest_name=None source_id=us-census-tiger-2025-roads-56015 source_feature_id=110516392694
candidate lon=-104.052317 lat=42.115922 raw_within_radius=0 accepted_within_radius=0 excluded_within_radius=0 nearest_m=27.390 nearest_mtfcc=S1400 nearest_name=None source_id=us-census-tiger-2025-roads-56015 source_feature_id=110516392694
