candidate_points=28 inspected_sources=4 inspected_rows=50053 radius_m=20
candidate lon=-108.711066 lat=40.999953 raw_within_radius=0 accepted_within_radius=0 excluded_within_radius=0 nearest_m=40.850 nearest_mtfcc=S1400 nearest_name=Some("Hiawatha Rd") source_id=us-census-tiger-2025-roads-56037 source_feature_id=110690550208
candidate lon=-108.710597 lat=40.999961 raw_within_radius=0 accepted_within_radius=0 excluded_within_radius=0 nearest_m=78.574 nearest_mtfcc=S1400 nearest_name=Some("Hiawatha Rd") source_id=us-census-tiger-2025-roads-56037 source_feature_id=110690550208
candidate lon=-108.616007 lat=40.999962 raw_within_radius=0 accepted_within_radius=0 excluded_within_radius=0 nearest_m=81.018 nearest_mtfcc=S1400 nearest_name=None source_id=us-census-tiger-2025-roads-56037 source_feature_id=110690895416
candidate lon=-108.598454 lat=40.999803 raw_within_radius=0 accepted_within_radius=0 excluded_within_radius=0 nearest_m=28.442 nearest_mtfcc=S1400 nearest_name=None source_id=us-census-tiger-2025-roads-56037 source_feature_id=110690895398
candidate lon=-108.404105 lat=40.999946 raw_within_radius=0 accepted_within_radius=0 excluded_within_radius=0 nearest_m=26.733 nearest_mtfcc=S1400 nearest_name=None source_id=us-census-tiger-2025-roads-56037 source_feature_id=110690893564
candidate lon=-107.900799 lat=41.002000 raw_within_radius=1 accepted_within_radius=0 excluded_within_radius=1 nearest_m=0.000 nearest_mtfcc=S1740 nearest_name=None source_id=us-census-tiger-2025-roads-56007 source_feature_id=110516450493
candidate lon=-107.863262 lat=41.001933 raw_within_radius=1 accepted_within_radius=0 excluded_within_radius=1 nearest_m=0.000 nearest_mtfcc=S1740 nearest_name=None source_id=us-census-tiger-2025-roads-56007 source_feature_id=11016957645801
candidate lon=-107.791647 lat=41.001967 raw_within_radius=1 accepted_within_radius=0 excluded_within_radius=1 nearest_m=0.000 nearest_mtfcc=S1500 nearest_name=None source_id=us-census-tiger-2025-roads-56007 source_feature_id=110516446004
candidate lon=-107.526723 lat=41.002313 raw_within_radius=0 accepted_within_radius=0 excluded_within_radius=0 nearest_m=2186.472 nearest_mtfcc=S1400 nearest_name=None source_id=us-census-tiger-2025-roads-56007 source_feature_id=1102270100041
candidate lon=-107.241440 lat=41.002806 raw_within_radius=0 accepted_within_radius=0 excluded_within_radius=0 nearest_m=20.668 nearest_mtfcc=S1400 nearest_name=None source_id=us-census-tiger-2025-roads-56007 source_feature_id=110516441930
candidate lon=-107.232441 lat=41.002822 raw_within_radius=0 accepted_within_radius=0 excluded_within_radius=0 nearest_m=145.093 nearest_mtfcc=S1400 nearest_name=Some("Co Rd 710") source_id=us-census-tiger-2025-roads-56007 source_feature_id=11017106081754
candidate lon=-107.063055 lat=41.003303 raw_within_radius=0 accepted_within_radius=0 excluded_within_radius=0 nearest_m=953.513 nearest_mtfcc=S1400 nearest_name=None source_id=us-census-tiger-2025-roads-56007 source_feature_id=110516437341
candidate lon=-106.479013 lat=41.002139 raw_within_radius=1 accepted_within_radius=0 excluded_within_radius=1 nearest_m=0.000 nearest_mtfcc=S1500 nearest_name=None source_id=us-census-tiger-2025-roads-56007 source_feature_id=110516449671
candidate lon=-106.389557 lat=41.001100 raw_within_radius=1 accepted_within_radius=0 excluded_within_radius=1 nearest_m=0.000 nearest_mtfcc=S1500 nearest_name=None source_id=us-census-tiger-2025-roads-56007 source_feature_id=1102913845273
candidate lon=-106.358825 lat=41.000138 raw_within_radius=1 accepted_within_radius=0 excluded_within_radius=1 nearest_m=0.000 nearest_mtfcc=S1500 nearest_name=None source_id=us-census-tiger-2025-roads-56007 source_feature_id=110516448927
candidate lon=-106.084634 lat=40.997182 raw_within_radius=0 accepted_within_radius=0 excluded_within_radius=0 nearest_m=23.978 nearest_mtfcc=S1400 nearest_name=Some("Boswell Rd") source_id=us-census-tiger-2025-roads-56001 source_feature_id=110556726559
candidate lon=-106.044026 lat=40.997060 raw_within_radius=0 accepted_within_radius=0 excluded_within_radius=0 nearest_m=535.317 nearest_mtfcc=S1400 nearest_name=None source_id=us-census-tiger-2025-roads-56001 source_feature_id=110556777524
candidate lon=-105.951831 lat=40.997091 raw_within_radius=0 accepted_within_radius=0 excluded_within_radius=0 nearest_m=841.262 nearest_mtfcc=S1400 nearest_name=Some("Red Mountain Rd") source_id=us-census-tiger-2025-roads-56001 source_feature_id=1102213177871
candidate lon=-105.898835 lat=40.997088 raw_within_radius=0 accepted_within_radius=0 excluded_within_radius=0 nearest_m=2005.907 nearest_mtfcc=S1400 nearest_name=None source_id=us-census-tiger-2025-roads-56001 source_feature_id=110556775968
candidate lon=-105.613770 lat=40.997191 raw_within_radius=0 accepted_within_radius=0 excluded_within_radius=0 nearest_m=218.799 nearest_mtfcc=S1400 nearest_name=Some("Coffee Spring Rd") source_id=us-census-tiger-2025-roads-56001 source_feature_id=110556730383
candidate lon=-105.593623 lat=40.997241 raw_within_radius=0 accepted_within_radius=0 excluded_within_radius=0 nearest_m=325.690 nearest_mtfcc=S1400 nearest_name=None source_id=us-census-tiger-2025-roads-56001 source_feature_id=1102476817443
candidate lon=-105.210083 lat=40.998386 raw_within_radius=1 accepted_within_radius=0 excluded_within_radius=1 nearest_m=0.000 nearest_mtfcc=S1740 nearest_name=None source_id=us-census-tiger-2025-roads-56021 source_feature_id=110323026469
candidate lon=-105.173721 lat=40.998336 raw_within_radius=1 accepted_within_radius=0 excluded_within_radius=1 nearest_m=0.000 nearest_mtfcc=S1500 nearest_name=None source_id=us-census-tiger-2025-roads-56021 source_feature_id=110323025805
candidate lon=-105.164199 lat=40.998323 raw_within_radius=1 accepted_within_radius=0 excluded_within_radius=1 nearest_m=0.000 nearest_mtfcc=S1500 nearest_name=None source_id=us-census-tiger-2025-roads-56021 source_feature_id=110323025798
candidate lon=-105.136586 lat=40.998263 raw_within_radius=1 accepted_within_radius=0 excluded_within_radius=1 nearest_m=0.000 nearest_mtfcc=S1500 nearest_name=None source_id=us-census-tiger-2025-roads-56021 source_feature_id=110323025795
candidate lon=-105.129402 lat=40.998270 raw_within_radius=1 accepted_within_radius=0 excluded_within_radius=1 nearest_m=0.000 nearest_mtfcc=S1500 nearest_name=Some("N Co Rd 15") source_id=us-census-tiger-2025-roads-56021 source_feature_id=110323016640
candidate lon=-104.757151 lat=40.999982 raw_within_radius=0 accepted_within_radius=0 excluded_within_radius=0 nearest_m=1333.152 nearest_mtfcc=S1200 nearest_name=Some("US Hwy 85") source_id=us-census-tiger-2025-roads-56021 source_feature_id=1104259377866
candidate lon=-104.053249 lat=41.001406 raw_within_radius=1 accepted_within_radius=0 excluded_within_radius=1 nearest_m=0.000 nearest_mtfcc=S1500 nearest_name=Some("Co Rd 200") source_id=us-census-tiger-2025-roads-56021 source_feature_id=110323017727
