candidate_points=46 inspected_sources=5 inspected_rows=41628 radius_m=20
candidate lon=-109.031339 lat=41.000510 raw_within_radius=0 accepted_within_radius=0 excluded_within_radius=0 nearest_m=1489.685 nearest_mtfcc=S1400 nearest_name=None source_id=us-census-tiger-2025-roads-08081 source_feature_id=1104471681056
candidate lon=-108.919387 lat=41.000234 raw_within_radius=0 accepted_within_radius=0 excluded_within_radius=0 nearest_m=2127.940 nearest_mtfcc=S1500 nearest_name=None source_id=us-census-tiger-2025-roads-08081 source_feature_id=1102868861409
candidate lon=-108.911330 lat=41.000201 raw_within_radius=0 accepted_within_radius=0 excluded_within_radius=0 nearest_m=2258.577 nearest_mtfcc=S1500 nearest_name=None source_id=us-census-tiger-2025-roads-08081 source_feature_id=1102868861409
candidate lon=-108.859513 lat=41.000127 raw_within_radius=1 accepted_within_radius=0 excluded_within_radius=1 nearest_m=0.000 nearest_mtfcc=S1500 nearest_name=None source_id=us-census-tiger-2025-roads-08081 source_feature_id=1102868861407
candidate lon=-108.740026 lat=41.000069 raw_within_radius=0 accepted_within_radius=0 excluded_within_radius=0 nearest_m=1990.039 nearest_mtfcc=S1500 nearest_name=None source_id=us-census-tiger-2025-roads-08081 source_feature_id=110415315244
candidate lon=-108.718567 lat=41.000086 raw_within_radius=0 accepted_within_radius=0 excluded_within_radius=0 nearest_m=592.382 nearest_mtfcc=S1400 nearest_name=None source_id=us-census-tiger-2025-roads-08081 source_feature_id=110415311949
candidate lon=-108.701757 lat=41.000100 raw_within_radius=1 accepted_within_radius=0 excluded_within_radius=1 nearest_m=0.000 nearest_mtfcc=S1500 nearest_name=None source_id=us-census-tiger-2025-roads-08081 source_feature_id=110415315513
candidate lon=-108.684662 lat=41.000113 raw_within_radius=0 accepted_within_radius=0 excluded_within_radius=0 nearest_m=349.273 nearest_mtfcc=S1400 nearest_name=None source_id=us-census-tiger-2025-roads-08081 source_feature_id=110415311957
candidate lon=-108.677725 lat=41.000119 raw_within_radius=0 accepted_within_radius=0 excluded_within_radius=0 nearest_m=200.062 nearest_mtfcc=S1400 nearest_name=None source_id=us-census-tiger-2025-roads-08081 source_feature_id=110415311957
candidate lon=-108.653165 lat=41.000139 raw_within_radius=1 accepted_within_radius=0 excluded_within_radius=1 nearest_m=0.000 nearest_mtfcc=S1500 nearest_name=None source_id=us-census-tiger-2025-roads-08081 source_feature_id=110415315516
candidate lon=-108.596669 lat=40.999962 raw_within_radius=0 accepted_within_radius=0 excluded_within_radius=0 nearest_m=127.701 nearest_mtfcc=S1400 nearest_name=None source_id=us-census-tiger-2025-roads-08081 source_feature_id=110415311897
candidate lon=-108.571465 lat=40.999962 raw_within_radius=0 accepted_within_radius=0 excluded_within_radius=0 nearest_m=1184.153 nearest_mtfcc=S1400 nearest_name=None source_id=us-census-tiger-2025-roads-08081 source_feature_id=1102868861438
candidate lon=-108.567178 lat=40.999962 raw_within_radius=0 accepted_within_radius=0 excluded_within_radius=0 nearest_m=1486.500 nearest_mtfcc=S1400 nearest_name=None source_id=us-census-tiger-2025-roads-08081 source_feature_id=1102868861438
candidate lon=-108.557658 lat=40.999622 raw_within_radius=0 accepted_within_radius=0 excluded_within_radius=0 nearest_m=1870.393 nearest_mtfcc=S1400 nearest_name=None source_id=us-census-tiger-2025-roads-08081 source_feature_id=110415313476
candidate lon=-108.475251 lat=41.000093 raw_within_radius=0 accepted_within_radius=0 excluded_within_radius=0 nearest_m=954.850 nearest_mtfcc=S1400 nearest_name=None source_id=us-census-tiger-2025-roads-08081 source_feature_id=1102962158171
candidate lon=-108.462740 lat=41.000083 raw_within_radius=0 accepted_within_radius=0 excluded_within_radius=0 nearest_m=115.445 nearest_mtfcc=S1400 nearest_name=None source_id=us-census-tiger-2025-roads-08081 source_feature_id=110415312334
candidate lon=-108.404400 lat=41.000036 raw_within_radius=0 accepted_within_radius=0 excluded_within_radius=0 nearest_m=26.732 nearest_mtfcc=S1400 nearest_name=Some("Co Rd 68") source_id=us-census-tiger-2025-roads-08081 source_feature_id=1102270186795
candidate lon=-108.388203 lat=41.000023 raw_within_radius=0 accepted_within_radius=0 excluded_within_radius=0 nearest_m=119.871 nearest_mtfcc=S1400 nearest_name=None source_id=us-census-tiger-2025-roads-08081 source_feature_id=110415312339
candidate lon=-108.326205 lat=41.000052 raw_within_radius=0 accepted_within_radius=0 excluded_within_radius=0 nearest_m=339.431 nearest_mtfcc=S1400 nearest_name=None source_id=us-census-tiger-2025-roads-08081 source_feature_id=1102962158178
candidate lon=-108.249720 lat=41.000362 raw_within_radius=0 accepted_within_radius=0 excluded_within_radius=0 nearest_m=721.634 nearest_mtfcc=S1400 nearest_name=None source_id=us-census-tiger-2025-roads-08081 source_feature_id=11019653478643
candidate lon=-108.018354 lat=41.002002 raw_within_radius=0 accepted_within_radius=0 excluded_within_radius=0 nearest_m=2057.459 nearest_mtfcc=S1400 nearest_name=Some("Co Rd 21N") source_id=us-census-tiger-2025-roads-08081 source_feature_id=110415275699
candidate lon=-107.946883 lat=41.002165 raw_within_radius=0 accepted_within_radius=0 excluded_within_radius=0 nearest_m=2104.400 nearest_mtfcc=S1400 nearest_name=Some("Co Rd 4") source_id=us-census-tiger-2025-roads-08081 source_feature_id=11012812000525
candidate lon=-107.918424 lat=41.002050 raw_within_radius=0 accepted_within_radius=0 excluded_within_radius=0 nearest_m=1215.686 nearest_mtfcc=S1400 nearest_name=Some("Co Rd 4") source_id=us-census-tiger-2025-roads-08081 source_feature_id=11012812000525
candidate lon=-107.916159 lat=41.002049 raw_within_radius=0 accepted_within_radius=0 excluded_within_radius=0 nearest_m=1088.975 nearest_mtfcc=S1400 nearest_name=Some("Co Rd 4") source_id=us-census-tiger-2025-roads-08081 source_feature_id=11012812000525
candidate lon=-107.706884 lat=41.002173 raw_within_radius=0 accepted_within_radius=0 excluded_within_radius=0 nearest_m=373.047 nearest_mtfcc=S1400 nearest_name=None source_id=us-census-tiger-2025-roads-08081 source_feature_id=1102212434333
candidate lon=-107.660872 lat=41.002132 raw_within_radius=0 accepted_within_radius=0 excluded_within_radius=0 nearest_m=482.196 nearest_mtfcc=S1400 nearest_name=Some("Co Rd 2n") source_id=us-census-tiger-2025-roads-08081 source_feature_id=110415275278
candidate lon=-107.573624 lat=41.002251 raw_within_radius=0 accepted_within_radius=0 excluded_within_radius=0 nearest_m=1096.876 nearest_mtfcc=S1400 nearest_name=Some("Co Rd 2") source_id=us-census-tiger-2025-roads-08081 source_feature_id=110415275069
candidate lon=-107.387320 lat=41.003023 raw_within_radius=0 accepted_within_radius=0 excluded_within_radius=0 nearest_m=94.765 nearest_mtfcc=S1200 nearest_name=Some("State Hwy 70") source_id=us-census-tiger-2025-roads-08081 source_feature_id=1104473578847
candidate lon=-107.269490 lat=41.003010 raw_within_radius=0 accepted_within_radius=0 excluded_within_radius=0 nearest_m=460.312 nearest_mtfcc=S1400 nearest_name=Some("Co Rd 129") source_id=us-census-tiger-2025-roads-08107 source_feature_id=110448387944
candidate lon=-107.241194 lat=41.002804 raw_within_radius=0 accepted_within_radius=0 excluded_within_radius=0 nearest_m=20.668 nearest_mtfcc=S1400 nearest_name=None source_id=us-census-tiger-2025-roads-08107 source_feature_id=1102167083565
candidate lon=-107.206798 lat=41.002898 raw_within_radius=0 accepted_within_radius=0 excluded_within_radius=0 nearest_m=114.552 nearest_mtfcc=S1400 nearest_name=Some("Rcr 129") source_id=us-census-tiger-2025-roads-08107 source_feature_id=1105598228332
candidate lon=-107.145206 lat=41.003011 raw_within_radius=0 accepted_within_radius=0 excluded_within_radius=0 nearest_m=336.715 nearest_mtfcc=S1400 nearest_name=None source_id=us-census-tiger-2025-roads-08107 source_feature_id=110448391109
candidate lon=-107.106850 lat=41.003111 raw_within_radius=0 accepted_within_radius=0 excluded_within_radius=0 nearest_m=141.137 nearest_mtfcc=S1400 nearest_name=None source_id=us-census-tiger-2025-roads-08107 source_feature_id=1102912705569
candidate lon=-106.794197 lat=41.002680 raw_within_radius=1 accepted_within_radius=0 excluded_within_radius=1 nearest_m=19.541 nearest_mtfcc=S1740 nearest_name=None source_id=us-census-tiger-2025-roads-08057 source_feature_id=110453391626
candidate lon=-106.386356 lat=41.001144 raw_within_radius=1 accepted_within_radius=0 excluded_within_radius=1 nearest_m=0.000 nearest_mtfcc=S1500 nearest_name=None source_id=us-census-tiger-2025-roads-08057 source_feature_id=1102913845273
candidate lon=-106.080837 lat=40.997241 raw_within_radius=0 accepted_within_radius=0 excluded_within_radius=0 nearest_m=48.300 nearest_mtfcc=S1400 nearest_name=Some("Boswell Rd") source_id=us-census-tiger-2025-roads-08069 source_feature_id=110435813101
candidate lon=-105.766011 lat=40.996919 raw_within_radius=1 accepted_within_radius=0 excluded_within_radius=1 nearest_m=0.000 nearest_mtfcc=S1500 nearest_name=Some("Camel Rock Rd") source_id=us-census-tiger-2025-roads-08069 source_feature_id=110435829842
candidate lon=-105.724585 lat=40.997058 raw_within_radius=0 accepted_within_radius=0 excluded_within_radius=0 nearest_m=28.437 nearest_mtfcc=S1400 nearest_name=None source_id=us-census-tiger-2025-roads-08069 source_feature_id=110436243006
candidate lon=-105.449585 lat=40.997685 raw_within_radius=0 accepted_within_radius=0 excluded_within_radius=0 nearest_m=874.881 nearest_mtfcc=S1400 nearest_name=Some("Weaver Ranch Rd") source_id=us-census-tiger-2025-roads-08069 source_feature_id=110435866234
candidate lon=-105.449058 lat=40.997771 raw_within_radius=0 accepted_within_radius=0 excluded_within_radius=0 nearest_m=845.864 nearest_mtfcc=S1400 nearest_name=Some("Weaver Ranch Rd") source_id=us-census-tiger-2025-roads-08069 source_feature_id=110435866234
candidate lon=-105.435250 lat=40.997748 raw_within_radius=0 accepted_within_radius=0 excluded_within_radius=0 nearest_m=689.338 nearest_mtfcc=S1400 nearest_name=Some("Weaver Ranch Rd") source_id=us-census-tiger-2025-roads-08069 source_feature_id=110435866234
candidate lon=-104.940321 lat=40.998212 raw_within_radius=0 accepted_within_radius=0 excluded_within_radius=0 nearest_m=2685.067 nearest_mtfcc=S1100 nearest_name=Some("I- 25") source_id=us-census-tiger-2025-roads-08123 source_feature_id=1103944830959
candidate lon=-104.938393 lat=40.998210 raw_within_radius=0 accepted_within_radius=0 excluded_within_radius=0 nearest_m=2533.676 nearest_mtfcc=S1100 nearest_name=Some("I- 25") source_id=us-census-tiger-2025-roads-08123 source_feature_id=1103944830959
candidate lon=-104.664347 lat=41.001065 raw_within_radius=0 accepted_within_radius=0 excluded_within_radius=0 nearest_m=3105.316 nearest_mtfcc=S1400 nearest_name=Some("Co Rd 39") source_id=us-census-tiger-2025-roads-08123 source_feature_id=110417627165
candidate lon=-104.419602 lat=41.001455 raw_within_radius=1 accepted_within_radius=0 excluded_within_radius=1 nearest_m=0.000 nearest_mtfcc=S1500 nearest_name=None source_id=us-census-tiger-2025-roads-08123 source_feature_id=110417653807
candidate lon=-104.181665 lat=41.001741 raw_within_radius=1 accepted_within_radius=0 excluded_within_radius=1 nearest_m=0.000 nearest_mtfcc=S1500 nearest_name=Some("Co Rd 93") source_id=us-census-tiger-2025-roads-08123 source_feature_id=110417628066
