candidate_points=33 inspected_sources=5 inspected_rows=40666 radius_m=20
candidate lon=-110.001507 lat=45.003396 raw_within_radius=0 accepted_within_radius=0 excluded_within_radius=0 nearest_m=3599.446 nearest_mtfcc=S1200 nearest_name=Some("Us-212") source_id=us-census-tiger-2025-roads-56029 source_feature_id=11019653493170
candidate lon=-109.988277 lat=45.003355 raw_within_radius=0 accepted_within_radius=0 excluded_within_radius=0 nearest_m=4640.794 nearest_mtfcc=S1200 nearest_name=Some("Us-212") source_id=us-census-tiger-2025-roads-56029 source_feature_id=11019653493170
candidate lon=-109.250204 lat=45.005451 raw_within_radius=0 accepted_within_radius=0 excluded_within_radius=0 nearest_m=1022.661 nearest_mtfcc=S1400 nearest_name=None source_id=us-census-tiger-2025-roads-56029 source_feature_id=1105321512969
candidate lon=-109.062590 lat=44.999600 raw_within_radius=0 accepted_within_radius=0 excluded_within_radius=0 nearest_m=25.299 nearest_mtfcc=S1400 nearest_name=Some("Chance Rd") source_id=us-census-tiger-2025-roads-56029 source_feature_id=1105321471193
candidate lon=-108.187561 lat=45.000412 raw_within_radius=0 accepted_within_radius=0 excluded_within_radius=0 nearest_m=153.493 nearest_mtfcc=S1400 nearest_name=None source_id=us-census-tiger-2025-roads-56003 source_feature_id=1105321512774
candidate lon=-108.168436 lat=45.000411 raw_within_radius=0 accepted_within_radius=0 excluded_within_radius=0 nearest_m=260.122 nearest_mtfcc=S1400 nearest_name=None source_id=us-census-tiger-2025-roads-56003 source_feature_id=1105321512777
candidate lon=-106.888457 lat=44.995965 raw_within_radius=0 accepted_within_radius=0 excluded_within_radius=0 nearest_m=30.859 nearest_mtfcc=S1400 nearest_name=None source_id=us-census-tiger-2025-roads-56033 source_feature_id=1105330042137
candidate lon=-106.838611 lat=44.995884 raw_within_radius=1 accepted_within_radius=0 excluded_within_radius=1 nearest_m=19.803 nearest_mtfcc=S1500 nearest_name=None source_id=us-census-tiger-2025-roads-56033 source_feature_id=110359528063
candidate lon=-106.838402 lat=44.995785 raw_within_radius=1 accepted_within_radius=0 excluded_within_radius=1 nearest_m=0.000 nearest_mtfcc=S1500 nearest_name=None source_id=us-census-tiger-2025-roads-56033 source_feature_id=110359528063
candidate lon=-106.834670 lat=44.995773 raw_within_radius=1 accepted_within_radius=0 excluded_within_radius=1 nearest_m=0.000 nearest_mtfcc=S1500 nearest_name=None source_id=us-census-tiger-2025-roads-56033 source_feature_id=110359528063
candidate lon=-106.833043 lat=44.995767 raw_within_radius=1 accepted_within_radius=0 excluded_within_radius=1 nearest_m=0.000 nearest_mtfcc=S1500 nearest_name=None source_id=us-census-tiger-2025-roads-56033 source_feature_id=110359528061
candidate lon=-106.830995 lat=44.995759 raw_within_radius=3 accepted_within_radius=0 excluded_within_radius=3 nearest_m=0.000 nearest_mtfcc=S1500 nearest_name=None source_id=us-census-tiger-2025-roads-56033 source_feature_id=110359528060
candidate lon=-106.824504 lat=44.995736 raw_within_radius=1 accepted_within_radius=0 excluded_within_radius=1 nearest_m=0.000 nearest_mtfcc=S1500 nearest_name=None source_id=us-census-tiger-2025-roads-56033 source_feature_id=110359528059
candidate lon=-106.810188 lat=44.995683 raw_within_radius=1 accepted_within_radius=0 excluded_within_radius=1 nearest_m=0.000 nearest_mtfcc=S1740 nearest_name=None source_id=us-census-tiger-2025-roads-56033 source_feature_id=110359528655
candidate lon=-106.650622 lat=44.995068 raw_within_radius=1 accepted_within_radius=0 excluded_within_radius=1 nearest_m=0.000 nearest_mtfcc=S1500 nearest_name=None source_id=us-census-tiger-2025-roads-56033 source_feature_id=110359528313
candidate lon=-106.606090 lat=44.994875 raw_within_radius=1 accepted_within_radius=0 excluded_within_radius=1 nearest_m=0.000 nearest_mtfcc=S1500 nearest_name=None source_id=us-census-tiger-2025-roads-56033 source_feature_id=110359527982
candidate lon=-106.595249 lat=44.994845 raw_within_radius=1 accepted_within_radius=0 excluded_within_radius=1 nearest_m=0.000 nearest_mtfcc=S1500 nearest_name=None source_id=us-census-tiger-2025-roads-56033 source_feature_id=110359527984
candidate lon=-106.594132 lat=44.994842 raw_within_radius=1 accepted_within_radius=0 excluded_within_radius=1 nearest_m=0.000 nearest_mtfcc=S1500 nearest_name=None source_id=us-census-tiger-2025-roads-56033 source_feature_id=110359527985
candidate lon=-106.566169 lat=44.994802 raw_within_radius=1 accepted_within_radius=0 excluded_within_radius=1 nearest_m=0.000 nearest_mtfcc=S1500 nearest_name=None source_id=us-census-tiger-2025-roads-56033 source_feature_id=110359527952
candidate lon=-106.433088 lat=44.994357 raw_within_radius=0 accepted_within_radius=0 excluded_within_radius=0 nearest_m=34.137 nearest_mtfcc=S1400 nearest_name=None source_id=us-census-tiger-2025-roads-56033 source_feature_id=1105321471647
candidate lon=-106.431928 lat=44.994352 raw_within_radius=1 accepted_within_radius=0 excluded_within_radius=1 nearest_m=17.041 nearest_mtfcc=S1740 nearest_name=None source_id=us-census-tiger-2025-roads-56033 source_feature_id=1105321471206
candidate lon=-106.419618 lat=44.994319 raw_within_radius=1 accepted_within_radius=0 excluded_within_radius=1 nearest_m=0.000 nearest_mtfcc=S1740 nearest_name=Some("Hanging Woman Rd") source_id=us-census-tiger-2025-roads-56033 source_feature_id=110359523076
candidate lon=-106.361669 lat=44.994171 raw_within_radius=1 accepted_within_radius=0 excluded_within_radius=1 nearest_m=0.000 nearest_mtfcc=S1740 nearest_name=None source_id=us-census-tiger-2025-roads-56033 source_feature_id=110359528766
candidate lon=-106.097831 lat=44.993409 raw_within_radius=1 accepted_within_radius=0 excluded_within_radius=1 nearest_m=0.000 nearest_mtfcc=S1500 nearest_name=None source_id=us-census-tiger-2025-roads-56033 source_feature_id=110359528124
candidate lon=-106.047459 lat=44.993495 raw_within_radius=1 accepted_within_radius=0 excluded_within_radius=1 nearest_m=0.000 nearest_mtfcc=S1500 nearest_name=None source_id=us-census-tiger-2025-roads-56033 source_feature_id=110359528123
candidate lon=-105.895067 lat=45.000242 raw_within_radius=0 accepted_within_radius=0 excluded_within_radius=0 nearest_m=377.406 nearest_mtfcc=S1400 nearest_name=Some("Big Powder River Cut Across Rd") source_id=us-census-tiger-2025-roads-56005 source_feature_id=1105336717994
candidate lon=-105.752059 lat=45.000418 raw_within_radius=1 accepted_within_radius=0 excluded_within_radius=1 nearest_m=0.000 nearest_mtfcc=S1500 nearest_name=None source_id=us-census-tiger-2025-roads-56005 source_feature_id=110273026483
candidate lon=-105.456463 lat=45.000219 raw_within_radius=1 accepted_within_radius=0 excluded_within_radius=1 nearest_m=0.000 nearest_mtfcc=S1740 nearest_name=None source_id=us-census-tiger-2025-roads-56005 source_feature_id=110273027443
candidate lon=-105.143112 lat=45.000129 raw_within_radius=1 accepted_within_radius=0 excluded_within_radius=1 nearest_m=0.000 nearest_mtfcc=S1740 nearest_name=None source_id=us-census-tiger-2025-roads-56005 source_feature_id=110273027425
candidate lon=-105.122813 lat=45.000115 raw_within_radius=1 accepted_within_radius=0 excluded_within_radius=1 nearest_m=0.000 nearest_mtfcc=S1740 nearest_name=None source_id=us-census-tiger-2025-roads-56005 source_feature_id=110273027506
candidate lon=-105.024950 lat=45.000160 raw_within_radius=0 accepted_within_radius=0 excluded_within_radius=0 nearest_m=45.395 nearest_mtfcc=S1400 nearest_name=Some("Co Rd 145") source_id=us-census-tiger-2025-roads-56011 source_feature_id=1105321579049
candidate lon=-105.019285 lat=45.000150 raw_within_radius=0 accepted_within_radius=0 excluded_within_radius=0 nearest_m=490.965 nearest_mtfcc=S1400 nearest_name=Some("Co Rd 145") source_id=us-census-tiger-2025-roads-56011 source_feature_id=1105321579049
candidate lon=-104.592128 lat=44.998813 raw_within_radius=0 accepted_within_radius=0 excluded_within_radius=0 nearest_m=26.748 nearest_mtfcc=S1400 nearest_name=Some("Co Rd 200") source_id=us-census-tiger-2025-roads-56011 source_feature_id=1105321579085
