candidate_points=48 inspected_sources=5 inspected_rows=26995 radius_m=20
candidate lon=-111.053571 lat=44.679100 raw_within_radius=0 accepted_within_radius=0 excluded_within_radius=0 nearest_m=1698.023 nearest_mtfcc=S1400 nearest_name=Some("Barns Hole Rd") source_id=us-census-tiger-2025-roads-30031 source_feature_id=11035779457844
candidate lon=-109.514487 lat=45.003577 raw_within_radius=0 accepted_within_radius=0 excluded_within_radius=0 nearest_m=3460.002 nearest_mtfcc=S1400 nearest_name=Some("Forest Rte 421") source_id=us-census-tiger-2025-roads-30009 source_feature_id=110254137292
candidate lon=-109.134428 lat=45.005781 raw_within_radius=1 accepted_within_radius=0 excluded_within_radius=1 nearest_m=0.000 nearest_mtfcc=S1500 nearest_name=None source_id=us-census-tiger-2025-roads-30009 source_feature_id=110254168083
candidate lon=-109.089891 lat=45.001661 raw_within_radius=1 accepted_within_radius=0 excluded_within_radius=1 nearest_m=0.000 nearest_mtfcc=S1500 nearest_name=None source_id=us-census-tiger-2025-roads-30009 source_feature_id=11034687809340
candidate lon=-108.899243 lat=44.999893 raw_within_radius=0 accepted_within_radius=0 excluded_within_radius=0 nearest_m=101.464 nearest_mtfcc=S1400 nearest_name=None source_id=us-census-tiger-2025-roads-30009 source_feature_id=1102216018344
candidate lon=-108.895734 lat=44.999896 raw_within_radius=0 accepted_within_radius=0 excluded_within_radius=0 nearest_m=377.675 nearest_mtfcc=S1400 nearest_name=None source_id=us-census-tiger-2025-roads-30009 source_feature_id=1102216018344
candidate lon=-108.877526 lat=44.999919 raw_within_radius=0 accepted_within_radius=0 excluded_within_radius=0 nearest_m=359.885 nearest_mtfcc=S1400 nearest_name=None source_id=us-census-tiger-2025-roads-30009 source_feature_id=110254167570
candidate lon=-108.841542 lat=44.999949 raw_within_radius=0 accepted_within_radius=0 excluded_within_radius=0 nearest_m=86.701 nearest_mtfcc=S1400 nearest_name=Some("Long Draw Rd") source_id=us-census-tiger-2025-roads-30009 source_feature_id=110254160591
candidate lon=-108.831588 lat=45.000009 raw_within_radius=0 accepted_within_radius=0 excluded_within_radius=0 nearest_m=870.116 nearest_mtfcc=S1400 nearest_name=Some("Long Draw Rd") source_id=us-census-tiger-2025-roads-30009 source_feature_id=110254160591
candidate lon=-108.826684 lat=45.000020 raw_within_radius=0 accepted_within_radius=0 excluded_within_radius=0 nearest_m=1256.135 nearest_mtfcc=S1400 nearest_name=Some("Long Draw Rd") source_id=us-census-tiger-2025-roads-30009 source_feature_id=110254160591
candidate lon=-108.792849 lat=45.000070 raw_within_radius=0 accepted_within_radius=0 excluded_within_radius=0 nearest_m=3919.450 nearest_mtfcc=S1400 nearest_name=Some("Long Draw Rd") source_id=us-census-tiger-2025-roads-30009 source_feature_id=110254160591
candidate lon=-108.782721 lat=45.000086 raw_within_radius=0 accepted_within_radius=0 excluded_within_radius=0 nearest_m=4716.673 nearest_mtfcc=S1400 nearest_name=Some("Long Draw Rd") source_id=us-census-tiger-2025-roads-30009 source_feature_id=110254160591
candidate lon=-108.772523 lat=45.000098 raw_within_radius=0 accepted_within_radius=0 excluded_within_radius=0 nearest_m=5519.405 nearest_mtfcc=S1400 nearest_name=Some("Long Draw Rd") source_id=us-census-tiger-2025-roads-30009 source_feature_id=110254160591
candidate lon=-108.771849 lat=45.000099 raw_within_radius=0 accepted_within_radius=0 excluded_within_radius=0 nearest_m=5572.458 nearest_mtfcc=S1400 nearest_name=Some("Long Draw Rd") source_id=us-census-tiger-2025-roads-30009 source_feature_id=110254160591
candidate lon=-108.751178 lat=45.000127 raw_within_radius=0 accepted_within_radius=0 excluded_within_radius=0 nearest_m=5429.999 nearest_mtfcc=S1400 nearest_name=Some("Cottonwood Rd") source_id=us-census-tiger-2025-roads-30009 source_feature_id=110254160728
candidate lon=-108.714764 lat=45.000179 raw_within_radius=0 accepted_within_radius=0 excluded_within_radius=0 nearest_m=4630.742 nearest_mtfcc=S1500 nearest_name=None source_id=us-census-tiger-2025-roads-30009 source_feature_id=110254168061
candidate lon=-108.698980 lat=45.000244 raw_within_radius=0 accepted_within_radius=0 excluded_within_radius=0 nearest_m=3472.839 nearest_mtfcc=S1500 nearest_name=None source_id=us-census-tiger-2025-roads-30009 source_feature_id=110254168061
candidate lon=-108.658186 lat=45.000311 raw_within_radius=0 accepted_within_radius=0 excluded_within_radius=0 nearest_m=491.491 nearest_mtfcc=S1500 nearest_name=None source_id=us-census-tiger-2025-roads-30009 source_feature_id=110254168061
candidate lon=-108.651419 lat=45.000320 raw_within_radius=1 accepted_within_radius=0 excluded_within_radius=1 nearest_m=0.000 nearest_mtfcc=S1500 nearest_name=None source_id=us-census-tiger-2025-roads-30009 source_feature_id=110254168061
candidate lon=-108.498961 lat=44.999694 raw_within_radius=0 accepted_within_radius=0 excluded_within_radius=0 nearest_m=1859.757 nearest_mtfcc=S1400 nearest_name=Some("Unnamed Road To Red Rock Canyon") source_id=us-census-tiger-2025-roads-30009 source_feature_id=1103692000120
candidate lon=-108.480941 lat=44.999726 raw_within_radius=0 accepted_within_radius=0 excluded_within_radius=0 nearest_m=2363.063 nearest_mtfcc=S1400 nearest_name=Some("Unnamed Road To Red Rock Canyon") source_id=us-census-tiger-2025-roads-30009 source_feature_id=1103692000120
candidate lon=-108.445877 lat=44.999796 raw_within_radius=0 accepted_within_radius=0 excluded_within_radius=0 nearest_m=1067.815 nearest_mtfcc=S1400 nearest_name=Some("Gyp Springs Rd") source_id=us-census-tiger-2025-roads-30009 source_feature_id=110254160851
candidate lon=-108.429100 lat=44.999818 raw_within_radius=1 accepted_within_radius=0 excluded_within_radius=1 nearest_m=0.000 nearest_mtfcc=S1500 nearest_name=None source_id=us-census-tiger-2025-roads-30009 source_feature_id=110254167931
candidate lon=-108.366837 lat=44.999977 raw_within_radius=1 accepted_within_radius=0 excluded_within_radius=1 nearest_m=0.000 nearest_mtfcc=S1500 nearest_name=Some("Crooked Creek Rd") source_id=us-census-tiger-2025-roads-30009 source_feature_id=110254161000
candidate lon=-108.306424 lat=45.000130 raw_within_radius=1 accepted_within_radius=0 excluded_within_radius=1 nearest_m=0.000 nearest_mtfcc=S1500 nearest_name=None source_id=us-census-tiger-2025-roads-30009 source_feature_id=110254168231
candidate lon=-107.867171 lat=45.000676 raw_within_radius=1 accepted_within_radius=0 excluded_within_radius=1 nearest_m=0.000 nearest_mtfcc=S1500 nearest_name=None source_id=us-census-tiger-2025-roads-30003 source_feature_id=1101521275176
candidate lon=-107.476106 lat=45.001283 raw_within_radius=1 accepted_within_radius=0 excluded_within_radius=1 nearest_m=17.420 nearest_mtfcc=S1740 nearest_name=None source_id=us-census-tiger-2025-roads-30003 source_feature_id=1101521275972
candidate lon=-107.476010 lat=45.001424 raw_within_radius=1 accepted_within_radius=0 excluded_within_radius=1 nearest_m=0.000 nearest_mtfcc=S1740 nearest_name=None source_id=us-census-tiger-2025-roads-30003 source_feature_id=1101521275972
candidate lon=-107.346520 lat=45.000780 raw_within_radius=0 accepted_within_radius=0 excluded_within_radius=0 nearest_m=118.932 nearest_mtfcc=S1400 nearest_name=Some("Old Hwy 87") source_id=us-census-tiger-2025-roads-30003 source_feature_id=11033193129453
candidate lon=-107.314950 lat=45.001030 raw_within_radius=0 accepted_within_radius=0 excluded_within_radius=0 nearest_m=540.601 nearest_mtfcc=S1740 nearest_name=None source_id=us-census-tiger-2025-roads-30003 source_feature_id=1101521275788
candidate lon=-106.975806 lat=44.996219 raw_within_radius=0 accepted_within_radius=0 excluded_within_radius=0 nearest_m=59.971 nearest_mtfcc=S1400 nearest_name=None source_id=us-census-tiger-2025-roads-30003 source_feature_id=1101521270289
candidate lon=-106.966220 lat=44.996090 raw_within_radius=0 accepted_within_radius=0 excluded_within_radius=0 nearest_m=20.878 nearest_mtfcc=S1400 nearest_name=Some("Youngs Creek Rd") source_id=us-census-tiger-2025-roads-30003 source_feature_id=1104367844479
candidate lon=-106.866638 lat=44.995888 raw_within_radius=0 accepted_within_radius=0 excluded_within_radius=0 nearest_m=893.113 nearest_mtfcc=S1400 nearest_name=None source_id=us-census-tiger-2025-roads-30003 source_feature_id=1101521274153
candidate lon=-106.519850 lat=44.994636 raw_within_radius=1 accepted_within_radius=0 excluded_within_radius=1 nearest_m=0.000 nearest_mtfcc=S1500 nearest_name=None source_id=us-census-tiger-2025-roads-30003 source_feature_id=1101521275074
candidate lon=-105.025729 lat=44.999968 raw_within_radius=0 accepted_within_radius=0 excluded_within_radius=0 nearest_m=22.547 nearest_mtfcc=S1400 nearest_name=Some("Co Rd 145") source_id=us-census-tiger-2025-roads-30011 source_feature_id=1105321579051
candidate lon=-104.871096 lat=44.999949 raw_within_radius=0 accepted_within_radius=0 excluded_within_radius=0 nearest_m=1931.303 nearest_mtfcc=S1500 nearest_name=None source_id=us-census-tiger-2025-roads-30011 source_feature_id=110808071707
candidate lon=-104.860077 lat=44.999897 raw_within_radius=0 accepted_within_radius=0 excluded_within_radius=0 nearest_m=2593.051 nearest_mtfcc=S1500 nearest_name=None source_id=us-census-tiger-2025-roads-30011 source_feature_id=110808071707
candidate lon=-104.747847 lat=44.999385 raw_within_radius=0 accepted_within_radius=0 excluded_within_radius=0 nearest_m=3565.813 nearest_mtfcc=S1400 nearest_name=None source_id=us-census-tiger-2025-roads-30011 source_feature_id=110808069423
candidate lon=-104.687098 lat=44.999087 raw_within_radius=1 accepted_within_radius=0 excluded_within_radius=1 nearest_m=0.000 nearest_mtfcc=S1500 nearest_name=None source_id=us-census-tiger-2025-roads-30011 source_feature_id=110808072693
candidate lon=-104.680078 lat=44.999052 raw_within_radius=1 accepted_within_radius=0 excluded_within_radius=1 nearest_m=0.000 nearest_mtfcc=S1500 nearest_name=None source_id=us-census-tiger-2025-roads-30011 source_feature_id=110808072693
candidate lon=-104.573563 lat=44.998623 raw_within_radius=0 accepted_within_radius=0 excluded_within_radius=0 nearest_m=1441.228 nearest_mtfcc=S1400 nearest_name=Some("Co Rd 200") source_id=us-census-tiger-2025-roads-30011 source_feature_id=1105321579087
candidate lon=-104.545270 lat=44.998594 raw_within_radius=0 accepted_within_radius=0 excluded_within_radius=0 nearest_m=1743.612 nearest_mtfcc=S1400 nearest_name=None source_id=us-census-tiger-2025-roads-30011 source_feature_id=110808069573
candidate lon=-104.506563 lat=44.998447 raw_within_radius=2 accepted_within_radius=0 excluded_within_radius=2 nearest_m=5.181 nearest_mtfcc=S1500 nearest_name=None source_id=us-census-tiger-2025-roads-30011 source_feature_id=1105321557109
candidate lon=-104.420173 lat=44.998387 raw_within_radius=1 accepted_within_radius=0 excluded_within_radius=1 nearest_m=0.000 nearest_mtfcc=S1740 nearest_name=None source_id=us-census-tiger-2025-roads-30011 source_feature_id=110808073250
candidate lon=-104.420080 lat=44.998249 raw_within_radius=1 accepted_within_radius=0 excluded_within_radius=1 nearest_m=17.017 nearest_mtfcc=S1740 nearest_name=None source_id=us-census-tiger-2025-roads-30011 source_feature_id=110808073250
candidate lon=-104.391097 lat=44.998342 raw_within_radius=1 accepted_within_radius=0 excluded_within_radius=1 nearest_m=0.000 nearest_mtfcc=S1500 nearest_name=None source_id=us-census-tiger-2025-roads-30011 source_feature_id=110808071115
candidate lon=-104.352794 lat=44.998287 raw_within_radius=1 accepted_within_radius=0 excluded_within_radius=1 nearest_m=0.000 nearest_mtfcc=S1500 nearest_name=None source_id=us-census-tiger-2025-roads-30011 source_feature_id=110808072863
candidate lon=-104.263043 lat=44.998127 raw_within_radius=1 accepted_within_radius=0 excluded_within_radius=1 nearest_m=0.000 nearest_mtfcc=S1500 nearest_name=None source_id=us-census-tiger-2025-roads-30011 source_feature_id=110808072839
