shared_border_segments=1584 first_state=35 second_state=08
35 endpoints=259 matches_0_1m=167 matches_1m=0 matches_5m=0 matches_20m=6 no_endpoint_20m=86 on_opposite_line_0_1m=0 on_opposite_line_1m=0 on_opposite_line_5m=0 on_opposite_line_20m=2 no_opposite_line_20m=84 candidate_gap_samples=[-109.045173,36.998851] [-109.043792,36.998974] [-109.031486,36.998858] [-109.030938,36.998966] [-108.948209,36.998800] [-108.820406,36.998855] [-108.811119,36.998847] [-108.807275,36.998852] [-108.801683,36.998848] [-108.798422,36.998848] [-108.776244,36.998845] [-108.774579,36.998842]
candidate_gap state=35 lon=-109.045173 lat=36.998851 kind=RoadResidential name=None source_id=us-census-tiger-2025-roads-35045 source_feature_id=1103944442680:0
candidate_gap state=35 lon=-109.043792 lat=36.998974 kind=RoadResidential name=None source_id=us-census-tiger-2025-roads-35045 source_feature_id=1101585577048:0
candidate_gap state=35 lon=-109.031486 lat=36.998858 kind=RoadResidential name=None source_id=us-census-tiger-2025-roads-35045 source_feature_id=1102219560770:0
candidate_gap state=35 lon=-109.031486 lat=36.998858 kind=RoadResidential name=None source_id=us-census-tiger-2025-roads-35045 source_feature_id=1101585577047:0
candidate_gap state=35 lon=-109.031486 lat=36.998858 kind=RoadResidential name=None source_id=us-census-tiger-2025-roads-35045 source_feature_id=1105582508401:0
candidate_gap state=35 lon=-109.030938 lat=36.998966 kind=RoadResidential name=None source_id=us-census-tiger-2025-roads-35045 source_feature_id=1101585577047:0
candidate_gap state=35 lon=-108.948209 lat=36.998800 kind=RoadResidential name=None source_id=us-census-tiger-2025-roads-35045 source_feature_id=1101585594285:0
candidate_gap state=35 lon=-108.820406 lat=36.998855 kind=RoadResidential name=None source_id=us-census-tiger-2025-roads-35045 source_feature_id=1101585598209:0
candidate_gap state=35 lon=-108.811119 lat=36.998847 kind=RoadResidential name=None source_id=us-census-tiger-2025-roads-35045 source_feature_id=1101585600442:0
candidate_gap state=35 lon=-108.807275 lat=36.998852 kind=RoadResidential name=None source_id=us-census-tiger-2025-roads-35045 source_feature_id=1101585600442:0
candidate_gap state=35 lon=-108.801683 lat=36.998848 kind=RoadResidential name=None source_id=us-census-tiger-2025-roads-35045 source_feature_id=1101585598207:0
candidate_gap state=35 lon=-108.798422 lat=36.998848 kind=RoadResidential name=None source_id=us-census-tiger-2025-roads-35045 source_feature_id=1101585600441:0
candidate_gap state=35 lon=-108.776244 lat=36.998845 kind=RoadResidential name=None source_id=us-census-tiger-2025-roads-35045 source_feature_id=1101585600440:0
candidate_gap state=35 lon=-108.774579 lat=36.998842 kind=RoadResidential name=None source_id=us-census-tiger-2025-roads-35045 source_feature_id=1101585600439:0
candidate_gap state=35 lon=-108.773486 lat=36.998843 kind=RoadResidential name=None source_id=us-census-tiger-2025-roads-35045 source_feature_id=1101585598201:0
candidate_gap state=35 lon=-108.769846 lat=36.998842 kind=RoadResidential name=None source_id=us-census-tiger-2025-roads-35045 source_feature_id=1101585600480:0
candidate_gap state=35 lon=-108.759657 lat=36.998841 kind=RoadResidential name=None source_id=us-census-tiger-2025-roads-35045 source_feature_id=1101585600481:0
candidate_gap state=35 lon=-108.749128 lat=36.998838 kind=RoadResidential name=None source_id=us-census-tiger-2025-roads-35045 source_feature_id=1101585582991:0
candidate_gap state=35 lon=-108.689895 lat=36.999029 kind=RoadResidential name=None source_id=us-census-tiger-2025-roads-35045 source_feature_id=1101585589596:0
candidate_gap state=35 lon=-108.620197 lat=36.999178 kind=RoadResidential name=None source_id=us-census-tiger-2025-roads-35045 source_feature_id=1101585600344:0
candidate_gap state=35 lon=-108.521927 lat=36.999380 kind=RoadResidential name=None source_id=us-census-tiger-2025-roads-35045 source_feature_id=1102219561028:0
candidate_gap state=35 lon=-108.484002 lat=36.999423 kind=RoadResidential name=None source_id=us-census-tiger-2025-roads-35045 source_feature_id=1101585594123:0
candidate_gap state=35 lon=-108.466008 lat=36.999460 kind=RoadResidential name=None source_id=us-census-tiger-2025-roads-35045 source_feature_id=1101585587757:0
candidate_gap state=35 lon=-108.451481 lat=36.999481 kind=RoadResidential name=None source_id=us-census-tiger-2025-roads-35045 source_feature_id=1101585587755:0
candidate_gap state=35 lon=-108.396079 lat=36.999574 kind=RoadResidential name=None source_id=us-census-tiger-2025-roads-35045 source_feature_id=1105587356831:0
candidate_gap state=35 lon=-108.389991 lat=36.999584 kind=RoadResidential name=None source_id=us-census-tiger-2025-roads-35045 source_feature_id=1101585587758:0
candidate_gap state=35 lon=-108.382515 lat=36.999608 kind=RoadResidential name=None source_id=us-census-tiger-2025-roads-35045 source_feature_id=1101585600343:0
candidate_gap state=35 lon=-108.357554 lat=36.999636 kind=RoadResidential name=None source_id=us-census-tiger-2025-roads-35045 source_feature_id=11012813411129:0
candidate_gap state=35 lon=-108.355243 lat=36.999634 kind=RoadResidential name=None source_id=us-census-tiger-2025-roads-35045 source_feature_id=1101585590305:0
candidate_gap state=35 lon=-108.354399 lat=36.999655 kind=RoadResidential name=None source_id=us-census-tiger-2025-roads-35045 source_feature_id=1101585590306:0
candidate_gap state=35 lon=-108.211344 lat=36.999699 kind=RoadResidential name=None source_id=us-census-tiger-2025-roads-35045 source_feature_id=11012813411143:0
candidate_gap state=35 lon=-108.169159 lat=36.999714 kind=RoadResidential name=None source_id=us-census-tiger-2025-roads-35045 source_feature_id=1101585580782:0
candidate_gap state=35 lon=-108.070777 lat=36.999699 kind=RoadResidential name=None source_id=us-census-tiger-2025-roads-35045 source_feature_id=1101585590549:0
candidate_gap state=35 lon=-108.060919 lat=36.999703 kind=RoadResidential name=None source_id=us-census-tiger-2025-roads-35045 source_feature_id=1101585590552:0
candidate_gap state=35 lon=-107.943661 lat=36.999625 kind=RoadResidential name=None source_id=us-census-tiger-2025-roads-35045 source_feature_id=1105581329307:0
candidate_gap state=35 lon=-107.498920 lat=37.000086 kind=RoadResidential name=None source_id=us-census-tiger-2025-roads-35045 source_feature_id=1101585588576:0
candidate_gap state=35 lon=-107.498905 lat=37.000014 kind=RoadResidential name=None source_id=us-census-tiger-2025-roads-35045 source_feature_id=1101585588576:0
candidate_gap state=35 lon=-107.497107 lat=37.000011 kind=RoadResidential name=None source_id=us-census-tiger-2025-roads-35045 source_feature_id=1101585586212:0
candidate_gap state=35 lon=-107.497107 lat=37.000011 kind=RoadResidential name=Some("Rd 4025") source_id=us-census-tiger-2025-roads-35045 source_feature_id=1105598255229:0
candidate_gap state=35 lon=-107.436060 lat=37.000213 kind=RoadResidential name=Some("4044") source_id=us-census-tiger-2025-roads-35045 source_feature_id=1103555836073:0
candidate_gap state=35 lon=-107.251702 lat=37.000019 kind=RoadResidential name=None source_id=us-census-tiger-2025-roads-35039 source_feature_id=1101921985417:0
candidate_gap state=35 lon=-107.242083 lat=36.999843 kind=RoadResidential name=None source_id=us-census-tiger-2025-roads-35039 source_feature_id=1101921970503:0
candidate_gap state=35 lon=-107.242083 lat=36.999843 kind=RoadResidential name=None source_id=us-census-tiger-2025-roads-35039 source_feature_id=1101921985045:0
candidate_gap state=35 lon=-107.242083 lat=36.999843 kind=RoadResidential name=None source_id=us-census-tiger-2025-roads-35039 source_feature_id=1101921970505:0
candidate_gap state=35 lon=-107.242083 lat=36.999843 kind=RoadResidential name=None source_id=us-census-tiger-2025-roads-35039 source_feature_id=1101921979066:0
candidate_gap state=35 lon=-107.238447 lat=37.000021 kind=RoadResidential name=None source_id=us-census-tiger-2025-roads-35039 source_feature_id=11017243072672:0
candidate_gap state=35 lon=-107.150895 lat=37.000044 kind=RoadResidential name=None source_id=us-census-tiger-2025-roads-35039 source_feature_id=1101921969249:0
candidate_gap state=35 lon=-107.146088 lat=37.000045 kind=RoadResidential name=None source_id=us-census-tiger-2025-roads-35039 source_feature_id=1101921969295:0
candidate_gap state=35 lon=-107.046865 lat=37.000044 kind=RoadResidential name=None source_id=us-census-tiger-2025-roads-35039 source_feature_id=1103691337065:0
candidate_gap state=35 lon=-106.732026 lat=36.992625 kind=RoadResidential name=None source_id=us-census-tiger-2025-roads-35039 source_feature_id=1101921975296:0
candidate_gap state=35 lon=-106.728768 lat=36.992653 kind=RoadResidential name=None source_id=us-census-tiger-2025-roads-35039 source_feature_id=1101921976519:0
candidate_gap state=35 lon=-106.728707 lat=36.992561 kind=RoadResidential name=None source_id=us-census-tiger-2025-roads-35039 source_feature_id=1101921976519:0
candidate_gap state=35 lon=-106.728707 lat=36.992561 kind=RoadResidential name=None source_id=us-census-tiger-2025-roads-35039 source_feature_id=1101921981090:0
candidate_gap state=35 lon=-106.728707 lat=36.992561 kind=RoadResidential name=None source_id=us-census-tiger-2025-roads-35039 source_feature_id=1101921985418:0
candidate_gap state=35 lon=-106.728523 lat=36.992655 kind=RoadResidential name=None source_id=us-census-tiger-2025-roads-35039 source_feature_id=1101921985418:0
candidate_gap state=35 lon=-106.675233 lat=36.992935 kind=RoadResidential name=None source_id=us-census-tiger-2025-roads-35039 source_feature_id=1102653983828:0
candidate_gap state=35 lon=-106.509272 lat=36.993446 kind=RoadResidential name=None source_id=us-census-tiger-2025-roads-35039 source_feature_id=1101921975700:0
candidate_gap state=35 lon=-106.127754 lat=36.994846 kind=RoadResidential name=None source_id=us-census-tiger-2025-roads-35039 source_feature_id=1101921978133:0
candidate_gap state=35 lon=-106.050599 lat=36.995016 kind=RoadResidential name=Some("Co Rd A.5") source_id=us-census-tiger-2025-roads-35039 source_feature_id=1101921919297:0
candidate_gap state=35 lon=-105.903923 lat=36.995551 kind=RoadResidential name=None source_id=us-census-tiger-2025-roads-35055 source_feature_id=1108476120655:0
candidate_gap state=35 lon=-105.878508 lat=36.995570 kind=RoadResidential name=None source_id=us-census-tiger-2025-roads-35055 source_feature_id=1101474047900:0
candidate_gap state=35 lon=-105.876990 lat=36.995563 kind=RoadResidential name=None source_id=us-census-tiger-2025-roads-35055 source_feature_id=1101474047899:0
candidate_gap state=35 lon=-105.823274 lat=36.995595 kind=RoadResidential name=None source_id=us-census-tiger-2025-roads-35055 source_feature_id=1101474048158:0
candidate_gap state=35 lon=-105.735047 lat=36.995771 kind=RoadResidential name=None source_id=us-census-tiger-2025-roads-35055 source_feature_id=1101474048155:0
candidate_gap state=35 lon=-105.663591 lat=36.995905 kind=RoadResidential name=None source_id=us-census-tiger-2025-roads-35055 source_feature_id=1101474047862:0
candidate_gap state=35 lon=-105.660595 lat=36.995914 kind=RoadResidential name=None source_id=us-census-tiger-2025-roads-35055 source_feature_id=1106081811734:0
candidate_gap state=35 lon=-105.645661 lat=36.995891 kind=RoadResidential name=None source_id=us-census-tiger-2025-roads-35055 source_feature_id=1101474047863:0
candidate_gap state=35 lon=-105.629109 lat=36.995835 kind=RoadResidential name=None source_id=us-census-tiger-2025-roads-35055 source_feature_id=1101474047864:0
candidate_gap state=35 lon=-104.296505 lat=36.994106 kind=RoadResidential name=Some("Co Rd A-27") source_id=us-census-tiger-2025-roads-35007 source_feature_id=110471089080:0
candidate_gap state=35 lon=-104.042664 lat=36.995826 kind=RoadResidential name=None source_id=us-census-tiger-2025-roads-35007 source_feature_id=110471101097:0
candidate_gap state=35 lon=-103.997457 lat=36.996192 kind=RoadResidential name=None source_id=us-census-tiger-2025-roads-35059 source_feature_id=110450395481:0
candidate_gap state=35 lon=-103.877214 lat=36.997070 kind=RoadResidential name=None source_id=us-census-tiger-2025-roads-35059 source_feature_id=110450396876:0
candidate_gap state=35 lon=-103.735901 lat=36.997996 kind=RoadResidential name=None source_id=us-census-tiger-2025-roads-35059 source_feature_id=110450395899:0
candidate_gap state=35 lon=-103.644576 lat=36.998480 kind=RoadResidential name=Some("Co Rd B037") source_id=us-census-tiger-2025-roads-35059 source_feature_id=110450359181:0
candidate_gap state=35 lon=-103.599376 lat=36.998714 kind=RoadResidential name=None source_id=us-census-tiger-2025-roads-35059 source_feature_id=110450395461:0
candidate_gap state=35 lon=-103.540536 lat=36.998917 kind=RoadResidential name=None source_id=us-census-tiger-2025-roads-35059 source_feature_id=110450395459:0
candidate_gap state=35 lon=-103.538919 lat=36.998924 kind=RoadResidential name=None source_id=us-census-tiger-2025-roads-35059 source_feature_id=110450395458:0
candidate_gap state=35 lon=-103.510935 lat=36.999038 kind=RoadResidential name=None source_id=us-census-tiger-2025-roads-35059 source_feature_id=110450395457:0
candidate_gap state=35 lon=-103.501274 lat=36.999092 kind=RoadResidential name=None source_id=us-census-tiger-2025-roads-35059 source_feature_id=110450395448:0
candidate_gap state=35 lon=-103.380713 lat=36.999428 kind=RoadResidential name=None source_id=us-census-tiger-2025-roads-35059 source_feature_id=110450394572:0
candidate_gap state=35 lon=-103.369340 lat=36.999446 kind=RoadResidential name=None source_id=us-census-tiger-2025-roads-35059 source_feature_id=110450393839:0
candidate_gap state=35 lon=-103.348940 lat=36.999447 kind=RoadResidential name=None source_id=us-census-tiger-2025-roads-35059 source_feature_id=110450393838:0
candidate_gap state=35 lon=-103.298321 lat=36.999560 kind=RoadResidential name=None source_id=us-census-tiger-2025-roads-35059 source_feature_id=110450393837:0
candidate_gap state=35 lon=-103.251637 lat=36.999613 kind=RoadResidential name=None source_id=us-census-tiger-2025-roads-35059 source_feature_id=1105533792611:0
candidate_gap state=35 lon=-103.220158 lat=36.999727 kind=RoadResidential name=None source_id=us-census-tiger-2025-roads-35059 source_feature_id=110450392238:0
candidate_gap state=35 lon=-103.183664 lat=36.999913 kind=RoadResidential name=None source_id=us-census-tiger-2025-roads-35059 source_feature_id=110450392237:0
candidate_gap state=35 lon=-103.127569 lat=37.000138 kind=RoadResidential name=None source_id=us-census-tiger-2025-roads-35059 source_feature_id=110450393722:0
candidate_gap state=35 lon=-103.120663 lat=37.000160 kind=RoadResidential name=None source_id=us-census-tiger-2025-roads-35059 source_feature_id=110450391954:0
candidate_gap state=35 lon=-103.116775 lat=37.000173 kind=RoadResidential name=None source_id=us-census-tiger-2025-roads-35059 source_feature_id=110450391952:0
candidate_gap state=35 lon=-103.102457 lat=37.000125 kind=RoadResidential name=None source_id=us-census-tiger-2025-roads-35059 source_feature_id=110450391950:0
candidate_gap state=35 lon=-103.037445 lat=37.000078 kind=RoadResidential name=None source_id=us-census-tiger-2025-roads-35059 source_feature_id=110450392208:0
candidate_gap state=35 lon=-103.013559 lat=37.000019 kind=RoadResidential name=None source_id=us-census-tiger-2025-roads-35059 source_feature_id=110450391975:0
08 endpoints=206 matches_0_1m=167 matches_1m=0 matches_5m=1 matches_20m=6 no_endpoint_20m=32 on_opposite_line_0_1m=3 on_opposite_line_1m=0 on_opposite_line_5m=0 on_opposite_line_20m=0 no_opposite_line_20m=29 candidate_gap_samples=[-109.045173,36.999146] [-108.961071,36.998918] [-108.953734,36.999047] [-108.939422,36.998886] [-107.968986,36.999817] [-107.780599,37.000059] [-107.635528,36.999924] [-107.601762,36.999974] [-107.597249,36.999978] [-107.584980,36.999986] [-107.581610,37.000077] [-107.581549,36.999989]
candidate_gap state=08 lon=-109.045173 lat=36.999146 kind=RoadResidential name=None source_id=us-census-tiger-2025-roads-08083 source_feature_id=1103944442683:0
candidate_gap state=08 lon=-108.961071 lat=36.998918 kind=RoadResidential name=None source_id=us-census-tiger-2025-roads-08083 source_feature_id=1101458831200:0
candidate_gap state=08 lon=-108.953734 lat=36.999047 kind=RoadResidential name=None source_id=us-census-tiger-2025-roads-08083 source_feature_id=1101458831200:0
candidate_gap state=08 lon=-108.939422 lat=36.998886 kind=RoadResidential name=Some("Indian Rte 232") source_id=us-census-tiger-2025-roads-08083 source_feature_id=1101458827585:0
candidate_gap state=08 lon=-107.968986 lat=36.999817 kind=RoadResidential name=None source_id=us-census-tiger-2025-roads-08067 source_feature_id=110510061090:0
candidate_gap state=08 lon=-107.780599 lat=37.000059 kind=RoadResidential name=None source_id=us-census-tiger-2025-roads-08067 source_feature_id=110510060853:0
candidate_gap state=08 lon=-107.635528 lat=36.999924 kind=RoadResidential name=None source_id=us-census-tiger-2025-roads-08067 source_feature_id=11012813411176:0
candidate_gap state=08 lon=-107.601762 lat=36.999974 kind=RoadResidential name=None source_id=us-census-tiger-2025-roads-08067 source_feature_id=110510060204:0
candidate_gap state=08 lon=-107.597249 lat=36.999978 kind=RoadResidential name=Some("La Boca Cemetery Rd") source_id=us-census-tiger-2025-roads-08067 source_feature_id=1102641181499:0
candidate_gap state=08 lon=-107.584980 lat=36.999986 kind=RoadResidential name=None source_id=us-census-tiger-2025-roads-08067 source_feature_id=110510061617:0
candidate_gap state=08 lon=-107.581610 lat=37.000077 kind=RoadResidential name=None source_id=us-census-tiger-2025-roads-08067 source_feature_id=110510060982:0
candidate_gap state=08 lon=-107.581610 lat=37.000077 kind=RoadResidential name=None source_id=us-census-tiger-2025-roads-08067 source_feature_id=110510060980:0
candidate_gap state=08 lon=-107.581610 lat=37.000077 kind=RoadResidential name=None source_id=us-census-tiger-2025-roads-08067 source_feature_id=110510060981:0
candidate_gap state=08 lon=-107.581549 lat=36.999989 kind=RoadResidential name=None source_id=us-census-tiger-2025-roads-08067 source_feature_id=110510060982:0
candidate_gap state=08 lon=-107.574270 lat=36.999997 kind=RoadResidential name=None source_id=us-census-tiger-2025-roads-08067 source_feature_id=110510060992:0
candidate_gap state=08 lon=-107.541360 lat=37.000025 kind=RoadResidential name=None source_id=us-census-tiger-2025-roads-08067 source_feature_id=110510060240:0
candidate_gap state=08 lon=-107.541064 lat=37.000025 kind=RoadResidential name=None source_id=us-census-tiger-2025-roads-08067 source_feature_id=1102211416734:0
candidate_gap state=08 lon=-107.510354 lat=37.000068 kind=RoadResidential name=None source_id=us-census-tiger-2025-roads-08067 source_feature_id=110510060989:0
candidate_gap state=08 lon=-107.244045 lat=37.000036 kind=RoadResidential name=Some("Co Rd 557") source_id=us-census-tiger-2025-roads-08007 source_feature_id=1101454753207:0
candidate_gap state=08 lon=-107.244045 lat=37.000036 kind=RoadResidential name=Some("Cabracas Rd") source_id=us-census-tiger-2025-roads-08007 source_feature_id=1101454753950:0
candidate_gap state=08 lon=-107.244045 lat=37.000036 kind=RoadResidential name=None source_id=us-census-tiger-2025-roads-08007 source_feature_id=1101454755540:0
candidate_gap state=08 lon=-106.918895 lat=37.000109 kind=RoadResidential name=None source_id=us-census-tiger-2025-roads-08007 source_feature_id=1101454755163:0
candidate_gap state=08 lon=-106.918631 lat=37.000109 kind=RoadResidential name=None source_id=us-census-tiger-2025-roads-08007 source_feature_id=1101454755338:0
candidate_gap state=08 lon=-106.914737 lat=37.000122 kind=RoadResidential name=None source_id=us-census-tiger-2025-roads-08007 source_feature_id=1101454755161:0
candidate_gap state=08 lon=-106.878317 lat=37.000102 kind=RoadResidential name=None source_id=us-census-tiger-2025-roads-08007 source_feature_id=1101454755174:0
candidate_gap state=08 lon=-106.014956 lat=36.995423 kind=RoadResidential name=None source_id=us-census-tiger-2025-roads-08021 source_feature_id=1101110818562:0
candidate_gap state=08 lon=-106.014956 lat=36.995423 kind=RoadResidential name=None source_id=us-census-tiger-2025-roads-08021 source_feature_id=1101110818579:0
candidate_gap state=08 lon=-106.014956 lat=36.995423 kind=RoadResidential name=None source_id=us-census-tiger-2025-roads-08021 source_feature_id=1101110818563:0
candidate_gap state=08 lon=-105.618461 lat=36.995850 kind=RoadResidential name=None source_id=us-census-tiger-2025-roads-08023 source_feature_id=11017129230103:0
candidate_gap state=08 lon=-105.618461 lat=36.995850 kind=RoadResidential name=None source_id=us-census-tiger-2025-roads-08023 source_feature_id=1108476336582:0
candidate_gap state=08 lon=-105.618461 lat=36.995850 kind=RoadResidential name=None source_id=us-census-tiger-2025-roads-08023 source_feature_id=11038622326549:0
candidate_gap state=08 lon=-105.605017 lat=36.995846 kind=RoadResidential name=None source_id=us-census-tiger-2025-roads-08023 source_feature_id=11017129230100:0
candidate_gap state=08 lon=-105.122916 lat=36.995430 kind=RoadResidential name=None source_id=us-census-tiger-2025-roads-08071 source_feature_id=1102148302627:0
candidate_gap state=08 lon=-105.085410 lat=36.994461 kind=RoadResidential name=None source_id=us-census-tiger-2025-roads-08071 source_feature_id=1101007266873:0
candidate_gap state=08 lon=-105.049385 lat=36.993530 kind=RoadResidential name=None source_id=us-census-tiger-2025-roads-08071 source_feature_id=1105533754526:0
candidate_gap state=08 lon=-104.497781 lat=36.993879 kind=RoadResidential name=None source_id=us-census-tiger-2025-roads-08071 source_feature_id=1102610794117:0
candidate_gap state=08 lon=-104.493395 lat=36.993877 kind=RoadResidential name=None source_id=us-census-tiger-2025-roads-08071 source_feature_id=1102148311107:0
