candidate_points=84 inspected_sources=7 inspected_rows=29762 radius_m=20
candidate lon=-109.045173 lat=36.998851 raw_within_radius=0 accepted_within_radius=0 excluded_within_radius=0 nearest_m=21.361 nearest_mtfcc=S1400 nearest_name=None source_id=us-census-tiger-2025-roads-08083 source_feature_id=1103944442683
candidate lon=-109.043792 lat=36.998974 raw_within_radius=1 accepted_within_radius=0 excluded_within_radius=1 nearest_m=0.000 nearest_mtfcc=S1500 nearest_name=None source_id=us-census-tiger-2025-roads-08083 source_feature_id=1101458831739
candidate lon=-109.031486 lat=36.998858 raw_within_radius=0 accepted_within_radius=0 excluded_within_radius=0 nearest_m=50.181 nearest_mtfcc=S1500 nearest_name=None source_id=us-census-tiger-2025-roads-08083 source_feature_id=1101458831738
candidate lon=-109.030938 lat=36.998966 raw_within_radius=1 accepted_within_radius=0 excluded_within_radius=1 nearest_m=0.000 nearest_mtfcc=S1500 nearest_name=None source_id=us-census-tiger-2025-roads-08083 source_feature_id=1101458831738
candidate lon=-108.948209 lat=36.998800 raw_within_radius=1 accepted_within_radius=0 excluded_within_radius=1 nearest_m=17.120 nearest_mtfcc=S1500 nearest_name=None source_id=us-census-tiger-2025-roads-08083 source_feature_id=1101458831851
candidate lon=-108.820406 lat=36.998855 raw_within_radius=1 accepted_within_radius=0 excluded_within_radius=1 nearest_m=0.000 nearest_mtfcc=S1500 nearest_name=None source_id=us-census-tiger-2025-roads-08083 source_feature_id=1101458831766
candidate lon=-108.811119 lat=36.998847 raw_within_radius=1 accepted_within_radius=0 excluded_within_radius=1 nearest_m=0.000 nearest_mtfcc=S1500 nearest_name=None source_id=us-census-tiger-2025-roads-08083 source_feature_id=1101458831855
candidate lon=-108.807275 lat=36.998852 raw_within_radius=1 accepted_within_radius=0 excluded_within_radius=1 nearest_m=0.000 nearest_mtfcc=S1500 nearest_name=None source_id=us-census-tiger-2025-roads-08083 source_feature_id=1101458831758
candidate lon=-108.801683 lat=36.998848 raw_within_radius=1 accepted_within_radius=0 excluded_within_radius=1 nearest_m=0.000 nearest_mtfcc=S1500 nearest_name=None source_id=us-census-tiger-2025-roads-08083 source_feature_id=1101458831756
candidate lon=-108.798422 lat=36.998848 raw_within_radius=1 accepted_within_radius=0 excluded_within_radius=1 nearest_m=0.000 nearest_mtfcc=S1500 nearest_name=None source_id=us-census-tiger-2025-roads-08083 source_feature_id=1101458831755
candidate lon=-108.776244 lat=36.998845 raw_within_radius=1 accepted_within_radius=0 excluded_within_radius=1 nearest_m=0.000 nearest_mtfcc=S1500 nearest_name=None source_id=us-census-tiger-2025-roads-08083 source_feature_id=1101458831753
candidate lon=-108.774579 lat=36.998842 raw_within_radius=1 accepted_within_radius=0 excluded_within_radius=1 nearest_m=0.000 nearest_mtfcc=S1500 nearest_name=None source_id=us-census-tiger-2025-roads-08083 source_feature_id=1101458831752
candidate lon=-108.773486 lat=36.998843 raw_within_radius=1 accepted_within_radius=0 excluded_within_radius=1 nearest_m=0.000 nearest_mtfcc=S1500 nearest_name=None source_id=us-census-tiger-2025-roads-08083 source_feature_id=1101458831751
candidate lon=-108.769846 lat=36.998842 raw_within_radius=1 accepted_within_radius=0 excluded_within_radius=1 nearest_m=0.000 nearest_mtfcc=S1500 nearest_name=None source_id=us-census-tiger-2025-roads-08083 source_feature_id=1101458831769
candidate lon=-108.759657 lat=36.998841 raw_within_radius=1 accepted_within_radius=0 excluded_within_radius=1 nearest_m=0.000 nearest_mtfcc=S1500 nearest_name=None source_id=us-census-tiger-2025-roads-08083 source_feature_id=1101458831770
candidate lon=-108.749128 lat=36.998838 raw_within_radius=0 accepted_within_radius=0 excluded_within_radius=0 nearest_m=42.120 nearest_mtfcc=S1200 nearest_name=Some("US Hwy 491") source_id=us-census-tiger-2025-roads-08083 source_feature_id=1104257839329
candidate lon=-108.689895 lat=36.999029 raw_within_radius=1 accepted_within_radius=0 excluded_within_radius=1 nearest_m=0.000 nearest_mtfcc=S1500 nearest_name=None source_id=us-census-tiger-2025-roads-08083 source_feature_id=1101458831665
candidate lon=-108.620197 lat=36.999178 raw_within_radius=1 accepted_within_radius=0 excluded_within_radius=1 nearest_m=0.000 nearest_mtfcc=S1500 nearest_name=None source_id=us-census-tiger-2025-roads-08083 source_feature_id=1101458831726
candidate lon=-108.521927 lat=36.999380 raw_within_radius=1 accepted_within_radius=0 excluded_within_radius=1 nearest_m=0.000 nearest_mtfcc=S1500 nearest_name=None source_id=us-census-tiger-2025-roads-08083 source_feature_id=1101458831729
candidate lon=-108.484002 lat=36.999423 raw_within_radius=1 accepted_within_radius=0 excluded_within_radius=1 nearest_m=0.000 nearest_mtfcc=S1500 nearest_name=None source_id=us-census-tiger-2025-roads-08083 source_feature_id=1101458831725
candidate lon=-108.466008 lat=36.999460 raw_within_radius=1 accepted_within_radius=0 excluded_within_radius=1 nearest_m=0.000 nearest_mtfcc=S1500 nearest_name=None source_id=us-census-tiger-2025-roads-08083 source_feature_id=1101458831720
candidate lon=-108.451481 lat=36.999481 raw_within_radius=1 accepted_within_radius=0 excluded_within_radius=1 nearest_m=0.000 nearest_mtfcc=S1500 nearest_name=None source_id=us-census-tiger-2025-roads-08083 source_feature_id=1101458831721
candidate lon=-108.396079 lat=36.999574 raw_within_radius=0 accepted_within_radius=0 excluded_within_radius=0 nearest_m=500.250 nearest_mtfcc=S1500 nearest_name=None source_id=us-census-tiger-2025-roads-08083 source_feature_id=1101458831823
candidate lon=-108.389991 lat=36.999584 raw_within_radius=1 accepted_within_radius=0 excluded_within_radius=1 nearest_m=0.000 nearest_mtfcc=S1500 nearest_name=None source_id=us-census-tiger-2025-roads-08083 source_feature_id=1101458831712
candidate lon=-108.382515 lat=36.999608 raw_within_radius=0 accepted_within_radius=0 excluded_within_radius=0 nearest_m=197.368 nearest_mtfcc=S1500 nearest_name=None source_id=us-census-tiger-2025-roads-08083 source_feature_id=1101458831712
candidate lon=-108.357554 lat=36.999636 raw_within_radius=0 accepted_within_radius=0 excluded_within_radius=0 nearest_m=458.826 nearest_mtfcc=S1400 nearest_name=None source_id=us-census-tiger-2025-roads-08067 source_feature_id=110510059525
candidate lon=-108.355243 lat=36.999634 raw_within_radius=0 accepted_within_radius=0 excluded_within_radius=0 nearest_m=254.129 nearest_mtfcc=S1400 nearest_name=None source_id=us-census-tiger-2025-roads-08067 source_feature_id=110510059525
candidate lon=-108.354399 lat=36.999655 raw_within_radius=0 accepted_within_radius=0 excluded_within_radius=0 nearest_m=179.166 nearest_mtfcc=S1400 nearest_name=None source_id=us-census-tiger-2025-roads-08067 source_feature_id=110510059525
candidate lon=-108.211344 lat=36.999699 raw_within_radius=0 accepted_within_radius=0 excluded_within_radius=0 nearest_m=313.218 nearest_mtfcc=S1400 nearest_name=None source_id=us-census-tiger-2025-roads-08067 source_feature_id=11016953984196
candidate lon=-108.169159 lat=36.999714 raw_within_radius=0 accepted_within_radius=0 excluded_within_radius=0 nearest_m=1384.496 nearest_mtfcc=S1200 nearest_name=Some("State Hwy 140") source_id=us-census-tiger-2025-roads-08067 source_feature_id=1104977741401
candidate lon=-108.070777 lat=36.999699 raw_within_radius=0 accepted_within_radius=0 excluded_within_radius=0 nearest_m=248.758 nearest_mtfcc=S1400 nearest_name=None source_id=us-census-tiger-2025-roads-08067 source_feature_id=110510059265
candidate lon=-108.060919 lat=36.999703 raw_within_radius=0 accepted_within_radius=0 excluded_within_radius=0 nearest_m=72.528 nearest_mtfcc=S1400 nearest_name=None source_id=us-census-tiger-2025-roads-08067 source_feature_id=110510059253
candidate lon=-107.943661 lat=36.999625 raw_within_radius=0 accepted_within_radius=0 excluded_within_radius=0 nearest_m=175.053 nearest_mtfcc=S1400 nearest_name=None source_id=us-census-tiger-2025-roads-08067 source_feature_id=110510060818
candidate lon=-107.498920 lat=37.000086 raw_within_radius=0 accepted_within_radius=0 excluded_within_radius=0 nearest_m=195.499 nearest_mtfcc=S1750 nearest_name=None source_id=us-census-tiger-2025-roads-08067 source_feature_id=1104471684512
candidate lon=-107.498905 lat=37.000014 raw_within_radius=0 accepted_within_radius=0 excluded_within_radius=0 nearest_m=196.983 nearest_mtfcc=S1750 nearest_name=None source_id=us-census-tiger-2025-roads-08067 source_feature_id=1104471684512
candidate lon=-107.497107 lat=37.000011 raw_within_radius=0 accepted_within_radius=0 excluded_within_radius=0 nearest_m=43.832 nearest_mtfcc=S1400 nearest_name=Some("Co Rd 330") source_id=us-census-tiger-2025-roads-08067 source_feature_id=1105598252213
candidate lon=-107.436060 lat=37.000213 raw_within_radius=1 accepted_within_radius=0 excluded_within_radius=1 nearest_m=16.179 nearest_mtfcc=S1740 nearest_name=None source_id=us-census-tiger-2025-roads-08007 source_feature_id=1101454756334
candidate lon=-107.251702 lat=37.000019 raw_within_radius=0 accepted_within_radius=0 excluded_within_radius=0 nearest_m=43.830 nearest_mtfcc=S1400 nearest_name=None source_id=us-census-tiger-2025-roads-08007 source_feature_id=1104474139049
candidate lon=-107.242083 lat=36.999843 raw_within_radius=0 accepted_within_radius=0 excluded_within_radius=0 nearest_m=37.093 nearest_mtfcc=S1400 nearest_name=Some("Carracas Canyon Rd") source_id=us-census-tiger-2025-roads-08007 source_feature_id=1101454754551
candidate lon=-107.238447 lat=37.000021 raw_within_radius=0 accepted_within_radius=0 excluded_within_radius=0 nearest_m=102.550 nearest_mtfcc=S1400 nearest_name=None source_id=us-census-tiger-2025-roads-08007 source_feature_id=1101454755285
candidate lon=-107.150895 lat=37.000044 raw_within_radius=0 accepted_within_radius=0 excluded_within_radius=0 nearest_m=522.131 nearest_mtfcc=S1400 nearest_name=None source_id=us-census-tiger-2025-roads-08007 source_feature_id=1101454755700
candidate lon=-107.146088 lat=37.000045 raw_within_radius=0 accepted_within_radius=0 excluded_within_radius=0 nearest_m=712.785 nearest_mtfcc=S1400 nearest_name=None source_id=us-census-tiger-2025-roads-08007 source_feature_id=1101454755703
candidate lon=-107.046865 lat=37.000044 raw_within_radius=0 accepted_within_radius=0 excluded_within_radius=0 nearest_m=925.371 nearest_mtfcc=S1400 nearest_name=Some("Indian Rte 162") source_id=us-census-tiger-2025-roads-08007 source_feature_id=11035781158801
candidate lon=-106.732026 lat=36.992625 raw_within_radius=0 accepted_within_radius=0 excluded_within_radius=0 nearest_m=782.613 nearest_mtfcc=S1400 nearest_name=None source_id=us-census-tiger-2025-roads-08007 source_feature_id=1101454755450
candidate lon=-106.728768 lat=36.992653 raw_within_radius=0 accepted_within_radius=0 excluded_within_radius=0 nearest_m=504.270 nearest_mtfcc=S1400 nearest_name=None source_id=us-census-tiger-2025-roads-08007 source_feature_id=1101454755450
candidate lon=-106.728707 lat=36.992561 raw_within_radius=0 accepted_within_radius=0 excluded_within_radius=0 nearest_m=502.020 nearest_mtfcc=S1400 nearest_name=None source_id=us-census-tiger-2025-roads-08007 source_feature_id=1101454755450
candidate lon=-106.728523 lat=36.992655 raw_within_radius=0 accepted_within_radius=0 excluded_within_radius=0 nearest_m=483.342 nearest_mtfcc=S1400 nearest_name=None source_id=us-census-tiger-2025-roads-08007 source_feature_id=1101454755450
candidate lon=-106.675233 lat=36.992935 raw_within_radius=1 accepted_within_radius=0 excluded_within_radius=1 nearest_m=0.000 nearest_mtfcc=S1500 nearest_name=None source_id=us-census-tiger-2025-roads-08007 source_feature_id=1101454755993
candidate lon=-106.509272 lat=36.993446 raw_within_radius=1 accepted_within_radius=0 excluded_within_radius=1 nearest_m=0.000 nearest_mtfcc=S1500 nearest_name=None source_id=us-census-tiger-2025-roads-08007 source_feature_id=1101454756013
candidate lon=-106.127754 lat=36.994846 raw_within_radius=1 accepted_within_radius=0 excluded_within_radius=1 nearest_m=0.000 nearest_mtfcc=S1500 nearest_name=None source_id=us-census-tiger-2025-roads-08021 source_feature_id=1101110819319
candidate lon=-106.050599 lat=36.995016 raw_within_radius=0 accepted_within_radius=0 excluded_within_radius=0 nearest_m=128.625 nearest_mtfcc=S1400 nearest_name=None source_id=us-census-tiger-2025-roads-08021 source_feature_id=1101110818561
candidate lon=-105.903923 lat=36.995551 raw_within_radius=1 accepted_within_radius=0 excluded_within_radius=1 nearest_m=0.000 nearest_mtfcc=S1500 nearest_name=None source_id=us-census-tiger-2025-roads-08021 source_feature_id=1101110819317
candidate lon=-105.878508 lat=36.995570 raw_within_radius=1 accepted_within_radius=0 excluded_within_radius=1 nearest_m=0.000 nearest_mtfcc=S1500 nearest_name=None source_id=us-census-tiger-2025-roads-08021 source_feature_id=1101110819312
candidate lon=-105.876990 lat=36.995563 raw_within_radius=1 accepted_within_radius=0 excluded_within_radius=1 nearest_m=0.000 nearest_mtfcc=S1500 nearest_name=None source_id=us-census-tiger-2025-roads-08021 source_feature_id=1101110819311
candidate lon=-105.823274 lat=36.995595 raw_within_radius=1 accepted_within_radius=0 excluded_within_radius=1 nearest_m=0.000 nearest_mtfcc=S1500 nearest_name=None source_id=us-census-tiger-2025-roads-08021 source_feature_id=1101110819305
candidate lon=-105.735047 lat=36.995771 raw_within_radius=1 accepted_within_radius=0 excluded_within_radius=1 nearest_m=0.000 nearest_mtfcc=S1500 nearest_name=None source_id=us-census-tiger-2025-roads-08021 source_feature_id=1101110819301
candidate lon=-105.663591 lat=36.995905 raw_within_radius=1 accepted_within_radius=0 excluded_within_radius=1 nearest_m=0.000 nearest_mtfcc=S1500 nearest_name=None source_id=us-census-tiger-2025-roads-08023 source_feature_id=110536437300
candidate lon=-105.660595 lat=36.995914 raw_within_radius=1 accepted_within_radius=0 excluded_within_radius=1 nearest_m=0.000 nearest_mtfcc=S1500 nearest_name=None source_id=us-census-tiger-2025-roads-08023 source_feature_id=110536437300
candidate lon=-105.645661 lat=36.995891 raw_within_radius=1 accepted_within_radius=0 excluded_within_radius=1 nearest_m=0.000 nearest_mtfcc=S1500 nearest_name=None source_id=us-census-tiger-2025-roads-08023 source_feature_id=110536437300
candidate lon=-105.629109 lat=36.995835 raw_within_radius=1 accepted_within_radius=0 excluded_within_radius=1 nearest_m=0.000 nearest_mtfcc=S1500 nearest_name=None source_id=us-census-tiger-2025-roads-08023 source_feature_id=110536437300
candidate lon=-104.296505 lat=36.994106 raw_within_radius=1 accepted_within_radius=0 excluded_within_radius=1 nearest_m=0.000 nearest_mtfcc=S1500 nearest_name=None source_id=us-census-tiger-2025-roads-08071 source_feature_id=1101007267281
candidate lon=-104.042664 lat=36.995826 raw_within_radius=0 accepted_within_radius=0 excluded_within_radius=0 nearest_m=1043.068 nearest_mtfcc=S1400 nearest_name=Some("Co Rd 119.8") source_id=us-census-tiger-2025-roads-08071 source_feature_id=1101007258176
candidate lon=-103.997457 lat=36.996192 raw_within_radius=0 accepted_within_radius=0 excluded_within_radius=0 nearest_m=1833.456 nearest_mtfcc=S1400 nearest_name=Some("Co Rd 125.7") source_id=us-census-tiger-2025-roads-08071 source_feature_id=1102148280047
candidate lon=-103.877214 lat=36.997070 raw_within_radius=0 accepted_within_radius=0 excluded_within_radius=0 nearest_m=795.851 nearest_mtfcc=S1200 nearest_name=Some("State Hwy 389") source_id=us-census-tiger-2025-roads-08071 source_feature_id=1101007256582
candidate lon=-103.735901 lat=36.997996 raw_within_radius=1 accepted_within_radius=0 excluded_within_radius=1 nearest_m=0.000 nearest_mtfcc=S1500 nearest_name=None source_id=us-census-tiger-2025-roads-08071 source_feature_id=1101007267244
candidate lon=-103.644576 lat=36.998480 raw_within_radius=1 accepted_within_radius=0 excluded_within_radius=1 nearest_m=0.000 nearest_mtfcc=S1500 nearest_name=None source_id=us-census-tiger-2025-roads-08071 source_feature_id=1101007267241
candidate lon=-103.599376 lat=36.998714 raw_within_radius=1 accepted_within_radius=0 excluded_within_radius=1 nearest_m=0.000 nearest_mtfcc=S1500 nearest_name=None source_id=us-census-tiger-2025-roads-08071 source_feature_id=1101007267213
candidate lon=-103.540536 lat=36.998917 raw_within_radius=0 accepted_within_radius=0 excluded_within_radius=0 nearest_m=2294.644 nearest_mtfcc=S1400 nearest_name=None source_id=us-census-tiger-2025-roads-08071 source_feature_id=1102698194728
candidate lon=-103.538919 lat=36.998924 raw_within_radius=0 accepted_within_radius=0 excluded_within_radius=0 nearest_m=2267.583 nearest_mtfcc=S1400 nearest_name=None source_id=us-census-tiger-2025-roads-08071 source_feature_id=1102698194728
candidate lon=-103.510935 lat=36.999038 raw_within_radius=0 accepted_within_radius=0 excluded_within_radius=0 nearest_m=925.876 nearest_mtfcc=S1400 nearest_name=Some("Co Rd 181") source_id=us-census-tiger-2025-roads-08071 source_feature_id=1101007256462
candidate lon=-103.501274 lat=36.999092 raw_within_radius=0 accepted_within_radius=0 excluded_within_radius=0 nearest_m=97.769 nearest_mtfcc=S1400 nearest_name=Some("Co Rd B039") source_id=us-census-tiger-2025-roads-08071 source_feature_id=1103730550149
candidate lon=-103.380713 lat=36.999428 raw_within_radius=0 accepted_within_radius=0 excluded_within_radius=0 nearest_m=5158.427 nearest_mtfcc=S1400 nearest_name=None source_id=us-census-tiger-2025-roads-08071 source_feature_id=1102148278799
candidate lon=-103.369340 lat=36.999446 raw_within_radius=0 accepted_within_radius=0 excluded_within_radius=0 nearest_m=5487.447 nearest_mtfcc=S1400 nearest_name=None source_id=us-census-tiger-2025-roads-08071 source_feature_id=1102148278799
candidate lon=-103.348940 lat=36.999447 raw_within_radius=0 accepted_within_radius=0 excluded_within_radius=0 nearest_m=6317.543 nearest_mtfcc=S1400 nearest_name=Some("Co Rd 10.8") source_id=us-census-tiger-2025-roads-08071 source_feature_id=1101007256698
candidate lon=-103.298321 lat=36.999560 raw_within_radius=0 accepted_within_radius=0 excluded_within_radius=0 nearest_m=5732.060 nearest_mtfcc=S1400 nearest_name=Some("Co Rd 4.3") source_id=us-census-tiger-2025-roads-08071 source_feature_id=1101007256588
candidate lon=-103.251637 lat=36.999613 raw_within_radius=0 accepted_within_radius=0 excluded_within_radius=0 nearest_m=2523.220 nearest_mtfcc=S1400 nearest_name=Some("Co Rd 4.3") source_id=us-census-tiger-2025-roads-08071 source_feature_id=1101007256588
candidate lon=-103.220158 lat=36.999727 raw_within_radius=0 accepted_within_radius=0 excluded_within_radius=0 nearest_m=1515.793 nearest_mtfcc=S1400 nearest_name=Some("Co Rd 213.8") source_id=us-census-tiger-2025-roads-08071 source_feature_id=1101007258317
candidate lon=-103.183664 lat=36.999913 raw_within_radius=0 accepted_within_radius=0 excluded_within_radius=0 nearest_m=1496.816 nearest_mtfcc=S1400 nearest_name=Some("Co Rd 213.8") source_id=us-census-tiger-2025-roads-08071 source_feature_id=1101007258317
candidate lon=-103.127569 lat=37.000138 raw_within_radius=0 accepted_within_radius=0 excluded_within_radius=0 nearest_m=1465.872 nearest_mtfcc=S1400 nearest_name=None source_id=us-census-tiger-2025-roads-08071 source_feature_id=1101007266502
candidate lon=-103.120663 lat=37.000160 raw_within_radius=0 accepted_within_radius=0 excluded_within_radius=0 nearest_m=2079.843 nearest_mtfcc=S1400 nearest_name=None source_id=us-census-tiger-2025-roads-08071 source_feature_id=1101007266502
candidate lon=-103.116775 lat=37.000173 raw_within_radius=0 accepted_within_radius=0 excluded_within_radius=0 nearest_m=2425.502 nearest_mtfcc=S1400 nearest_name=None source_id=us-census-tiger-2025-roads-08071 source_feature_id=1101007266502
candidate lon=-103.102457 lat=37.000125 raw_within_radius=0 accepted_within_radius=0 excluded_within_radius=0 nearest_m=3698.396 nearest_mtfcc=S1400 nearest_name=None source_id=us-census-tiger-2025-roads-08071 source_feature_id=1101007266502
candidate lon=-103.037445 lat=37.000078 raw_within_radius=0 accepted_within_radius=0 excluded_within_radius=0 nearest_m=3401.064 nearest_mtfcc=S1400 nearest_name=None source_id=us-census-tiger-2025-roads-08009 source_feature_id=110166757759
candidate lon=-103.013559 lat=37.000019 raw_within_radius=0 accepted_within_radius=0 excluded_within_radius=0 nearest_m=1397.060 nearest_mtfcc=S1400 nearest_name=None source_id=us-census-tiger-2025-roads-08009 source_feature_id=110166758029
