candidate_points=29 inspected_sources=4 inspected_rows=72216 radius_m=20
candidate lon=-109.045173 lat=36.999146 raw_within_radius=0 accepted_within_radius=0 excluded_within_radius=0 nearest_m=24.472 nearest_mtfcc=S1400 nearest_name=None source_id=us-census-tiger-2025-roads-35045 source_feature_id=1101585577036
candidate lon=-108.961071 lat=36.998918 raw_within_radius=1 accepted_within_radius=0 excluded_within_radius=1 nearest_m=0.000 nearest_mtfcc=S1500 nearest_name=None source_id=us-census-tiger-2025-roads-35045 source_feature_id=1101585606179
candidate lon=-108.953734 lat=36.999047 raw_within_radius=0 accepted_within_radius=0 excluded_within_radius=0 nearest_m=193.509 nearest_mtfcc=S1500 nearest_name=None source_id=us-census-tiger-2025-roads-35045 source_feature_id=1101585606180
candidate lon=-108.939422 lat=36.998886 raw_within_radius=0 accepted_within_radius=0 excluded_within_radius=0 nearest_m=67.098 nearest_mtfcc=S1500 nearest_name=None source_id=us-census-tiger-2025-roads-35045 source_feature_id=1101585606130
candidate lon=-107.968986 lat=36.999817 raw_within_radius=1 accepted_within_radius=0 excluded_within_radius=1 nearest_m=0.000 nearest_mtfcc=S1740 nearest_name=None source_id=us-census-tiger-2025-roads-35045 source_feature_id=1102800499069
candidate lon=-107.780599 lat=37.000059 raw_within_radius=1 accepted_within_radius=0 excluded_within_radius=1 nearest_m=0.000 nearest_mtfcc=S1740 nearest_name=Some("Rd 2770") source_id=us-census-tiger-2025-roads-35045 source_feature_id=1101585586294
candidate lon=-107.635528 lat=36.999924 raw_within_radius=1 accepted_within_radius=0 excluded_within_radius=1 nearest_m=0.000 nearest_mtfcc=S1740 nearest_name=None source_id=us-census-tiger-2025-roads-35045 source_feature_id=1101585582386
candidate lon=-107.601762 lat=36.999974 raw_within_radius=0 accepted_within_radius=0 excluded_within_radius=0 nearest_m=138.967 nearest_mtfcc=S1400 nearest_name=Some("Co Rd 4046") source_id=us-census-tiger-2025-roads-35045 source_feature_id=1103735325427
candidate lon=-107.597249 lat=36.999978 raw_within_radius=0 accepted_within_radius=0 excluded_within_radius=0 nearest_m=259.599 nearest_mtfcc=S1400 nearest_name=Some("Rd 4000") source_id=us-census-tiger-2025-roads-35045 source_feature_id=1106087419493
candidate lon=-107.584980 lat=36.999986 raw_within_radius=1 accepted_within_radius=0 excluded_within_radius=1 nearest_m=0.000 nearest_mtfcc=S1740 nearest_name=None source_id=us-census-tiger-2025-roads-35045 source_feature_id=1101585586233
candidate lon=-107.581610 lat=37.000077 raw_within_radius=1 accepted_within_radius=0 excluded_within_radius=1 nearest_m=11.197 nearest_mtfcc=S1740 nearest_name=None source_id=us-census-tiger-2025-roads-35045 source_feature_id=1101585586233
candidate lon=-107.581549 lat=36.999989 raw_within_radius=1 accepted_within_radius=0 excluded_within_radius=1 nearest_m=0.000 nearest_mtfcc=S1740 nearest_name=None source_id=us-census-tiger-2025-roads-35045 source_feature_id=1101585586233
candidate lon=-107.574270 lat=36.999997 raw_within_radius=1 accepted_within_radius=0 excluded_within_radius=1 nearest_m=0.000 nearest_mtfcc=S1740 nearest_name=None source_id=us-census-tiger-2025-roads-35045 source_feature_id=1101585586234
candidate lon=-107.541360 lat=37.000025 raw_within_radius=1 accepted_within_radius=0 excluded_within_radius=1 nearest_m=0.000 nearest_mtfcc=S1740 nearest_name=None source_id=us-census-tiger-2025-roads-35045 source_feature_id=1101585586229
candidate lon=-107.541064 lat=37.000025 raw_within_radius=0 accepted_within_radius=0 excluded_within_radius=0 nearest_m=21.461 nearest_mtfcc=S1740 nearest_name=None source_id=us-census-tiger-2025-roads-35045 source_feature_id=1101585586229
candidate lon=-107.510354 lat=37.000068 raw_within_radius=1 accepted_within_radius=0 excluded_within_radius=1 nearest_m=0.000 nearest_mtfcc=S1750 nearest_name=None source_id=us-census-tiger-2025-roads-35045 source_feature_id=1102730026578
candidate lon=-107.244045 lat=37.000036 raw_within_radius=0 accepted_within_radius=0 excluded_within_radius=0 nearest_m=83.160 nearest_mtfcc=S1400 nearest_name=None source_id=us-census-tiger-2025-roads-35039 source_feature_id=1101921970503
candidate lon=-106.918895 lat=37.000109 raw_within_radius=1 accepted_within_radius=0 excluded_within_radius=1 nearest_m=0.000 nearest_mtfcc=S1500 nearest_name=Some("Gated/inaccessible") source_id=us-census-tiger-2025-roads-35039 source_feature_id=1103671861189
candidate lon=-106.918631 lat=37.000109 raw_within_radius=0 accepted_within_radius=0 excluded_within_radius=0 nearest_m=23.471 nearest_mtfcc=S1500 nearest_name=Some("Gated/inaccessible") source_id=us-census-tiger-2025-roads-35039 source_feature_id=1103671861189
candidate lon=-106.914737 lat=37.000122 raw_within_radius=1 accepted_within_radius=0 excluded_within_radius=1 nearest_m=1.490 nearest_mtfcc=S1740 nearest_name=None source_id=us-census-tiger-2025-roads-35039 source_feature_id=1104490151669
candidate lon=-106.878317 lat=37.000102 raw_within_radius=0 accepted_within_radius=0 excluded_within_radius=0 nearest_m=1490.958 nearest_mtfcc=S1400 nearest_name=None source_id=us-census-tiger-2025-roads-35039 source_feature_id=11017244183561
candidate lon=-106.014956 lat=36.995423 raw_within_radius=0 accepted_within_radius=0 excluded_within_radius=0 nearest_m=26.984 nearest_mtfcc=S1400 nearest_name=None source_id=us-census-tiger-2025-roads-35039 source_feature_id=1101921978053
candidate lon=-105.618461 lat=36.995850 raw_within_radius=0 accepted_within_radius=0 excluded_within_radius=0 nearest_m=794.182 nearest_mtfcc=S1400 nearest_name=None source_id=us-census-tiger-2025-roads-35055 source_feature_id=1106081897546
candidate lon=-105.605017 lat=36.995846 raw_within_radius=0 accepted_within_radius=0 excluded_within_radius=0 nearest_m=401.764 nearest_mtfcc=S1400 nearest_name=None source_id=us-census-tiger-2025-roads-35055 source_feature_id=1106081897546
candidate lon=-105.122916 lat=36.995430 raw_within_radius=0 accepted_within_radius=0 excluded_within_radius=0 nearest_m=278.196 nearest_mtfcc=S1400 nearest_name=None source_id=us-census-tiger-2025-roads-35007 source_feature_id=110471100602
candidate lon=-105.085410 lat=36.994461 raw_within_radius=0 accepted_within_radius=0 excluded_within_radius=0 nearest_m=888.362 nearest_mtfcc=S1400 nearest_name=None source_id=us-census-tiger-2025-roads-35007 source_feature_id=1108476248555
candidate lon=-105.049385 lat=36.993530 raw_within_radius=0 accepted_within_radius=0 excluded_within_radius=0 nearest_m=389.458 nearest_mtfcc=S1400 nearest_name=None source_id=us-census-tiger-2025-roads-35007 source_feature_id=110471103304
candidate lon=-104.497781 lat=36.993879 raw_within_radius=0 accepted_within_radius=0 excluded_within_radius=0 nearest_m=281.919 nearest_mtfcc=S1400 nearest_name=None source_id=us-census-tiger-2025-roads-35007 source_feature_id=110471100457
candidate lon=-104.493395 lat=36.993877 raw_within_radius=0 accepted_within_radius=0 excluded_within_radius=0 nearest_m=550.133 nearest_mtfcc=S1400 nearest_name=None source_id=us-census-tiger-2025-roads-35007 source_feature_id=110471100457
