candidate_points=39 inspected_sources=7 inspected_rows=44167 radius_m=20
candidate lon=-116.049115 lat=48.062217 raw_within_radius=0 accepted_within_radius=0 excluded_within_radius=0 nearest_m=102.824 nearest_mtfcc=S1400 nearest_name=None source_id=us-census-tiger-2025-roads-16017 source_feature_id=110167659400
candidate lon=-116.049080 lat=48.792662 raw_within_radius=0 accepted_within_radius=0 excluded_within_radius=0 nearest_m=539.788 nearest_mtfcc=S1400 nearest_name=Some("Skin Creek Rd") source_id=us-census-tiger-2025-roads-16021 source_feature_id=110376633392
candidate lon=-116.049074 lat=48.896862 raw_within_radius=1 accepted_within_radius=0 excluded_within_radius=1 nearest_m=0.000 nearest_mtfcc=S1500 nearest_name=None source_id=us-census-tiger-2025-roads-16021 source_feature_id=110376652996
candidate lon=-116.049065 lat=48.415556 raw_within_radius=0 accepted_within_radius=0 excluded_within_radius=0 nearest_m=1438.363 nearest_mtfcc=S1640 nearest_name=Some("4556") source_id=us-census-tiger-2025-roads-16017 source_feature_id=1105327775927
candidate lon=-116.049030 lat=48.670529 raw_within_radius=1 accepted_within_radius=0 excluded_within_radius=1 nearest_m=0.000 nearest_mtfcc=S1740 nearest_name=None source_id=us-census-tiger-2025-roads-16021 source_feature_id=110376656337
candidate lon=-116.049023 lat=48.957947 raw_within_radius=0 accepted_within_radius=0 excluded_within_radius=0 nearest_m=39.177 nearest_mtfcc=S1400 nearest_name=None source_id=us-census-tiger-2025-roads-16021 source_feature_id=1105328963718
candidate lon=-116.048984 lat=48.538538 raw_within_radius=1 accepted_within_radius=0 excluded_within_radius=1 nearest_m=0.000 nearest_mtfcc=S1500 nearest_name=None source_id=us-census-tiger-2025-roads-16021 source_feature_id=110376653481
candidate lon=-116.048982 lat=48.546243 raw_within_radius=0 accepted_within_radius=0 excluded_within_radius=0 nearest_m=857.717 nearest_mtfcc=S1500 nearest_name=None source_id=us-census-tiger-2025-roads-16021 source_feature_id=110376653481
candidate lon=-116.048973 lat=48.339899 raw_within_radius=0 accepted_within_radius=0 excluded_within_radius=0 nearest_m=1290.750 nearest_mtfcc=S1500 nearest_name=Some("NFS Rd 473") source_id=us-census-tiger-2025-roads-16017 source_feature_id=110167653336
candidate lon=-116.048972 lat=48.338087 raw_within_radius=0 accepted_within_radius=0 excluded_within_radius=0 nearest_m=1089.039 nearest_mtfcc=S1500 nearest_name=Some("NFS Rd 473") source_id=us-census-tiger-2025-roads-16017 source_feature_id=110167653336
candidate lon=-116.048970 lat=48.328304 raw_within_radius=1 accepted_within_radius=0 excluded_within_radius=1 nearest_m=0.000 nearest_mtfcc=S1500 nearest_name=Some("NFS Rd 473") source_id=us-census-tiger-2025-roads-16017 source_feature_id=110167653336
candidate lon=-116.048969 lat=48.326598 raw_within_radius=1 accepted_within_radius=0 excluded_within_radius=1 nearest_m=0.000 nearest_mtfcc=S1500 nearest_name=Some("NFS Rd 473") source_id=us-census-tiger-2025-roads-16017 source_feature_id=110167653335
candidate lon=-116.048968 lat=48.325940 raw_within_radius=1 accepted_within_radius=0 excluded_within_radius=1 nearest_m=0.000 nearest_mtfcc=S1500 nearest_name=Some("NFS Rd 473") source_id=us-census-tiger-2025-roads-16017 source_feature_id=110167653335
candidate lon=-116.048968 lat=48.553190 raw_within_radius=0 accepted_within_radius=0 excluded_within_radius=0 nearest_m=1222.600 nearest_mtfcc=S1500 nearest_name=Some("NFS Rd 4504") source_id=us-census-tiger-2025-roads-16021 source_feature_id=110376633720
candidate lon=-116.048968 lat=48.553251 raw_within_radius=0 accepted_within_radius=0 excluded_within_radius=0 nearest_m=1226.813 nearest_mtfcc=S1500 nearest_name=Some("NFS Rd 4504") source_id=us-census-tiger-2025-roads-16021 source_feature_id=110376633720
candidate lon=-116.048830 lat=48.349020 raw_within_radius=0 accepted_within_radius=0 excluded_within_radius=0 nearest_m=2306.118 nearest_mtfcc=S1500 nearest_name=Some("NFS Rd 473") source_id=us-census-tiger-2025-roads-16017 source_feature_id=110167653336
candidate lon=-116.048825 lat=48.576696 raw_within_radius=0 accepted_within_radius=0 excluded_within_radius=0 nearest_m=135.044 nearest_mtfcc=S1400 nearest_name=None source_id=us-census-tiger-2025-roads-16021 source_feature_id=1102411516921
candidate lon=-116.048811 lat=48.312180 raw_within_radius=0 accepted_within_radius=0 excluded_within_radius=0 nearest_m=1474.849 nearest_mtfcc=S1500 nearest_name=Some("NFS Rd 473") source_id=us-census-tiger-2025-roads-16017 source_feature_id=110167653336
candidate lon=-116.048771 lat=48.391688 raw_within_radius=0 accepted_within_radius=0 excluded_within_radius=0 nearest_m=93.167 nearest_mtfcc=S1640 nearest_name=Some("4434") source_id=us-census-tiger-2025-roads-16017 source_feature_id=1105327775383
candidate lon=-115.896344 lat=47.845363 raw_within_radius=0 accepted_within_radius=0 excluded_within_radius=0 nearest_m=438.602 nearest_mtfcc=S1400 nearest_name=Some("Coeur D Alene Nf Rd 151") source_id=us-census-tiger-2025-roads-16079 source_feature_id=110460849590
candidate lon=-115.653792 lat=47.455121 raw_within_radius=0 accepted_within_radius=0 excluded_within_radius=0 nearest_m=878.616 nearest_mtfcc=S1400 nearest_name=None source_id=us-census-tiger-2025-roads-16079 source_feature_id=1105327382376
candidate lon=-115.646978 lat=47.456611 raw_within_radius=0 accepted_within_radius=0 excluded_within_radius=0 nearest_m=785.095 nearest_mtfcc=S1400 nearest_name=Some("Old Yellowstone Trl") source_id=us-census-tiger-2025-roads-16079 source_feature_id=110460848994
candidate lon=-115.598973 lat=47.374001 raw_within_radius=1 accepted_within_radius=0 excluded_within_radius=1 nearest_m=0.000 nearest_mtfcc=S1500 nearest_name=Some("NFS Rd 391") source_id=us-census-tiger-2025-roads-16079 source_feature_id=110460844595
candidate lon=-115.225544 lat=47.148887 raw_within_radius=0 accepted_within_radius=0 excluded_within_radius=0 nearest_m=45.497 nearest_mtfcc=S1400 nearest_name=Some("NFS Rd 1278") source_id=us-census-tiger-2025-roads-16079 source_feature_id=1104470315768
candidate lon=-115.050482 lat=46.972764 raw_within_radius=1 accepted_within_radius=0 excluded_within_radius=1 nearest_m=0.000 nearest_mtfcc=S1500 nearest_name=None source_id=us-census-tiger-2025-roads-16079 source_feature_id=110460875248
candidate lon=-115.050347 lat=46.972481 raw_within_radius=1 accepted_within_radius=0 excluded_within_radius=1 nearest_m=0.000 nearest_mtfcc=S1500 nearest_name=None source_id=us-census-tiger-2025-roads-16079 source_feature_id=110460875249
candidate lon=-115.048789 lat=46.970036 raw_within_radius=1 accepted_within_radius=0 excluded_within_radius=1 nearest_m=0.000 nearest_mtfcc=S1500 nearest_name=None source_id=us-census-tiger-2025-roads-16079 source_feature_id=110460875249
candidate lon=-115.026283 lat=46.975380 raw_within_radius=1 accepted_within_radius=0 excluded_within_radius=1 nearest_m=0.000 nearest_mtfcc=S1500 nearest_name=None source_id=us-census-tiger-2025-roads-16079 source_feature_id=110460875250
candidate lon=-114.463030 lat=45.547837 raw_within_radius=0 accepted_within_radius=0 excluded_within_radius=0 nearest_m=132.120 nearest_mtfcc=S1400 nearest_name=Some("F R 044") source_id=us-census-tiger-2025-roads-16059 source_feature_id=1105340169392
candidate lon=-114.358076 lat=45.472650 raw_within_radius=0 accepted_within_radius=0 excluded_within_radius=0 nearest_m=198.832 nearest_mtfcc=S1400 nearest_name=None source_id=us-census-tiger-2025-roads-16059 source_feature_id=110378066460
candidate lon=-114.351698 lat=45.471093 raw_within_radius=0 accepted_within_radius=0 excluded_within_radius=0 nearest_m=41.154 nearest_mtfcc=S1400 nearest_name=None source_id=us-census-tiger-2025-roads-16059 source_feature_id=1105340170066
candidate lon=-114.329893 lat=45.461003 raw_within_radius=0 accepted_within_radius=0 excluded_within_radius=0 nearest_m=47.330 nearest_mtfcc=S1400 nearest_name=Some("NFS Rd 044") source_id=us-census-tiger-2025-roads-16059 source_feature_id=1105340169329
candidate lon=-114.309819 lat=45.469440 raw_within_radius=0 accepted_within_radius=0 excluded_within_radius=0 nearest_m=24.072 nearest_mtfcc=S1400 nearest_name=Some("Spr Off 38") source_id=us-census-tiger-2025-roads-16059 source_feature_id=1105340169855
candidate lon=-114.190435 lat=45.539641 raw_within_radius=1 accepted_within_radius=0 excluded_within_radius=1 nearest_m=0.000 nearest_mtfcc=S1500 nearest_name=None source_id=us-census-tiger-2025-roads-16059 source_feature_id=110378066542
candidate lon=-113.947846 lat=45.693661 raw_within_radius=0 accepted_within_radius=0 excluded_within_radius=0 nearest_m=28.893 nearest_mtfcc=S1200 nearest_name=Some("State Hwy 43") source_id=us-census-tiger-2025-roads-16059 source_feature_id=110378060380
candidate lon=-113.829237 lat=45.536770 raw_within_radius=0 accepted_within_radius=0 excluded_within_radius=0 nearest_m=37.259 nearest_mtfcc=S1400 nearest_name=Some("Rd Off 78") source_id=us-census-tiger-2025-roads-16059 source_feature_id=1105332892145
candidate lon=-113.517424 lat=45.087482 raw_within_radius=0 accepted_within_radius=0 excluded_within_radius=0 nearest_m=36.295 nearest_mtfcc=S1400 nearest_name=None source_id=us-census-tiger-2025-roads-16059 source_feature_id=1105332891361
candidate lon=-113.357100 lat=44.820562 raw_within_radius=0 accepted_within_radius=0 excluded_within_radius=0 nearest_m=3304.012 nearest_mtfcc=S1400 nearest_name=Some("Mollies Gulch Rd") source_id=us-census-tiger-2025-roads-16059 source_feature_id=11034695394617
candidate lon=-112.722833 lat=44.502985 raw_within_radius=0 accepted_within_radius=0 excluded_within_radius=0 nearest_m=951.499 nearest_mtfcc=S1400 nearest_name=None source_id=us-census-tiger-2025-roads-16033 source_feature_id=1105332999805
