candidate_points=23 inspected_sources=4 inspected_rows=13948 radius_m=20
candidate lon=-113.884247 lat=41.988170 raw_within_radius=0 accepted_within_radius=0 excluded_within_radius=0 nearest_m=21.483 nearest_mtfcc=S1400 nearest_name=None source_id=us-census-tiger-2025-roads-16031 source_feature_id=110453234739
candidate lon=-113.882386 lat=41.988299 raw_within_radius=0 accepted_within_radius=0 excluded_within_radius=0 nearest_m=167.649 nearest_mtfcc=S1400 nearest_name=None source_id=us-census-tiger-2025-roads-16031 source_feature_id=110453234739
candidate lon=-113.626613 lat=41.991440 raw_within_radius=0 accepted_within_radius=0 excluded_within_radius=0 nearest_m=1750.622 nearest_mtfcc=S1400 nearest_name=Some("Lynn Rd") source_id=us-census-tiger-2025-roads-16031 source_feature_id=1105321647176
candidate lon=-113.564382 lat=41.992260 raw_within_radius=0 accepted_within_radius=0 excluded_within_radius=0 nearest_m=465.897 nearest_mtfcc=S1400 nearest_name=None source_id=us-census-tiger-2025-roads-16031 source_feature_id=110453234554
candidate lon=-113.205005 lat=41.996366 raw_within_radius=0 accepted_within_radius=0 excluded_within_radius=0 nearest_m=813.595 nearest_mtfcc=S1400 nearest_name=Some("Old Hwy 81") source_id=us-census-tiger-2025-roads-16031 source_feature_id=110453199112
candidate lon=-113.191619 lat=41.996344 raw_within_radius=0 accepted_within_radius=0 excluded_within_radius=0 nearest_m=20.690 nearest_mtfcc=S1400 nearest_name=Some("Old Hwy 81") source_id=us-census-tiger-2025-roads-16031 source_feature_id=110453199112
candidate lon=-112.902090 lat=41.998968 raw_within_radius=1 accepted_within_radius=0 excluded_within_radius=1 nearest_m=0.000 nearest_mtfcc=S1740 nearest_name=Some("27440 North Rd") source_id=us-census-tiger-2025-roads-16071 source_feature_id=1102409050609
candidate lon=-112.843483 lat=41.999353 raw_within_radius=0 accepted_within_radius=0 excluded_within_radius=0 nearest_m=666.282 nearest_mtfcc=S1100 nearest_name=Some("I- 84") source_id=us-census-tiger-2025-roads-16071 source_feature_id=1103716883870
candidate lon=-112.782761 lat=41.999760 raw_within_radius=0 accepted_within_radius=0 excluded_within_radius=0 nearest_m=455.504 nearest_mtfcc=S1400 nearest_name=None source_id=us-census-tiger-2025-roads-16071 source_feature_id=1102701602626
candidate lon=-112.781750 lat=41.999769 raw_within_radius=0 accepted_within_radius=0 excluded_within_radius=0 nearest_m=538.148 nearest_mtfcc=S1400 nearest_name=None source_id=us-census-tiger-2025-roads-16071 source_feature_id=1102701602626
candidate lon=-112.775055 lat=41.999806 raw_within_radius=0 accepted_within_radius=0 excluded_within_radius=0 nearest_m=762.250 nearest_mtfcc=S1400 nearest_name=None source_id=us-census-tiger-2025-roads-16071 source_feature_id=1104470757252
candidate lon=-112.770870 lat=41.999822 raw_within_radius=0 accepted_within_radius=0 excluded_within_radius=0 nearest_m=416.035 nearest_mtfcc=S1400 nearest_name=None source_id=us-census-tiger-2025-roads-16071 source_feature_id=1104470757252
candidate lon=-112.286995 lat=42.001025 raw_within_radius=1 accepted_within_radius=0 excluded_within_radius=1 nearest_m=0.000 nearest_mtfcc=S1740 nearest_name=None source_id=us-census-tiger-2025-roads-16071 source_feature_id=110378784731
candidate lon=-112.024828 lat=41.998109 raw_within_radius=0 accepted_within_radius=0 excluded_within_radius=0 nearest_m=166.721 nearest_mtfcc=S1400 nearest_name=Some("Kohier Rd") source_id=us-census-tiger-2025-roads-16041 source_feature_id=110446407125
candidate lon=-111.998950 lat=41.998355 raw_within_radius=0 accepted_within_radius=0 excluded_within_radius=0 nearest_m=99.551 nearest_mtfcc=S1400 nearest_name=None source_id=us-census-tiger-2025-roads-16041 source_feature_id=110446423802
candidate lon=-111.671541 lat=41.999376 raw_within_radius=0 accepted_within_radius=0 excluded_within_radius=0 nearest_m=2965.804 nearest_mtfcc=S1500 nearest_name=Some("White Canyon Creek Rd") source_id=us-census-tiger-2025-roads-16041 source_feature_id=110446408048
candidate lon=-111.661815 lat=41.999377 raw_within_radius=0 accepted_within_radius=0 excluded_within_radius=0 nearest_m=2382.587 nearest_mtfcc=S1500 nearest_name=Some("White Canyon Creek Rd") source_id=us-census-tiger-2025-roads-16041 source_feature_id=110446408048
candidate lon=-111.641922 lat=41.999379 raw_within_radius=0 accepted_within_radius=0 excluded_within_radius=0 nearest_m=1011.288 nearest_mtfcc=S1400 nearest_name=None source_id=us-census-tiger-2025-roads-16041 source_feature_id=110446424774
candidate lon=-111.608016 lat=41.999369 raw_within_radius=1 accepted_within_radius=0 excluded_within_radius=1 nearest_m=0.000 nearest_mtfcc=S1500 nearest_name=None source_id=us-census-tiger-2025-roads-16041 source_feature_id=110446425118
candidate lon=-111.598993 lat=41.999506 raw_within_radius=1 accepted_within_radius=0 excluded_within_radius=1 nearest_m=0.000 nearest_mtfcc=S1500 nearest_name=None source_id=us-census-tiger-2025-roads-16041 source_feature_id=11033198819013
candidate lon=-111.519133 lat=41.999513 raw_within_radius=1 accepted_within_radius=0 excluded_within_radius=1 nearest_m=0.000 nearest_mtfcc=S1500 nearest_name=None source_id=us-census-tiger-2025-roads-16041 source_feature_id=110446425108
candidate lon=-111.172934 lat=42.001443 raw_within_radius=0 accepted_within_radius=0 excluded_within_radius=0 nearest_m=1284.942 nearest_mtfcc=S1400 nearest_name=None source_id=us-census-tiger-2025-roads-16007 source_feature_id=110453808224
candidate lon=-111.098521 lat=42.001566 raw_within_radius=0 accepted_within_radius=0 excluded_within_radius=0 nearest_m=483.597 nearest_mtfcc=S1400 nearest_name=None source_id=us-census-tiger-2025-roads-16007 source_feature_id=110453807007
