candidate_points=98 inspected_sources=7 inspected_rows=56786 radius_m=20
candidate lon=-116.049263 lat=48.612385 raw_within_radius=0 accepted_within_radius=0 excluded_within_radius=0 nearest_m=39.602 nearest_mtfcc=S1400 nearest_name=Some("Twentymile Leonia Rd") source_id=us-census-tiger-2025-roads-30053 source_feature_id=1105327775304
candidate lon=-116.049238 lat=48.612543 raw_within_radius=0 accepted_within_radius=0 excluded_within_radius=0 nearest_m=55.847 nearest_mtfcc=S1400 nearest_name=Some("Twentymile Leonia Rd") source_id=us-census-tiger-2025-roads-30053 source_feature_id=1105327775304
candidate lon=-116.049080 lat=48.909067 raw_within_radius=0 accepted_within_radius=0 excluded_within_radius=0 nearest_m=303.123 nearest_mtfcc=S1400 nearest_name=None source_id=us-census-tiger-2025-roads-30053 source_feature_id=110340529596
candidate lon=-116.049044 lat=48.635026 raw_within_radius=1 accepted_within_radius=0 excluded_within_radius=1 nearest_m=0.000 nearest_mtfcc=S1740 nearest_name=None source_id=us-census-tiger-2025-roads-30053 source_feature_id=110340533183
candidate lon=-116.049043 lat=48.626108 raw_within_radius=1 accepted_within_radius=0 excluded_within_radius=1 nearest_m=0.000 nearest_mtfcc=S1740 nearest_name=None source_id=us-census-tiger-2025-roads-30053 source_feature_id=110340533166
candidate lon=-116.030139 lat=47.972218 raw_within_radius=0 accepted_within_radius=0 excluded_within_radius=0 nearest_m=343.733 nearest_mtfcc=S1400 nearest_name=Some("NFS Rd 430") source_id=us-census-tiger-2025-roads-30089 source_feature_id=110780187117
candidate lon=-115.846448 lat=47.816707 raw_within_radius=0 accepted_within_radius=0 excluded_within_radius=0 nearest_m=400.500 nearest_mtfcc=S1400 nearest_name=None source_id=us-census-tiger-2025-roads-30089 source_feature_id=1105333000138
candidate lon=-115.716646 lat=47.576954 raw_within_radius=0 accepted_within_radius=0 excluded_within_radius=0 nearest_m=42.764 nearest_mtfcc=S1400 nearest_name=Some("State Hwy 471") source_id=us-census-tiger-2025-roads-30089 source_feature_id=1104258599329
candidate lon=-115.577741 lat=47.367432 raw_within_radius=0 accepted_within_radius=0 excluded_within_radius=0 nearest_m=1143.988 nearest_mtfcc=S1400 nearest_name=Some("Silver Creek Rd") source_id=us-census-tiger-2025-roads-30061 source_feature_id=11033746717438
candidate lon=-115.304060 lat=47.227479 raw_within_radius=0 accepted_within_radius=0 excluded_within_radius=0 nearest_m=29.794 nearest_mtfcc=S1400 nearest_name=Some("Little Joe Rd") source_id=us-census-tiger-2025-roads-30061 source_feature_id=110429361808
candidate lon=-115.266854 lat=47.181120 raw_within_radius=0 accepted_within_radius=0 excluded_within_radius=0 nearest_m=20.611 nearest_mtfcc=S1400 nearest_name=None source_id=us-census-tiger-2025-roads-30061 source_feature_id=110429363624
candidate lon=-114.814438 lat=46.781531 raw_within_radius=0 accepted_within_radius=0 excluded_within_radius=0 nearest_m=1713.309 nearest_mtfcc=S1400 nearest_name=None source_id=us-census-tiger-2025-roads-30061 source_feature_id=110429363582
candidate lon=-114.493113 lat=46.115926 raw_within_radius=0 accepted_within_radius=0 excluded_within_radius=0 nearest_m=27.103 nearest_mtfcc=S1400 nearest_name=None source_id=us-census-tiger-2025-roads-30081 source_feature_id=1105333235319
candidate lon=-114.359511 lat=46.669428 raw_within_radius=0 accepted_within_radius=0 excluded_within_radius=0 nearest_m=451.990 nearest_mtfcc=S1400 nearest_name=None source_id=us-census-tiger-2025-roads-30063 source_feature_id=110767081798
candidate lon=-114.332689 lat=45.459462 raw_within_radius=0 accepted_within_radius=0 excluded_within_radius=0 nearest_m=31.733 nearest_mtfcc=S1400 nearest_name=Some("Spr Off 38") source_id=us-census-tiger-2025-roads-30081 source_feature_id=1105340169859
candidate lon=-114.322169 lat=45.465831 raw_within_radius=0 accepted_within_radius=0 excluded_within_radius=0 nearest_m=292.530 nearest_mtfcc=S1400 nearest_name=Some("Border Rd Mt Id Off 038") source_id=us-census-tiger-2025-roads-30081 source_feature_id=1105340169817
candidate lon=-113.991553 lat=45.704502 raw_within_radius=0 accepted_within_radius=0 excluded_within_radius=0 nearest_m=28.129 nearest_mtfcc=S1400 nearest_name=None source_id=us-census-tiger-2025-roads-30081 source_feature_id=110457948251
candidate lon=-113.972476 lat=45.702545 raw_within_radius=0 accepted_within_radius=0 excluded_within_radius=0 nearest_m=923.108 nearest_mtfcc=S1400 nearest_name=None source_id=us-census-tiger-2025-roads-30081 source_feature_id=110457948975
candidate lon=-113.964862 lat=45.690039 raw_within_radius=0 accepted_within_radius=0 excluded_within_radius=0 nearest_m=155.340 nearest_mtfcc=S1400 nearest_name=None source_id=us-census-tiger-2025-roads-30081 source_feature_id=110457948975
candidate lon=-113.904714 lat=45.622038 raw_within_radius=0 accepted_within_radius=0 excluded_within_radius=0 nearest_m=91.963 nearest_mtfcc=S1400 nearest_name=None source_id=us-census-tiger-2025-roads-30001 source_feature_id=1102216026891
candidate lon=-113.899425 lat=45.647331 raw_within_radius=0 accepted_within_radius=0 excluded_within_radius=0 nearest_m=575.100 nearest_mtfcc=S1400 nearest_name=None source_id=us-census-tiger-2025-roads-30001 source_feature_id=110515425578
candidate lon=-113.830533 lat=45.528637 raw_within_radius=0 accepted_within_radius=0 excluded_within_radius=0 nearest_m=157.298 nearest_mtfcc=S1400 nearest_name=None source_id=us-census-tiger-2025-roads-30001 source_feature_id=1105332891313
candidate lon=-113.829560 lat=45.531316 raw_within_radius=0 accepted_within_radius=0 excluded_within_radius=0 nearest_m=196.260 nearest_mtfcc=S1400 nearest_name=None source_id=us-census-tiger-2025-roads-30001 source_feature_id=1105333000156
candidate lon=-113.827570 lat=45.540288 raw_within_radius=0 accepted_within_radius=0 excluded_within_radius=0 nearest_m=63.764 nearest_mtfcc=S1400 nearest_name=None source_id=us-census-tiger-2025-roads-30001 source_feature_id=1105332891332
candidate lon=-113.826592 lat=45.542264 raw_within_radius=0 accepted_within_radius=0 excluded_within_radius=0 nearest_m=278.333 nearest_mtfcc=S1400 nearest_name=None source_id=us-census-tiger-2025-roads-30001 source_feature_id=110515424356
candidate lon=-113.597703 lat=45.187339 raw_within_radius=0 accepted_within_radius=0 excluded_within_radius=0 nearest_m=689.524 nearest_mtfcc=S1400 nearest_name=Some("Divide") source_id=us-census-tiger-2025-roads-30001 source_feature_id=1105333000296
candidate lon=-113.591679 lat=45.173313 raw_within_radius=0 accepted_within_radius=0 excluded_within_radius=0 nearest_m=227.100 nearest_mtfcc=S1400 nearest_name=Some("Spur") source_id=us-census-tiger-2025-roads-30001 source_feature_id=1105332892585
candidate lon=-113.522645 lat=45.091562 raw_within_radius=0 accepted_within_radius=0 excluded_within_radius=0 nearest_m=162.994 nearest_mtfcc=S1400 nearest_name=Some("Wood Rd") source_id=us-census-tiger-2025-roads-30001 source_feature_id=1105332891298
candidate lon=-113.522112 lat=45.091337 raw_within_radius=0 accepted_within_radius=0 excluded_within_radius=0 nearest_m=114.205 nearest_mtfcc=S1400 nearest_name=Some("Wood Rd") source_id=us-census-tiger-2025-roads-30001 source_feature_id=1105332891298
candidate lon=-113.521686 lat=45.091047 raw_within_radius=0 accepted_within_radius=0 excluded_within_radius=0 nearest_m=68.910 nearest_mtfcc=S1400 nearest_name=Some("Wood Rd") source_id=us-census-tiger-2025-roads-30001 source_feature_id=1105332891298
candidate lon=-113.520639 lat=45.094251 raw_within_radius=0 accepted_within_radius=0 excluded_within_radius=0 nearest_m=320.752 nearest_mtfcc=S1400 nearest_name=Some("Wood Rd") source_id=us-census-tiger-2025-roads-30001 source_feature_id=1105332891298
candidate lon=-113.518396 lat=45.095585 raw_within_radius=0 accepted_within_radius=0 excluded_within_radius=0 nearest_m=472.961 nearest_mtfcc=S1400 nearest_name=Some("Wood Rd") source_id=us-census-tiger-2025-roads-30001 source_feature_id=1105332891298
candidate lon=-113.498088 lat=45.081106 raw_within_radius=0 accepted_within_radius=0 excluded_within_radius=0 nearest_m=121.763 nearest_mtfcc=S1400 nearest_name=Some("184 Spr") source_id=us-census-tiger-2025-roads-30001 source_feature_id=1105332891749
candidate lon=-113.495558 lat=44.935902 raw_within_radius=1 accepted_within_radius=0 excluded_within_radius=1 nearest_m=5.177 nearest_mtfcc=S1500 nearest_name=None source_id=us-census-tiger-2025-roads-30001 source_feature_id=110515426387
candidate lon=-113.495538 lat=44.935905 raw_within_radius=1 accepted_within_radius=0 excluded_within_radius=1 nearest_m=4.974 nearest_mtfcc=S1500 nearest_name=None source_id=us-census-tiger-2025-roads-30001 source_feature_id=110515426387
candidate lon=-113.491148 lat=45.077441 raw_within_radius=0 accepted_within_radius=0 excluded_within_radius=0 nearest_m=364.377 nearest_mtfcc=S1400 nearest_name=Some("Spr Off Kenney Cr") source_id=us-census-tiger-2025-roads-30001 source_feature_id=1103679044366
candidate lon=-113.490555 lat=45.077269 raw_within_radius=0 accepted_within_radius=0 excluded_within_radius=0 nearest_m=409.691 nearest_mtfcc=S1400 nearest_name=Some("Spr Off Kenney Cr") source_id=us-census-tiger-2025-roads-30001 source_feature_id=1103679044366
candidate lon=-113.488844 lat=45.076070 raw_within_radius=0 accepted_within_radius=0 excluded_within_radius=0 nearest_m=599.111 nearest_mtfcc=S1400 nearest_name=Some("Spr Off Kenney Cr") source_id=us-census-tiger-2025-roads-30001 source_feature_id=1103679044366
candidate lon=-113.488003 lat=45.075116 raw_within_radius=0 accepted_within_radius=0 excluded_within_radius=0 nearest_m=491.610 nearest_mtfcc=S1400 nearest_name=Some("Spr In Kenney Cr") source_id=us-census-tiger-2025-roads-30001 source_feature_id=1105333376931
candidate lon=-113.487996 lat=45.072870 raw_within_radius=0 accepted_within_radius=0 excluded_within_radius=0 nearest_m=241.751 nearest_mtfcc=S1400 nearest_name=Some("Spr In Kenney Cr") source_id=us-census-tiger-2025-roads-30001 source_feature_id=1105333376931
candidate lon=-113.486595 lat=45.069289 raw_within_radius=0 accepted_within_radius=0 excluded_within_radius=0 nearest_m=34.440 nearest_mtfcc=S1400 nearest_name=Some("Spr Of Kenney Cr") source_id=us-census-tiger-2025-roads-30001 source_feature_id=1105333377007
candidate lon=-113.486235 lat=45.064761 raw_within_radius=0 accepted_within_radius=0 excluded_within_radius=0 nearest_m=426.517 nearest_mtfcc=S1400 nearest_name=Some("Spr In Kenney Cr") source_id=us-census-tiger-2025-roads-30001 source_feature_id=1105333376934
candidate lon=-113.486041 lat=45.067679 raw_within_radius=0 accepted_within_radius=0 excluded_within_radius=0 nearest_m=101.995 nearest_mtfcc=S1400 nearest_name=Some("Spr In Kenney Cr") source_id=us-census-tiger-2025-roads-30001 source_feature_id=1105333376934
candidate lon=-113.484121 lat=45.063457 raw_within_radius=0 accepted_within_radius=0 excluded_within_radius=0 nearest_m=593.351 nearest_mtfcc=S1400 nearest_name=Some("Spr In Kenney Cr") source_id=us-census-tiger-2025-roads-30001 source_feature_id=1105333376934
candidate lon=-113.483301 lat=45.063211 raw_within_radius=0 accepted_within_radius=0 excluded_within_radius=0 nearest_m=639.263 nearest_mtfcc=S1400 nearest_name=Some("Spr In Kenney Cr") source_id=us-census-tiger-2025-roads-30001 source_feature_id=1105333376934
candidate lon=-113.482513 lat=45.063170 raw_within_radius=0 accepted_within_radius=0 excluded_within_radius=0 nearest_m=667.489 nearest_mtfcc=S1400 nearest_name=Some("Spr In Kenney Cr") source_id=us-census-tiger-2025-roads-30001 source_feature_id=1105333376934
candidate lon=-113.476965 lat=44.949440 raw_within_radius=0 accepted_within_radius=0 excluded_within_radius=0 nearest_m=287.596 nearest_mtfcc=S1500 nearest_name=None source_id=us-census-tiger-2025-roads-30001 source_feature_id=110515426534
candidate lon=-113.472241 lat=44.948292 raw_within_radius=2 accepted_within_radius=0 excluded_within_radius=2 nearest_m=16.776 nearest_mtfcc=S1500 nearest_name=None source_id=us-census-tiger-2025-roads-30001 source_feature_id=1105333235121
candidate lon=-113.467346 lat=44.948124 raw_within_radius=1 accepted_within_radius=0 excluded_within_radius=1 nearest_m=13.482 nearest_mtfcc=S1500 nearest_name=None source_id=us-census-tiger-2025-roads-30001 source_feature_id=110515426536
candidate lon=-113.466442 lat=44.947847 raw_within_radius=0 accepted_within_radius=0 excluded_within_radius=0 nearest_m=30.162 nearest_mtfcc=S1500 nearest_name=None source_id=us-census-tiger-2025-roads-30001 source_feature_id=110515426536
candidate lon=-113.454653 lat=45.038263 raw_within_radius=0 accepted_within_radius=0 excluded_within_radius=0 nearest_m=2103.076 nearest_mtfcc=S1640 nearest_name=None source_id=us-census-tiger-2025-roads-30001 source_feature_id=1102212721789
candidate lon=-113.451464 lat=45.036417 raw_within_radius=0 accepted_within_radius=0 excluded_within_radius=0 nearest_m=1911.496 nearest_mtfcc=S1640 nearest_name=None source_id=us-census-tiger-2025-roads-30001 source_feature_id=1102212721789
candidate lon=-113.450597 lat=44.953213 raw_within_radius=0 accepted_within_radius=0 excluded_within_radius=0 nearest_m=515.688 nearest_mtfcc=S1400 nearest_name=None source_id=us-census-tiger-2025-roads-30001 source_feature_id=110515423208
candidate lon=-113.450569 lat=44.953399 raw_within_radius=0 accepted_within_radius=0 excluded_within_radius=0 nearest_m=522.256 nearest_mtfcc=S1400 nearest_name=None source_id=us-census-tiger-2025-roads-30001 source_feature_id=110515423208
candidate lon=-113.447766 lat=44.967851 raw_within_radius=0 accepted_within_radius=0 excluded_within_radius=0 nearest_m=274.961 nearest_mtfcc=S1400 nearest_name=None source_id=us-census-tiger-2025-roads-30001 source_feature_id=1105333000124
candidate lon=-113.447709 lat=44.971823 raw_within_radius=0 accepted_within_radius=0 excluded_within_radius=0 nearest_m=206.190 nearest_mtfcc=S1400 nearest_name=None source_id=us-census-tiger-2025-roads-30001 source_feature_id=1105333000124
candidate lon=-113.446666 lat=44.983128 raw_within_radius=0 accepted_within_radius=0 excluded_within_radius=0 nearest_m=351.434 nearest_mtfcc=S1400 nearest_name=Some("Lemhi Pass Rd") source_id=us-census-tiger-2025-roads-30001 source_feature_id=11033193131111
candidate lon=-113.446512 lat=44.983228 raw_within_radius=0 accepted_within_radius=0 excluded_within_radius=0 nearest_m=344.427 nearest_mtfcc=S1400 nearest_name=Some("Lemhi Pass Rd") source_id=us-census-tiger-2025-roads-30001 source_feature_id=11033193131111
candidate lon=-113.446363 lat=44.982097 raw_within_radius=0 accepted_within_radius=0 excluded_within_radius=0 nearest_m=300.994 nearest_mtfcc=S1400 nearest_name=Some("Lemhi Pass Rd") source_id=us-census-tiger-2025-roads-30001 source_feature_id=11033193131111
candidate lon=-113.446253 lat=44.956160 raw_within_radius=0 accepted_within_radius=0 excluded_within_radius=0 nearest_m=950.061 nearest_mtfcc=S1400 nearest_name=None source_id=us-census-tiger-2025-roads-30001 source_feature_id=110515423208
candidate lon=-113.446143 lat=44.982288 raw_within_radius=0 accepted_within_radius=0 excluded_within_radius=0 nearest_m=286.898 nearest_mtfcc=S1400 nearest_name=Some("Lemhi Pass Rd") source_id=us-census-tiger-2025-roads-30001 source_feature_id=11033193131111
candidate lon=-113.446061 lat=44.989294 raw_within_radius=0 accepted_within_radius=0 excluded_within_radius=0 nearest_m=355.406 nearest_mtfcc=S1400 nearest_name=Some("Spr Off Agency Warm Spr") source_id=us-census-tiger-2025-roads-30001 source_feature_id=1103679057413
candidate lon=-113.428819 lat=44.853895 raw_within_radius=1 accepted_within_radius=0 excluded_within_radius=1 nearest_m=15.466 nearest_mtfcc=S1500 nearest_name=None source_id=us-census-tiger-2025-roads-30001 source_feature_id=110515426494
candidate lon=-113.426870 lat=44.850741 raw_within_radius=0 accepted_within_radius=0 excluded_within_radius=0 nearest_m=388.748 nearest_mtfcc=S1500 nearest_name=None source_id=us-census-tiger-2025-roads-30001 source_feature_id=110515426494
candidate lon=-113.348776 lat=44.789484 raw_within_radius=0 accepted_within_radius=0 excluded_within_radius=0 nearest_m=1568.156 nearest_mtfcc=S1400 nearest_name=Some("S Divide Creek Rd") source_id=us-census-tiger-2025-roads-30001 source_feature_id=110515419747
candidate lon=-113.341822 lat=44.784944 raw_within_radius=0 accepted_within_radius=0 excluded_within_radius=0 nearest_m=1787.610 nearest_mtfcc=S1400 nearest_name=Some("S Divide Creek Rd") source_id=us-census-tiger-2025-roads-30001 source_feature_id=110515419747
candidate lon=-113.331633 lat=44.787832 raw_within_radius=0 accepted_within_radius=0 excluded_within_radius=0 nearest_m=1449.747 nearest_mtfcc=S1400 nearest_name=Some("S Divide Creek Rd") source_id=us-census-tiger-2025-roads-30001 source_feature_id=110515419747
candidate lon=-113.331497 lat=44.787790 raw_within_radius=0 accepted_within_radius=0 excluded_within_radius=0 nearest_m=1456.412 nearest_mtfcc=S1400 nearest_name=Some("S Divide Creek Rd") source_id=us-census-tiger-2025-roads-30001 source_feature_id=110515419747
candidate lon=-113.312275 lat=44.796383 raw_within_radius=0 accepted_within_radius=0 excluded_within_radius=0 nearest_m=1367.362 nearest_mtfcc=S1400 nearest_name=Some("S Divide Creek Rd") source_id=us-census-tiger-2025-roads-30001 source_feature_id=110515419747
candidate lon=-113.308437 lat=44.797112 raw_within_radius=0 accepted_within_radius=0 excluded_within_radius=0 nearest_m=1447.986 nearest_mtfcc=S1400 nearest_name=Some("S Divide Creek Rd") source_id=us-census-tiger-2025-roads-30001 source_feature_id=110515419747
candidate lon=-113.302463 lat=44.798881 raw_within_radius=0 accepted_within_radius=0 excluded_within_radius=0 nearest_m=1390.376 nearest_mtfcc=S1400 nearest_name=Some("S Divide Creek Rd") source_id=us-census-tiger-2025-roads-30001 source_feature_id=110515419747
candidate lon=-113.290543 lat=44.806546 raw_within_radius=0 accepted_within_radius=0 excluded_within_radius=0 nearest_m=1138.487 nearest_mtfcc=S1400 nearest_name=Some("State Hwy 324") source_id=us-census-tiger-2025-roads-30001 source_feature_id=11013875761297
candidate lon=-113.284768 lat=44.808521 raw_within_radius=0 accepted_within_radius=0 excluded_within_radius=0 nearest_m=824.649 nearest_mtfcc=S1400 nearest_name=Some("State Hwy 324") source_id=us-census-tiger-2025-roads-30001 source_feature_id=11013875761297
candidate lon=-113.256731 lat=44.819947 raw_within_radius=0 accepted_within_radius=0 excluded_within_radius=0 nearest_m=911.695 nearest_mtfcc=S1400 nearest_name=None source_id=us-census-tiger-2025-roads-30001 source_feature_id=110515425917
candidate lon=-113.053267 lat=44.622302 raw_within_radius=0 accepted_within_radius=0 excluded_within_radius=0 nearest_m=228.675 nearest_mtfcc=S1500 nearest_name=None source_id=us-census-tiger-2025-roads-30001 source_feature_id=110515426418
candidate lon=-112.814284 lat=44.453657 raw_within_radius=0 accepted_within_radius=0 excluded_within_radius=0 nearest_m=326.986 nearest_mtfcc=S1500 nearest_name=None source_id=us-census-tiger-2025-roads-30001 source_feature_id=110515426557
candidate lon=-112.814114 lat=44.453743 raw_within_radius=0 accepted_within_radius=0 excluded_within_radius=0 nearest_m=313.603 nearest_mtfcc=S1500 nearest_name=None source_id=us-census-tiger-2025-roads-30001 source_feature_id=110515426557
candidate lon=-112.751234 lat=44.489902 raw_within_radius=0 accepted_within_radius=0 excluded_within_radius=0 nearest_m=292.045 nearest_mtfcc=S1400 nearest_name=None source_id=us-census-tiger-2025-roads-30001 source_feature_id=1105333376877
candidate lon=-112.750342 lat=44.490076 raw_within_radius=0 accepted_within_radius=0 excluded_within_radius=0 nearest_m=333.682 nearest_mtfcc=S1400 nearest_name=None source_id=us-census-tiger-2025-roads-30001 source_feature_id=1105332999829
candidate lon=-112.357628 lat=44.529900 raw_within_radius=0 accepted_within_radius=0 excluded_within_radius=0 nearest_m=439.862 nearest_mtfcc=S1400 nearest_name=None source_id=us-census-tiger-2025-roads-30001 source_feature_id=110515426159
candidate lon=-112.356805 lat=44.500859 raw_within_radius=0 accepted_within_radius=0 excluded_within_radius=0 nearest_m=104.084 nearest_mtfcc=S1400 nearest_name=None source_id=us-census-tiger-2025-roads-30001 source_feature_id=110515426153
candidate lon=-112.356745 lat=44.493402 raw_within_radius=0 accepted_within_radius=0 excluded_within_radius=0 nearest_m=933.951 nearest_mtfcc=S1400 nearest_name=None source_id=us-census-tiger-2025-roads-30001 source_feature_id=110515426153
candidate lon=-112.349475 lat=44.538335 raw_within_radius=0 accepted_within_radius=0 excluded_within_radius=0 nearest_m=475.456 nearest_mtfcc=S1400 nearest_name=None source_id=us-census-tiger-2025-roads-30001 source_feature_id=110515426161
candidate lon=-112.304678 lat=44.558782 raw_within_radius=0 accepted_within_radius=0 excluded_within_radius=0 nearest_m=47.134 nearest_mtfcc=S1400 nearest_name=Some("S Monida Rd") source_id=us-census-tiger-2025-roads-30001 source_feature_id=1102648692365
candidate lon=-112.298161 lat=44.558992 raw_within_radius=0 accepted_within_radius=0 excluded_within_radius=0 nearest_m=37.549 nearest_mtfcc=S1400 nearest_name=None source_id=us-census-tiger-2025-roads-30001 source_feature_id=110515424418
candidate lon=-112.297926 lat=44.559749 raw_within_radius=0 accepted_within_radius=0 excluded_within_radius=0 nearest_m=39.415 nearest_mtfcc=S1400 nearest_name=None source_id=us-census-tiger-2025-roads-30001 source_feature_id=110515424418
candidate lon=-112.292449 lat=44.561783 raw_within_radius=0 accepted_within_radius=0 excluded_within_radius=0 nearest_m=21.024 nearest_mtfcc=S1400 nearest_name=None source_id=us-census-tiger-2025-roads-30001 source_feature_id=110515424418
candidate lon=-112.276271 lat=44.566016 raw_within_radius=0 accepted_within_radius=0 excluded_within_radius=0 nearest_m=1387.722 nearest_mtfcc=S1400 nearest_name=None source_id=us-census-tiger-2025-roads-30001 source_feature_id=110515424418
candidate lon=-112.268911 lat=44.565485 raw_within_radius=0 accepted_within_radius=0 excluded_within_radius=0 nearest_m=1854.206 nearest_mtfcc=S1400 nearest_name=Some("S Valley Rd") source_id=us-census-tiger-2025-roads-30001 source_feature_id=1106087437186
candidate lon=-111.586895 lat=44.562615 raw_within_radius=0 accepted_within_radius=0 excluded_within_radius=0 nearest_m=755.958 nearest_mtfcc=S1400 nearest_name=None source_id=us-census-tiger-2025-roads-30001 source_feature_id=1105332937646
candidate lon=-111.487616 lat=44.652156 raw_within_radius=0 accepted_within_radius=0 excluded_within_radius=0 nearest_m=471.012 nearest_mtfcc=S1500 nearest_name=None source_id=us-census-tiger-2025-roads-30001 source_feature_id=1105332937961
candidate lon=-111.478749 lat=44.684062 raw_within_radius=0 accepted_within_radius=0 excluded_within_radius=0 nearest_m=41.240 nearest_mtfcc=S1500 nearest_name=None source_id=us-census-tiger-2025-roads-30001 source_feature_id=1105332937962
candidate lon=-111.478315 lat=44.683857 raw_within_radius=1 accepted_within_radius=0 excluded_within_radius=1 nearest_m=0.000 nearest_mtfcc=S1500 nearest_name=None source_id=us-census-tiger-2025-roads-30001 source_feature_id=1105332937962
candidate lon=-111.246398 lat=44.643492 raw_within_radius=1 accepted_within_radius=0 excluded_within_radius=1 nearest_m=0.000 nearest_mtfcc=S1500 nearest_name=None source_id=us-census-tiger-2025-roads-30031 source_feature_id=110460053604
candidate lon=-111.235363 lat=44.636405 raw_within_radius=1 accepted_within_radius=0 excluded_within_radius=1 nearest_m=0.000 nearest_mtfcc=S1500 nearest_name=Some("NFS Rd 1703") source_id=us-census-tiger-2025-roads-30031 source_feature_id=110460021412
candidate lon=-111.234050 lat=44.635261 raw_within_radius=1 accepted_within_radius=0 excluded_within_radius=1 nearest_m=0.000 nearest_mtfcc=S1500 nearest_name=None source_id=us-census-tiger-2025-roads-30031 source_feature_id=110460053605
candidate lon=-111.186341 lat=44.570902 raw_within_radius=1 accepted_within_radius=0 excluded_within_radius=1 nearest_m=0.000 nearest_mtfcc=S1740 nearest_name=Some("Fs 6973") source_id=us-census-tiger-2025-roads-30031 source_feature_id=110460028517
candidate lon=-111.148878 lat=44.535123 raw_within_radius=0 accepted_within_radius=0 excluded_within_radius=0 nearest_m=587.546 nearest_mtfcc=S1400 nearest_name=Some("NFS Rd 1786") source_id=us-census-tiger-2025-roads-30031 source_feature_id=110460021443
