candidate_points=35 inspected_sources=3 inspected_rows=67629 radius_m=20
candidate lon=-109.048846 lat=31.960606 raw_within_radius=0 accepted_within_radius=0 excluded_within_radius=0 nearest_m=877.574 nearest_mtfcc=S1400 nearest_name=Some("S B Lee Ln") source_id=us-census-tiger-2025-roads-04003 source_feature_id=11014057193740
candidate lon=-109.048719 lat=32.026860 raw_within_radius=0 accepted_within_radius=0 excluded_within_radius=0 nearest_m=165.033 nearest_mtfcc=S1400 nearest_name=None source_id=us-census-tiger-2025-roads-04003 source_feature_id=1105544364044
candidate lon=-109.047942 lat=32.520584 raw_within_radius=1 accepted_within_radius=0 excluded_within_radius=1 nearest_m=0.000 nearest_mtfcc=S1500 nearest_name=None source_id=us-census-tiger-2025-roads-04011 source_feature_id=1101127039091
candidate lon=-109.047897 lat=32.554368 raw_within_radius=1 accepted_within_radius=0 excluded_within_radius=1 nearest_m=0.000 nearest_mtfcc=S1500 nearest_name=None source_id=us-census-tiger-2025-roads-04011 source_feature_id=1101127039080
candidate lon=-109.047894 lat=32.432960 raw_within_radius=1 accepted_within_radius=0 excluded_within_radius=1 nearest_m=0.000 nearest_mtfcc=S1500 nearest_name=None source_id=us-census-tiger-2025-roads-04011 source_feature_id=1101127039077
candidate lon=-109.047879 lat=32.439738 raw_within_radius=1 accepted_within_radius=0 excluded_within_radius=1 nearest_m=0.000 nearest_mtfcc=S1500 nearest_name=None source_id=us-census-tiger-2025-roads-04011 source_feature_id=1101127039114
candidate lon=-109.047634 lat=32.694999 raw_within_radius=0 accepted_within_radius=0 excluded_within_radius=0 nearest_m=22.593 nearest_mtfcc=S1400 nearest_name=Some("Virden Hwy") source_id=us-census-tiger-2025-roads-04011 source_feature_id=1105544358651
candidate lon=-109.047616 lat=32.703857 raw_within_radius=0 accepted_within_radius=0 excluded_within_radius=0 nearest_m=74.566 nearest_mtfcc=S1400 nearest_name=None source_id=us-census-tiger-2025-roads-04011 source_feature_id=1105544363896
candidate lon=-109.046981 lat=33.462059 raw_within_radius=0 accepted_within_radius=0 excluded_within_radius=0 nearest_m=1237.319 nearest_mtfcc=S1500 nearest_name=None source_id=us-census-tiger-2025-roads-04011 source_feature_id=11017129533297
candidate lon=-109.046849 lat=33.691127 raw_within_radius=0 accepted_within_radius=0 excluded_within_radius=0 nearest_m=2174.785 nearest_mtfcc=S1400 nearest_name=Some("Blue River Rd") source_id=us-census-tiger-2025-roads-04011 source_feature_id=1103717519969
candidate lon=-109.046809 lat=35.369509 raw_within_radius=0 accepted_within_radius=0 excluded_within_radius=0 nearest_m=611.389 nearest_mtfcc=S1400 nearest_name=None source_id=us-census-tiger-2025-roads-04001 source_feature_id=1102319086998
candidate lon=-109.046797 lat=35.403212 raw_within_radius=0 accepted_within_radius=0 excluded_within_radius=0 nearest_m=43.545 nearest_mtfcc=S1400 nearest_name=None source_id=us-census-tiger-2025-roads-04001 source_feature_id=1102325814906
candidate lon=-109.046721 lat=35.403380 raw_within_radius=0 accepted_within_radius=0 excluded_within_radius=0 nearest_m=63.430 nearest_mtfcc=S1400 nearest_name=None source_id=us-census-tiger-2025-roads-04001 source_feature_id=1102325814906
candidate lon=-109.046703 lat=34.106777 raw_within_radius=0 accepted_within_radius=0 excluded_within_radius=0 nearest_m=507.854 nearest_mtfcc=S1400 nearest_name=None source_id=us-census-tiger-2025-roads-04001 source_feature_id=1102324335127
candidate lon=-109.046688 lat=34.027938 raw_within_radius=0 accepted_within_radius=0 excluded_within_radius=0 nearest_m=462.204 nearest_mtfcc=S1400 nearest_name=None source_id=us-census-tiger-2025-roads-04001 source_feature_id=1102324338447
candidate lon=-109.046119 lat=35.860958 raw_within_radius=1 accepted_within_radius=0 excluded_within_radius=1 nearest_m=0.000 nearest_mtfcc=S1740 nearest_name=None source_id=us-census-tiger-2025-roads-04001 source_feature_id=1101847162402
candidate lon=-109.046093 lat=34.764461 raw_within_radius=1 accepted_within_radius=0 excluded_within_radius=1 nearest_m=2.922 nearest_mtfcc=S1740 nearest_name=None source_id=us-census-tiger-2025-roads-04001 source_feature_id=1101847162541
candidate lon=-109.046089 lat=35.242744 raw_within_radius=0 accepted_within_radius=0 excluded_within_radius=0 nearest_m=115.327 nearest_mtfcc=S1400 nearest_name=None source_id=us-census-tiger-2025-roads-04001 source_feature_id=1102325832607
candidate lon=-109.046086 lat=34.771016 raw_within_radius=1 accepted_within_radius=0 excluded_within_radius=1 nearest_m=5.901 nearest_mtfcc=S1740 nearest_name=None source_id=us-census-tiger-2025-roads-04001 source_feature_id=1101847162541
candidate lon=-109.046059 lat=35.866390 raw_within_radius=2 accepted_within_radius=0 excluded_within_radius=2 nearest_m=0.000 nearest_mtfcc=S1740 nearest_name=None source_id=us-census-tiger-2025-roads-04001 source_feature_id=1104470940777
candidate lon=-109.046041 lat=35.971263 raw_within_radius=1 accepted_within_radius=0 excluded_within_radius=1 nearest_m=0.000 nearest_mtfcc=S1500 nearest_name=None source_id=us-census-tiger-2025-roads-04001 source_feature_id=1101847156726
candidate lon=-109.046031 lat=35.657341 raw_within_radius=0 accepted_within_radius=0 excluded_within_radius=0 nearest_m=240.103 nearest_mtfcc=S1400 nearest_name=None source_id=us-census-tiger-2025-roads-04001 source_feature_id=1102325809880
candidate lon=-109.046007 lat=35.174613 raw_within_radius=1 accepted_within_radius=0 excluded_within_radius=1 nearest_m=0.000 nearest_mtfcc=S1500 nearest_name=None source_id=us-census-tiger-2025-roads-04001 source_feature_id=1101847156531
candidate lon=-109.046003 lat=35.875495 raw_within_radius=1 accepted_within_radius=0 excluded_within_radius=1 nearest_m=8.014 nearest_mtfcc=S1740 nearest_name=None source_id=us-census-tiger-2025-roads-04001 source_feature_id=1101847162745
candidate lon=-109.046000 lat=35.924088 raw_within_radius=1 accepted_within_radius=0 excluded_within_radius=1 nearest_m=4.898 nearest_mtfcc=S1500 nearest_name=None source_id=us-census-tiger-2025-roads-04001 source_feature_id=1101847156725
candidate lon=-109.045999 lat=35.878389 raw_within_radius=0 accepted_within_radius=0 excluded_within_radius=0 nearest_m=50.205 nearest_mtfcc=S1740 nearest_name=None source_id=us-census-tiger-2025-roads-04001 source_feature_id=1101847162746
candidate lon=-109.045997 lat=35.675415 raw_within_radius=0 accepted_within_radius=0 excluded_within_radius=0 nearest_m=129.711 nearest_mtfcc=S1400 nearest_name=None source_id=us-census-tiger-2025-roads-04001 source_feature_id=1102322750235
candidate lon=-109.045993 lat=35.914010 raw_within_radius=0 accepted_within_radius=0 excluded_within_radius=0 nearest_m=30.280 nearest_mtfcc=S1400 nearest_name=None source_id=us-census-tiger-2025-roads-04001 source_feature_id=1102325813888
candidate lon=-109.045987 lat=35.888778 raw_within_radius=2 accepted_within_radius=0 excluded_within_radius=2 nearest_m=0.000 nearest_mtfcc=S1740 nearest_name=None source_id=us-census-tiger-2025-roads-04001 source_feature_id=1102686248308
candidate lon=-109.045972 lat=35.214327 raw_within_radius=1 accepted_within_radius=0 excluded_within_radius=1 nearest_m=0.000 nearest_mtfcc=S1500 nearest_name=None source_id=us-census-tiger-2025-roads-04001 source_feature_id=1101847155416
candidate lon=-109.045959 lat=34.683094 raw_within_radius=1 accepted_within_radius=0 excluded_within_radius=1 nearest_m=0.000 nearest_mtfcc=S1740 nearest_name=None source_id=us-census-tiger-2025-roads-04001 source_feature_id=1103689930398
candidate lon=-109.045907 lat=36.241293 raw_within_radius=0 accepted_within_radius=0 excluded_within_radius=0 nearest_m=488.582 nearest_mtfcc=S1400 nearest_name=None source_id=us-census-tiger-2025-roads-04001 source_feature_id=11040260869071
candidate lon=-109.045550 lat=36.566290 raw_within_radius=0 accepted_within_radius=0 excluded_within_radius=0 nearest_m=39.073 nearest_mtfcc=S1400 nearest_name=None source_id=us-census-tiger-2025-roads-04001 source_feature_id=1102318959410
candidate lon=-109.045418 lat=36.566223 raw_within_radius=0 accepted_within_radius=0 excluded_within_radius=0 nearest_m=47.983 nearest_mtfcc=S1400 nearest_name=None source_id=us-census-tiger-2025-roads-04001 source_feature_id=1102318959410
candidate lon=-109.044994 lat=36.998979 raw_within_radius=0 accepted_within_radius=0 excluded_within_radius=0 nearest_m=21.361 nearest_mtfcc=S1400 nearest_name=None source_id=us-census-tiger-2025-roads-04001 source_feature_id=1103944442682
