candidate_points=42 inspected_sources=6 inspected_rows=76849 radius_m=20
candidate lon=-109.050290 lat=31.481128 raw_within_radius=0 accepted_within_radius=0 excluded_within_radius=0 nearest_m=2068.374 nearest_mtfcc=S1400 nearest_name=Some("Geronimo Trl") source_id=us-census-tiger-2025-roads-35023 source_feature_id=1105535052167
candidate lon=-109.050258 lat=31.465415 raw_within_radius=0 accepted_within_radius=0 excluded_within_radius=0 nearest_m=3817.500 nearest_mtfcc=S1400 nearest_name=Some("Geronimo Trl") source_id=us-census-tiger-2025-roads-35023 source_feature_id=1105535052167
candidate lon=-109.050048 lat=31.342168 raw_within_radius=1 accepted_within_radius=0 excluded_within_radius=1 nearest_m=0.000 nearest_mtfcc=S1740 nearest_name=None source_id=us-census-tiger-2025-roads-35023 source_feature_id=11017241866856
candidate lon=-109.050047 lat=31.350299 raw_within_radius=1 accepted_within_radius=0 excluded_within_radius=1 nearest_m=0.000 nearest_mtfcc=S1740 nearest_name=None source_id=us-census-tiger-2025-roads-35023 source_feature_id=1101148749115
candidate lon=-109.049579 lat=31.704371 raw_within_radius=0 accepted_within_radius=0 excluded_within_radius=0 nearest_m=5032.334 nearest_mtfcc=S1400 nearest_name=None source_id=us-census-tiger-2025-roads-35023 source_feature_id=1101148682273
candidate lon=-109.048687 lat=32.173501 raw_within_radius=0 accepted_within_radius=0 excluded_within_radius=0 nearest_m=602.451 nearest_mtfcc=S1400 nearest_name=Some("Chato Rd") source_id=us-census-tiger-2025-roads-35023 source_feature_id=1101147285959
candidate lon=-109.048583 lat=32.188212 raw_within_radius=0 accepted_within_radius=0 excluded_within_radius=0 nearest_m=996.768 nearest_mtfcc=S1400 nearest_name=Some("Chato Rd") source_id=us-census-tiger-2025-roads-35023 source_feature_id=1101147285959
candidate lon=-109.047914 lat=32.618785 raw_within_radius=1 accepted_within_radius=0 excluded_within_radius=1 nearest_m=0.000 nearest_mtfcc=S1740 nearest_name=None source_id=us-census-tiger-2025-roads-35023 source_feature_id=1101148749160
candidate lon=-109.047805 lat=32.680687 raw_within_radius=0 accepted_within_radius=0 excluded_within_radius=0 nearest_m=90.216 nearest_mtfcc=S1400 nearest_name=Some("Franklin Rd") source_id=us-census-tiger-2025-roads-35023 source_feature_id=1101147345818
candidate lon=-109.047130 lat=34.016193 raw_within_radius=0 accepted_within_radius=0 excluded_within_radius=0 nearest_m=1308.083 nearest_mtfcc=S1400 nearest_name=Some("Reidhead Rd") source_id=us-census-tiger-2025-roads-35003 source_feature_id=1105046241890
candidate lon=-109.046954 lat=35.393396 raw_within_radius=1 accepted_within_radius=0 excluded_within_radius=1 nearest_m=0.000 nearest_mtfcc=S1500 nearest_name=None source_id=us-census-tiger-2025-roads-35031 source_feature_id=1101484846381
candidate lon=-109.046946 lat=35.398005 raw_within_radius=1 accepted_within_radius=0 excluded_within_radius=1 nearest_m=0.000 nearest_mtfcc=S1500 nearest_name=None source_id=us-census-tiger-2025-roads-35031 source_feature_id=1101484846477
candidate lon=-109.046925 lat=35.402835 raw_within_radius=1 accepted_within_radius=0 excluded_within_radius=1 nearest_m=17.289 nearest_mtfcc=S1500 nearest_name=None source_id=us-census-tiger-2025-roads-35031 source_feature_id=1101484846153
candidate lon=-109.046782 lat=35.361447 raw_within_radius=0 accepted_within_radius=0 excluded_within_radius=0 nearest_m=110.542 nearest_mtfcc=S1100 nearest_name=Some("I- 40") source_id=us-census-tiger-2025-roads-35031 source_feature_id=1101484590261
candidate lon=-109.046507 lat=35.759947 raw_within_radius=0 accepted_within_radius=0 excluded_within_radius=0 nearest_m=320.070 nearest_mtfcc=S1400 nearest_name=Some("Indian Rte 12") source_id=us-census-tiger-2025-roads-35031 source_feature_id=1101484590113
candidate lon=-109.046505 lat=35.759266 raw_within_radius=0 accepted_within_radius=0 excluded_within_radius=0 nearest_m=273.678 nearest_mtfcc=S1400 nearest_name=Some("Indian Rte 12") source_id=us-census-tiger-2025-roads-35031 source_feature_id=1101484590113
candidate lon=-109.046447 lat=34.393529 raw_within_radius=1 accepted_within_radius=0 excluded_within_radius=1 nearest_m=0.000 nearest_mtfcc=S1500 nearest_name=None source_id=us-census-tiger-2025-roads-35003 source_feature_id=1101481200224
candidate lon=-109.046218 lat=36.079645 raw_within_radius=0 accepted_within_radius=0 excluded_within_radius=0 nearest_m=274.197 nearest_mtfcc=S1400 nearest_name=None source_id=us-census-tiger-2025-roads-35045 source_feature_id=1102204997814
candidate lon=-109.046192 lat=36.071195 raw_within_radius=0 accepted_within_radius=0 excluded_within_radius=0 nearest_m=66.124 nearest_mtfcc=S1400 nearest_name=Some("Indian Svc Rte 12") source_id=us-census-tiger-2025-roads-35045 source_feature_id=1101585036960
candidate lon=-109.046139 lat=36.031241 raw_within_radius=0 accepted_within_radius=0 excluded_within_radius=0 nearest_m=186.874 nearest_mtfcc=S1400 nearest_name=None source_id=us-census-tiger-2025-roads-35045 source_feature_id=1102205001351
candidate lon=-109.046112 lat=34.876228 raw_within_radius=0 accepted_within_radius=0 excluded_within_radius=0 nearest_m=802.099 nearest_mtfcc=S1400 nearest_name=Some("Indian Svc Rte 17") source_id=us-census-tiger-2025-roads-35006 source_feature_id=1101461498176
candidate lon=-109.046059 lat=36.005318 raw_within_radius=1 accepted_within_radius=0 excluded_within_radius=1 nearest_m=12.229 nearest_mtfcc=S1500 nearest_name=None source_id=us-census-tiger-2025-roads-35045 source_feature_id=1101585606233
candidate lon=-109.046044 lat=34.827708 raw_within_radius=0 accepted_within_radius=0 excluded_within_radius=0 nearest_m=1339.714 nearest_mtfcc=S1400 nearest_name=None source_id=us-census-tiger-2025-roads-35006 source_feature_id=11019640574100
candidate lon=-109.046016 lat=35.056581 raw_within_radius=0 accepted_within_radius=0 excluded_within_radius=0 nearest_m=122.990 nearest_mtfcc=S1400 nearest_name=None source_id=us-census-tiger-2025-roads-35031 source_feature_id=11017934518307
candidate lon=-109.046005 lat=35.936639 raw_within_radius=0 accepted_within_radius=0 excluded_within_radius=0 nearest_m=88.388 nearest_mtfcc=S1400 nearest_name=None source_id=us-census-tiger-2025-roads-35031 source_feature_id=1101484836823
candidate lon=-109.045999 lat=34.876250 raw_within_radius=0 accepted_within_radius=0 excluded_within_radius=0 nearest_m=794.638 nearest_mtfcc=S1400 nearest_name=Some("Indian Svc Rte 17") source_id=us-census-tiger-2025-roads-35006 source_feature_id=1101461498176
candidate lon=-109.045998 lat=35.879136 raw_within_radius=0 accepted_within_radius=0 excluded_within_radius=0 nearest_m=44.598 nearest_mtfcc=S1400 nearest_name=None source_id=us-census-tiger-2025-roads-35031 source_feature_id=1101484841563
candidate lon=-109.045998 lat=36.204116 raw_within_radius=0 accepted_within_radius=0 excluded_within_radius=0 nearest_m=469.531 nearest_mtfcc=S1400 nearest_name=Some("Indian Svc Rte 8080") source_id=us-census-tiger-2025-roads-35045 source_feature_id=1101585038867
candidate lon=-109.045996 lat=35.913738 raw_within_radius=0 accepted_within_radius=0 excluded_within_radius=0 nearest_m=30.280 nearest_mtfcc=S1400 nearest_name=None source_id=us-census-tiger-2025-roads-35031 source_feature_id=1101484835726
candidate lon=-109.045995 lat=35.906179 raw_within_radius=0 accepted_within_radius=0 excluded_within_radius=0 nearest_m=349.321 nearest_mtfcc=S1400 nearest_name=Some("Old Redlake Rd") source_id=us-census-tiger-2025-roads-35031 source_feature_id=1103677600958
candidate lon=-109.045973 lat=36.213714 raw_within_radius=0 accepted_within_radius=0 excluded_within_radius=0 nearest_m=104.465 nearest_mtfcc=S1400 nearest_name=None source_id=us-census-tiger-2025-roads-35045 source_feature_id=1101585586686
candidate lon=-109.045759 lat=36.400088 raw_within_radius=0 accepted_within_radius=0 excluded_within_radius=0 nearest_m=1474.273 nearest_mtfcc=S1400 nearest_name=None source_id=us-census-tiger-2025-roads-35045 source_feature_id=1101585582197
candidate lon=-109.045549 lat=36.566641 raw_within_radius=0 accepted_within_radius=0 excluded_within_radius=0 nearest_m=32.974 nearest_mtfcc=S1400 nearest_name=None source_id=us-census-tiger-2025-roads-35045 source_feature_id=11038622265460
candidate lon=-109.045477 lat=36.703777 raw_within_radius=0 accepted_within_radius=0 excluded_within_radius=0 nearest_m=48.708 nearest_mtfcc=S1400 nearest_name=None source_id=us-census-tiger-2025-roads-35045 source_feature_id=1101585593314
candidate lon=-109.045400 lat=36.871370 raw_within_radius=0 accepted_within_radius=0 excluded_within_radius=0 nearest_m=43.906 nearest_mtfcc=S1200 nearest_name=Some("US Hwy 64") source_id=us-census-tiger-2025-roads-35045 source_feature_id=1104258618866
candidate lon=-109.045378 lat=36.867034 raw_within_radius=0 accepted_within_radius=0 excluded_within_radius=0 nearest_m=141.665 nearest_mtfcc=S1400 nearest_name=None source_id=us-census-tiger-2025-roads-35045 source_feature_id=1102204976997
candidate lon=-109.045374 lat=36.703887 raw_within_radius=0 accepted_within_radius=0 excluded_within_radius=0 nearest_m=33.812 nearest_mtfcc=S1400 nearest_name=None source_id=us-census-tiger-2025-roads-35045 source_feature_id=1101585593314
candidate lon=-109.045374 lat=36.707549 raw_within_radius=0 accepted_within_radius=0 excluded_within_radius=0 nearest_m=59.812 nearest_mtfcc=S1400 nearest_name=None source_id=us-census-tiger-2025-roads-35045 source_feature_id=1102325788376
candidate lon=-109.045366 lat=36.864064 raw_within_radius=1 accepted_within_radius=0 excluded_within_radius=1 nearest_m=0.000 nearest_mtfcc=S1750 nearest_name=None source_id=us-census-tiger-2025-roads-35045 source_feature_id=1102204921916
candidate lon=-109.045332 lat=36.825912 raw_within_radius=0 accepted_within_radius=0 excluded_within_radius=0 nearest_m=188.449 nearest_mtfcc=S1400 nearest_name=None source_id=us-census-tiger-2025-roads-35045 source_feature_id=11039085518253
candidate lon=-109.045303 lat=36.884049 raw_within_radius=0 accepted_within_radius=0 excluded_within_radius=0 nearest_m=235.775 nearest_mtfcc=S1500 nearest_name=None source_id=us-census-tiger-2025-roads-35045 source_feature_id=1101585606388
candidate lon=-109.045302 lat=36.886167 raw_within_radius=1 accepted_within_radius=0 excluded_within_radius=1 nearest_m=0.000 nearest_mtfcc=S1500 nearest_name=None source_id=us-census-tiger-2025-roads-35045 source_feature_id=1101585606388
