candidate_points=22 inspected_sources=3 inspected_rows=34868 radius_m=20
candidate lon=-113.460916 lat=36.999982 raw_within_radius=0 accepted_within_radius=0 excluded_within_radius=0 nearest_m=86.418 nearest_mtfcc=S1400 nearest_name=Some("Uzona Ave") source_id=us-census-tiger-2025-roads-49053 source_feature_id=1104490153005
candidate lon=-113.159178 lat=37.000052 raw_within_radius=0 accepted_within_radius=0 excluded_within_radius=0 nearest_m=710.915 nearest_mtfcc=S1400 nearest_name=Some("0677") source_id=us-census-tiger-2025-roads-49053 source_feature_id=1102163368543
candidate lon=-112.960189 lat=37.000061 raw_within_radius=0 accepted_within_radius=0 excluded_within_radius=0 nearest_m=323.508 nearest_mtfcc=S1400 nearest_name=Some("N West Ditch Bank Rd E") source_id=us-census-tiger-2025-roads-49053 source_feature_id=1104257555776
candidate lon=-112.724573 lat=37.000589 raw_within_radius=1 accepted_within_radius=0 excluded_within_radius=1 nearest_m=0.000 nearest_mtfcc=S1500 nearest_name=None source_id=us-census-tiger-2025-roads-49025 source_feature_id=1101129329364
candidate lon=-112.609475 lat=37.000751 raw_within_radius=1 accepted_within_radius=0 excluded_within_radius=1 nearest_m=0.000 nearest_mtfcc=S1500 nearest_name=None source_id=us-census-tiger-2025-roads-49025 source_feature_id=1101129329354
candidate lon=-112.372218 lat=37.001029 raw_within_radius=0 accepted_within_radius=0 excluded_within_radius=0 nearest_m=28.576 nearest_mtfcc=S1400 nearest_name=None source_id=us-census-tiger-2025-roads-49025 source_feature_id=1101846015549
candidate lon=-112.351039 lat=37.001025 raw_within_radius=0 accepted_within_radius=0 excluded_within_radius=0 nearest_m=27.785 nearest_mtfcc=S1400 nearest_name=Some("K2480") source_id=us-census-tiger-2025-roads-49025 source_feature_id=1102656809442
candidate lon=-112.104237 lat=37.001097 raw_within_radius=0 accepted_within_radius=0 excluded_within_radius=0 nearest_m=438.924 nearest_mtfcc=S1400 nearest_name=Some("K4050") source_id=us-census-tiger-2025-roads-49025 source_feature_id=1105598243931
candidate lon=-112.097719 lat=37.001095 raw_within_radius=0 accepted_within_radius=0 excluded_within_radius=0 nearest_m=451.577 nearest_mtfcc=S1400 nearest_name=Some("K4050") source_id=us-census-tiger-2025-roads-49025 source_feature_id=1105598243931
candidate lon=-112.033972 lat=37.001098 raw_within_radius=0 accepted_within_radius=0 excluded_within_radius=0 nearest_m=125.086 nearest_mtfcc=S1400 nearest_name=Some("House Rock Valley Rd") source_id=us-census-tiger-2025-roads-49025 source_feature_id=1101129326475
candidate lon=-110.784574 lat=37.002720 raw_within_radius=1 accepted_within_radius=0 excluded_within_radius=1 nearest_m=0.000 nearest_mtfcc=S1740 nearest_name=None source_id=us-census-tiger-2025-roads-49037 source_feature_id=1104468621506
candidate lon=-110.672818 lat=37.003515 raw_within_radius=0 accepted_within_radius=0 excluded_within_radius=0 nearest_m=4469.072 nearest_mtfcc=S1400 nearest_name=Some("Indian Rte 6310") source_id=us-census-tiger-2025-roads-49037 source_feature_id=1101451468490
candidate lon=-110.284541 lat=36.997991 raw_within_radius=0 accepted_within_radius=0 excluded_within_radius=0 nearest_m=560.316 nearest_mtfcc=S1400 nearest_name=None source_id=us-census-tiger-2025-roads-49037 source_feature_id=1102379617887
candidate lon=-110.234631 lat=36.998086 raw_within_radius=0 accepted_within_radius=0 excluded_within_radius=0 nearest_m=260.246 nearest_mtfcc=S1400 nearest_name=None source_id=us-census-tiger-2025-roads-49037 source_feature_id=1105022783231
candidate lon=-110.164963 lat=36.998256 raw_within_radius=0 accepted_within_radius=0 excluded_within_radius=0 nearest_m=59.641 nearest_mtfcc=S1400 nearest_name=Some("Bigman's Rd") source_id=us-census-tiger-2025-roads-49037 source_feature_id=1104353558038
candidate lon=-109.597640 lat=36.998526 raw_within_radius=0 accepted_within_radius=0 excluded_within_radius=0 nearest_m=223.709 nearest_mtfcc=S1400 nearest_name=None source_id=us-census-tiger-2025-roads-49037 source_feature_id=1103717425353
candidate lon=-109.387616 lat=36.999204 raw_within_radius=0 accepted_within_radius=0 excluded_within_radius=0 nearest_m=116.680 nearest_mtfcc=S1400 nearest_name=None source_id=us-census-tiger-2025-roads-49037 source_feature_id=11038622335029
candidate lon=-109.306574 lat=36.999314 raw_within_radius=0 accepted_within_radius=0 excluded_within_radius=0 nearest_m=57.877 nearest_mtfcc=S1400 nearest_name=None source_id=us-census-tiger-2025-roads-49037 source_feature_id=1102321542779
candidate lon=-109.294338 lat=36.999317 raw_within_radius=0 accepted_within_radius=0 excluded_within_radius=0 nearest_m=928.325 nearest_mtfcc=S1400 nearest_name=None source_id=us-census-tiger-2025-roads-49037 source_feature_id=1102321542779
candidate lon=-109.234101 lat=36.999178 raw_within_radius=0 accepted_within_radius=0 excluded_within_radius=0 nearest_m=26.117 nearest_mtfcc=S1400 nearest_name=None source_id=us-census-tiger-2025-roads-49037 source_feature_id=1102321542469
candidate lon=-109.186374 lat=36.999326 raw_within_radius=0 accepted_within_radius=0 excluded_within_radius=0 nearest_m=93.782 nearest_mtfcc=S1400 nearest_name=None source_id=us-census-tiger-2025-roads-49037 source_feature_id=1102339143755
candidate lon=-109.159130 lat=36.999347 raw_within_radius=0 accepted_within_radius=0 excluded_within_radius=0 nearest_m=168.741 nearest_mtfcc=S1400 nearest_name=Some("Co Rd 472") source_id=us-census-tiger-2025-roads-49037 source_feature_id=1101451470357
