candidate_points=27 inspected_sources=4 inspected_rows=163844 radius_m=20
candidate lon=-113.625522 lat=37.000045 raw_within_radius=0 accepted_within_radius=0 excluded_within_radius=0 nearest_m=105.865 nearest_mtfcc=S1100 nearest_name=Some("I- 15") source_id=us-census-tiger-2025-roads-04015 source_feature_id=1104260224042
candidate lon=-113.625420 lat=37.000015 raw_within_radius=0 accepted_within_radius=0 excluded_within_radius=0 nearest_m=96.319 nearest_mtfcc=S1100 nearest_name=Some("I- 15") source_id=us-census-tiger-2025-roads-04015 source_feature_id=1104260224042
candidate lon=-113.560236 lat=37.000020 raw_within_radius=0 accepted_within_radius=0 excluded_within_radius=0 nearest_m=625.789 nearest_mtfcc=S1500 nearest_name=None source_id=us-census-tiger-2025-roads-04015 source_feature_id=1101273221044
candidate lon=-113.457666 lat=36.999982 raw_within_radius=0 accepted_within_radius=0 excluded_within_radius=0 nearest_m=249.084 nearest_mtfcc=S1400 nearest_name=None source_id=us-census-tiger-2025-roads-04015 source_feature_id=1101273215944
candidate lon=-113.367234 lat=37.000053 raw_within_radius=0 accepted_within_radius=0 excluded_within_radius=0 nearest_m=2409.881 nearest_mtfcc=S1400 nearest_name=None source_id=us-census-tiger-2025-roads-04015 source_feature_id=1102658174563
candidate lon=-113.356715 lat=36.999983 raw_within_radius=0 accepted_within_radius=0 excluded_within_radius=0 nearest_m=1775.001 nearest_mtfcc=S1400 nearest_name=None source_id=us-census-tiger-2025-roads-04015 source_feature_id=1101273215551
candidate lon=-113.344646 lat=36.999984 raw_within_radius=0 accepted_within_radius=0 excluded_within_radius=0 nearest_m=846.289 nearest_mtfcc=S1400 nearest_name=None source_id=us-census-tiger-2025-roads-04015 source_feature_id=1101273215551
candidate lon=-113.332891 lat=36.999986 raw_within_radius=0 accepted_within_radius=0 excluded_within_radius=0 nearest_m=79.661 nearest_mtfcc=S1400 nearest_name=None source_id=us-census-tiger-2025-roads-04015 source_feature_id=1101273215551
candidate lon=-113.267405 lat=37.000057 raw_within_radius=0 accepted_within_radius=0 excluded_within_radius=0 nearest_m=577.356 nearest_mtfcc=S1400 nearest_name=Some("Honeymoon Trail Rd") source_id=us-census-tiger-2025-roads-04015 source_feature_id=1101272630612
candidate lon=-113.231681 lat=36.999995 raw_within_radius=0 accepted_within_radius=0 excluded_within_radius=0 nearest_m=1119.265 nearest_mtfcc=S1400 nearest_name=None source_id=us-census-tiger-2025-roads-04015 source_feature_id=1102654026174
candidate lon=-113.189697 lat=37.000013 raw_within_radius=0 accepted_within_radius=0 excluded_within_radius=0 nearest_m=387.798 nearest_mtfcc=S1400 nearest_name=None source_id=us-census-tiger-2025-roads-04015 source_feature_id=1102223549285
candidate lon=-113.188146 lat=37.000016 raw_within_radius=0 accepted_within_radius=0 excluded_within_radius=0 nearest_m=452.001 nearest_mtfcc=S1400 nearest_name=None source_id=us-census-tiger-2025-roads-04015 source_feature_id=1102660098369
candidate lon=-113.059258 lat=37.000057 raw_within_radius=0 accepted_within_radius=0 excluded_within_radius=0 nearest_m=624.924 nearest_mtfcc=S1400 nearest_name=None source_id=us-census-tiger-2025-roads-04015 source_feature_id=1101273213516
candidate lon=-112.581487 lat=37.000785 raw_within_radius=0 accepted_within_radius=0 excluded_within_radius=0 nearest_m=123.499 nearest_mtfcc=S1400 nearest_name=None source_id=us-census-tiger-2025-roads-04015 source_feature_id=1101273214323
candidate lon=-112.565569 lat=37.000755 raw_within_radius=0 accepted_within_radius=0 excluded_within_radius=0 nearest_m=121.030 nearest_mtfcc=S1400 nearest_name=None source_id=us-census-tiger-2025-roads-04015 source_feature_id=1101273214323
candidate lon=-112.430408 lat=37.001039 raw_within_radius=0 accepted_within_radius=0 excluded_within_radius=0 nearest_m=3269.659 nearest_mtfcc=S1400 nearest_name=None source_id=us-census-tiger-2025-roads-04005 source_feature_id=1101845940874
candidate lon=-112.259031 lat=37.001262 raw_within_radius=0 accepted_within_radius=0 excluded_within_radius=0 nearest_m=241.164 nearest_mtfcc=S1400 nearest_name=None source_id=us-census-tiger-2025-roads-04005 source_feature_id=1105045092491
candidate lon=-110.622414 lat=37.003705 raw_within_radius=0 accepted_within_radius=0 excluded_within_radius=0 nearest_m=21.844 nearest_mtfcc=S1400 nearest_name=Some("Indian Rte 6310") source_id=us-census-tiger-2025-roads-04017 source_feature_id=1101586128252
candidate lon=-110.600729 lat=37.003764 raw_within_radius=0 accepted_within_radius=0 excluded_within_radius=0 nearest_m=1939.765 nearest_mtfcc=S1400 nearest_name=Some("Indian Rte 6310") source_id=us-census-tiger-2025-roads-04017 source_feature_id=1101586128252
candidate lon=-110.229309 lat=36.998109 raw_within_radius=0 accepted_within_radius=0 excluded_within_radius=0 nearest_m=143.318 nearest_mtfcc=S1400 nearest_name=Some("Horse Canyon Dr") source_id=us-census-tiger-2025-roads-04017 source_feature_id=1101586133223
candidate lon=-110.158427 lat=36.998270 raw_within_radius=0 accepted_within_radius=0 excluded_within_radius=0 nearest_m=40.010 nearest_mtfcc=S1400 nearest_name=None source_id=us-census-tiger-2025-roads-04017 source_feature_id=1101592800478
candidate lon=-109.688029 lat=36.998273 raw_within_radius=0 accepted_within_radius=0 excluded_within_radius=0 nearest_m=4850.697 nearest_mtfcc=S1400 nearest_name=None source_id=us-census-tiger-2025-roads-04001 source_feature_id=1102325831724
candidate lon=-109.660310 lat=36.998261 raw_within_radius=0 accepted_within_radius=0 excluded_within_radius=0 nearest_m=2386.319 nearest_mtfcc=S1400 nearest_name=None source_id=us-census-tiger-2025-roads-04001 source_feature_id=1102325831724
candidate lon=-109.595124 lat=36.998555 raw_within_radius=0 accepted_within_radius=0 excluded_within_radius=0 nearest_m=98.068 nearest_mtfcc=S1400 nearest_name=None source_id=us-census-tiger-2025-roads-04001 source_feature_id=1103717425355
candidate lon=-109.324949 lat=36.999310 raw_within_radius=0 accepted_within_radius=0 excluded_within_radius=0 nearest_m=65.210 nearest_mtfcc=S1400 nearest_name=None source_id=us-census-tiger-2025-roads-04001 source_feature_id=1102321543374
candidate lon=-109.305923 lat=36.999314 raw_within_radius=0 accepted_within_radius=0 excluded_within_radius=0 nearest_m=36.766 nearest_mtfcc=S1400 nearest_name=None source_id=us-census-tiger-2025-roads-04001 source_feature_id=1102378078744
candidate lon=-109.045173 lat=36.999146 raw_within_radius=0 accepted_within_radius=0 excluded_within_radius=0 nearest_m=21.896 nearest_mtfcc=S1400 nearest_name=None source_id=us-census-tiger-2025-roads-04001 source_feature_id=1103944442682
