candidate_points=56 inspected_sources=8 inspected_rows=41350 radius_m=20
candidate lon=-109.060322 lat=38.340864 raw_within_radius=0 accepted_within_radius=0 excluded_within_radius=0 nearest_m=546.139 nearest_mtfcc=S1400 nearest_name=None source_id=us-census-tiger-2025-roads-08085 source_feature_id=1103690588144
candidate lon=-109.060278 lat=38.337503 raw_within_radius=0 accepted_within_radius=0 excluded_within_radius=0 nearest_m=307.153 nearest_mtfcc=S1400 nearest_name=None source_id=us-census-tiger-2025-roads-08085 source_feature_id=1103690932251
candidate lon=-109.060276 lat=38.510553 raw_within_radius=0 accepted_within_radius=0 excluded_within_radius=0 nearest_m=2423.380 nearest_mtfcc=S1400 nearest_name=None source_id=us-census-tiger-2025-roads-08085 source_feature_id=110446678590
candidate lon=-109.060245 lat=38.304854 raw_within_radius=0 accepted_within_radius=0 excluded_within_radius=0 nearest_m=905.291 nearest_mtfcc=S1400 nearest_name=Some("Z1 Rd") source_id=us-census-tiger-2025-roads-08085 source_feature_id=110446673756
candidate lon=-109.060170 lat=38.340869 raw_within_radius=0 accepted_within_radius=0 excluded_within_radius=0 nearest_m=536.557 nearest_mtfcc=S1400 nearest_name=None source_id=us-census-tiger-2025-roads-08085 source_feature_id=1103690588144
candidate lon=-109.060163 lat=38.307226 raw_within_radius=0 accepted_within_radius=0 excluded_within_radius=0 nearest_m=1162.552 nearest_mtfcc=S1400 nearest_name=Some("Z1 Rd") source_id=us-census-tiger-2025-roads-08085 source_feature_id=110446673756
candidate lon=-109.060138 lat=38.501814 raw_within_radius=0 accepted_within_radius=0 excluded_within_radius=0 nearest_m=1450.730 nearest_mtfcc=S1400 nearest_name=None source_id=us-census-tiger-2025-roads-08085 source_feature_id=110446678590
candidate lon=-109.060039 lat=38.432476 raw_within_radius=0 accepted_within_radius=0 excluded_within_radius=0 nearest_m=369.137 nearest_mtfcc=S1400 nearest_name=Some("R2 Rd") source_id=us-census-tiger-2025-roads-08085 source_feature_id=110446673733
candidate lon=-109.059267 lat=38.749245 raw_within_radius=0 accepted_within_radius=0 excluded_within_radius=0 nearest_m=34.633 nearest_mtfcc=S1400 nearest_name=Some("4 1/10 Rd") source_id=us-census-tiger-2025-roads-08077 source_feature_id=1104257877083
candidate lon=-109.053568 lat=38.922877 raw_within_radius=0 accepted_within_radius=0 excluded_within_radius=0 nearest_m=450.303 nearest_mtfcc=S1400 nearest_name=None source_id=us-census-tiger-2025-roads-08077 source_feature_id=110453886987
candidate lon=-109.053278 lat=38.954482 raw_within_radius=0 accepted_within_radius=0 excluded_within_radius=0 nearest_m=75.267 nearest_mtfcc=S1400 nearest_name=Some("Ds Rd") source_id=us-census-tiger-2025-roads-08077 source_feature_id=1105084075952
candidate lon=-109.051487 lat=39.524403 raw_within_radius=0 accepted_within_radius=0 excluded_within_radius=0 nearest_m=662.062 nearest_mtfcc=S1400 nearest_name=None source_id=us-census-tiger-2025-roads-08045 source_feature_id=110508616554
candidate lon=-109.051394 lat=39.626015 raw_within_radius=0 accepted_within_radius=0 excluded_within_radius=0 nearest_m=1028.174 nearest_mtfcc=S1400 nearest_name=None source_id=us-census-tiger-2025-roads-08045 source_feature_id=110508616744
candidate lon=-109.051308 lat=39.603077 raw_within_radius=0 accepted_within_radius=0 excluded_within_radius=0 nearest_m=496.707 nearest_mtfcc=S1400 nearest_name=None source_id=us-census-tiger-2025-roads-08045 source_feature_id=110508616720
candidate lon=-109.051205 lat=39.645428 raw_within_radius=0 accepted_within_radius=0 excluded_within_radius=0 nearest_m=2051.941 nearest_mtfcc=S1400 nearest_name=None source_id=us-census-tiger-2025-roads-08045 source_feature_id=110508616739
candidate lon=-109.051141 lat=39.320111 raw_within_radius=0 accepted_within_radius=0 excluded_within_radius=0 nearest_m=639.387 nearest_mtfcc=S1400 nearest_name=None source_id=us-census-tiger-2025-roads-08077 source_feature_id=110453885759
candidate lon=-109.051119 lat=40.110846 raw_within_radius=0 accepted_within_radius=0 excluded_within_radius=0 nearest_m=33.060 nearest_mtfcc=S1400 nearest_name=Some("Co Rd 21") source_id=us-census-tiger-2025-roads-08103 source_feature_id=110454262386
candidate lon=-109.051037 lat=40.200580 raw_within_radius=0 accepted_within_radius=0 excluded_within_radius=0 nearest_m=1618.592 nearest_mtfcc=S1400 nearest_name=None source_id=us-census-tiger-2025-roads-08103 source_feature_id=110454269538
candidate lon=-109.051035 lat=40.221817 raw_within_radius=0 accepted_within_radius=0 excluded_within_radius=0 nearest_m=481.079 nearest_mtfcc=S1400 nearest_name=None source_id=us-census-tiger-2025-roads-08103 source_feature_id=110454269842
candidate lon=-109.051028 lat=39.415299 raw_within_radius=0 accepted_within_radius=0 excluded_within_radius=0 nearest_m=460.072 nearest_mtfcc=S1400 nearest_name=None source_id=us-census-tiger-2025-roads-08045 source_feature_id=1102609894556
candidate lon=-109.051009 lat=39.356027 raw_within_radius=0 accepted_within_radius=0 excluded_within_radius=0 nearest_m=841.885 nearest_mtfcc=S1400 nearest_name=None source_id=us-census-tiger-2025-roads-08077 source_feature_id=110453885768
candidate lon=-109.050999 lat=40.047298 raw_within_radius=0 accepted_within_radius=0 excluded_within_radius=0 nearest_m=331.833 nearest_mtfcc=S1400 nearest_name=None source_id=us-census-tiger-2025-roads-08103 source_feature_id=110454269040
candidate lon=-109.050996 lat=40.046486 raw_within_radius=0 accepted_within_radius=0 excluded_within_radius=0 nearest_m=368.486 nearest_mtfcc=S1400 nearest_name=None source_id=us-census-tiger-2025-roads-08103 source_feature_id=110454269040
candidate lon=-109.050975 lat=40.152194 raw_within_radius=0 accepted_within_radius=0 excluded_within_radius=0 nearest_m=433.817 nearest_mtfcc=S1400 nearest_name=None source_id=us-census-tiger-2025-roads-08103 source_feature_id=110454269519
candidate lon=-109.050974 lat=40.257675 raw_within_radius=0 accepted_within_radius=0 excluded_within_radius=0 nearest_m=635.750 nearest_mtfcc=S1400 nearest_name=None source_id=us-census-tiger-2025-roads-08081 source_feature_id=1108476058496
candidate lon=-109.050970 lat=40.158724 raw_within_radius=0 accepted_within_radius=0 excluded_within_radius=0 nearest_m=30.645 nearest_mtfcc=S1400 nearest_name=None source_id=us-census-tiger-2025-roads-08103 source_feature_id=110454269519
candidate lon=-109.050957 lat=40.140475 raw_within_radius=0 accepted_within_radius=0 excluded_within_radius=0 nearest_m=147.940 nearest_mtfcc=S1400 nearest_name=None source_id=us-census-tiger-2025-roads-08103 source_feature_id=110454269515
candidate lon=-109.050956 lat=40.140847 raw_within_radius=0 accepted_within_radius=0 excluded_within_radius=0 nearest_m=159.680 nearest_mtfcc=S1400 nearest_name=None source_id=us-census-tiger-2025-roads-08103 source_feature_id=110454269515
candidate lon=-109.050953 lat=40.027517 raw_within_radius=1 accepted_within_radius=0 excluded_within_radius=1 nearest_m=0.000 nearest_mtfcc=S1740 nearest_name=None source_id=us-census-tiger-2025-roads-08103 source_feature_id=110454271053
candidate lon=-109.050886 lat=40.341540 raw_within_radius=0 accepted_within_radius=0 excluded_within_radius=0 nearest_m=1650.312 nearest_mtfcc=S1400 nearest_name=Some("Miners Draw Rd") source_id=us-census-tiger-2025-roads-08081 source_feature_id=110415276623
candidate lon=-109.050865 lat=40.364814 raw_within_radius=0 accepted_within_radius=0 excluded_within_radius=0 nearest_m=924.669 nearest_mtfcc=S1400 nearest_name=Some("Miners Draw Rd") source_id=us-census-tiger-2025-roads-08081 source_feature_id=110415276623
candidate lon=-109.050861 lat=40.368071 raw_within_radius=0 accepted_within_radius=0 excluded_within_radius=0 nearest_m=1276.313 nearest_mtfcc=S1400 nearest_name=Some("Miners Draw Rd") source_id=us-census-tiger-2025-roads-08081 source_feature_id=110415276623
candidate lon=-109.050840 lat=40.392053 raw_within_radius=0 accepted_within_radius=0 excluded_within_radius=0 nearest_m=1502.004 nearest_mtfcc=S1400 nearest_name=None source_id=us-census-tiger-2025-roads-08081 source_feature_id=110415314119
candidate lon=-109.050823 lat=40.384776 raw_within_radius=0 accepted_within_radius=0 excluded_within_radius=0 nearest_m=1897.416 nearest_mtfcc=S1400 nearest_name=None source_id=us-census-tiger-2025-roads-08081 source_feature_id=110415314119
candidate lon=-109.050817 lat=40.382338 raw_within_radius=0 accepted_within_radius=0 excluded_within_radius=0 nearest_m=2084.216 nearest_mtfcc=S1400 nearest_name=None source_id=us-census-tiger-2025-roads-08081 source_feature_id=110415314119
candidate lon=-109.050161 lat=41.000514 raw_within_radius=0 accepted_within_radius=0 excluded_within_radius=0 nearest_m=1718.322 nearest_mtfcc=S1400 nearest_name=None source_id=us-census-tiger-2025-roads-08081 source_feature_id=1104471681056
candidate lon=-109.050093 lat=40.998898 raw_within_radius=0 accepted_within_radius=0 excluded_within_radius=0 nearest_m=1540.603 nearest_mtfcc=S1400 nearest_name=None source_id=us-census-tiger-2025-roads-08081 source_feature_id=1104471681056
candidate lon=-109.049988 lat=40.998878 raw_within_radius=0 accepted_within_radius=0 excluded_within_radius=0 nearest_m=1536.747 nearest_mtfcc=S1400 nearest_name=None source_id=us-census-tiger-2025-roads-08081 source_feature_id=1104471681056
candidate lon=-109.049696 lat=40.963194 raw_within_radius=0 accepted_within_radius=0 excluded_within_radius=0 nearest_m=1791.649 nearest_mtfcc=S1400 nearest_name=None source_id=us-census-tiger-2025-roads-08081 source_feature_id=1104471615927
candidate lon=-109.048707 lat=40.771538 raw_within_radius=0 accepted_within_radius=0 excluded_within_radius=0 nearest_m=3279.286 nearest_mtfcc=S1400 nearest_name=None source_id=us-census-tiger-2025-roads-08081 source_feature_id=1102868861365
candidate lon=-109.048192 lat=40.635206 raw_within_radius=0 accepted_within_radius=0 excluded_within_radius=0 nearest_m=730.943 nearest_mtfcc=S1400 nearest_name=None source_id=us-census-tiger-2025-roads-08081 source_feature_id=1102868861483
candidate lon=-109.047918 lat=38.198401 raw_within_radius=0 accepted_within_radius=0 excluded_within_radius=0 nearest_m=1847.504 nearest_mtfcc=S1400 nearest_name=None source_id=us-census-tiger-2025-roads-08085 source_feature_id=110446678673
candidate lon=-109.045740 lat=37.204469 raw_within_radius=1 accepted_within_radius=0 excluded_within_radius=1 nearest_m=0.000 nearest_mtfcc=S1500 nearest_name=None source_id=us-census-tiger-2025-roads-08083 source_feature_id=1101458831844
candidate lon=-109.045550 lat=37.208379 raw_within_radius=1 accepted_within_radius=0 excluded_within_radius=1 nearest_m=0.000 nearest_mtfcc=S1500 nearest_name=None source_id=us-census-tiger-2025-roads-08083 source_feature_id=1101458831843
candidate lon=-109.045399 lat=37.217497 raw_within_radius=1 accepted_within_radius=0 excluded_within_radius=1 nearest_m=0.000 nearest_mtfcc=S1500 nearest_name=None source_id=us-census-tiger-2025-roads-08083 source_feature_id=1101458831629
candidate lon=-109.045315 lat=37.139628 raw_within_radius=1 accepted_within_radius=0 excluded_within_radius=1 nearest_m=0.000 nearest_mtfcc=S1500 nearest_name=None source_id=us-census-tiger-2025-roads-08083 source_feature_id=1101458831831
candidate lon=-109.045299 lat=36.998977 raw_within_radius=0 accepted_within_radius=0 excluded_within_radius=0 nearest_m=21.896 nearest_mtfcc=S1400 nearest_name=None source_id=us-census-tiger-2025-roads-08083 source_feature_id=1103944442683
candidate lon=-109.045199 lat=37.046055 raw_within_radius=1 accepted_within_radius=0 excluded_within_radius=1 nearest_m=0.000 nearest_mtfcc=S1500 nearest_name=None source_id=us-census-tiger-2025-roads-08083 source_feature_id=1101458831778
candidate lon=-109.045173 lat=37.012092 raw_within_radius=1 accepted_within_radius=0 excluded_within_radius=1 nearest_m=0.000 nearest_mtfcc=S1500 nearest_name=None source_id=us-census-tiger-2025-roads-08083 source_feature_id=1101458831742
candidate lon=-109.045169 lat=37.010472 raw_within_radius=1 accepted_within_radius=0 excluded_within_radius=1 nearest_m=0.000 nearest_mtfcc=S1500 nearest_name=None source_id=us-census-tiger-2025-roads-08083 source_feature_id=1101458831742
candidate lon=-109.042699 lat=37.962845 raw_within_radius=1 accepted_within_radius=0 excluded_within_radius=1 nearest_m=0.000 nearest_mtfcc=S1500 nearest_name=None source_id=us-census-tiger-2025-roads-08113 source_feature_id=1105312400181
candidate lon=-109.042145 lat=37.800047 raw_within_radius=0 accepted_within_radius=0 excluded_within_radius=0 nearest_m=1719.365 nearest_mtfcc=S1200 nearest_name=Some("US Hwy 491") source_id=us-census-tiger-2025-roads-08033 source_feature_id=1104257687260
candidate lon=-109.042108 lat=37.930913 raw_within_radius=0 accepted_within_radius=0 excluded_within_radius=0 nearest_m=58.254 nearest_mtfcc=S1400 nearest_name=Some("J1 Rd") source_id=us-census-tiger-2025-roads-08113 source_feature_id=110454463617
candidate lon=-109.042048 lat=37.834144 raw_within_radius=0 accepted_within_radius=0 excluded_within_radius=0 nearest_m=187.207 nearest_mtfcc=S1400 nearest_name=None source_id=us-census-tiger-2025-roads-08033 source_feature_id=1105326075635
candidate lon=-109.042029 lat=37.861916 raw_within_radius=0 accepted_within_radius=0 excluded_within_radius=0 nearest_m=2047.009 nearest_mtfcc=S1400 nearest_name=Some("Co Rd 1 5/10") source_id=us-census-tiger-2025-roads-08033 source_feature_id=110432327307
candidate lon=-109.042003 lat=37.872936 raw_within_radius=0 accepted_within_radius=0 excluded_within_radius=0 nearest_m=1696.423 nearest_mtfcc=S1400 nearest_name=Some("Co Rd A") source_id=us-census-tiger-2025-roads-08033 source_feature_id=11019640574532
