candidate_points=32 inspected_sources=3 inspected_rows=29943 radius_m=20
candidate lon=-111.046953 lat=40.997829 raw_within_radius=0 accepted_within_radius=0 excluded_within_radius=0 nearest_m=1202.013 nearest_mtfcc=S1400 nearest_name=None source_id=us-census-tiger-2025-roads-56041 source_feature_id=110488954508
candidate lon=-111.046950 lat=41.007731 raw_within_radius=0 accepted_within_radius=0 excluded_within_radius=0 nearest_m=121.183 nearest_mtfcc=S1400 nearest_name=Some("Co Rd 150") source_id=us-census-tiger-2025-roads-56041 source_feature_id=110488936624
candidate lon=-111.046654 lat=41.904136 raw_within_radius=1 accepted_within_radius=0 excluded_within_radius=1 nearest_m=0.000 nearest_mtfcc=S1500 nearest_name=None source_id=us-census-tiger-2025-roads-56023 source_feature_id=110278218020
candidate lon=-111.046617 lat=41.920992 raw_within_radius=1 accepted_within_radius=0 excluded_within_radius=1 nearest_m=0.000 nearest_mtfcc=S1500 nearest_name=None source_id=us-census-tiger-2025-roads-56023 source_feature_id=110278218021
candidate lon=-111.046609 lat=41.938088 raw_within_radius=1 accepted_within_radius=0 excluded_within_radius=1 nearest_m=0.000 nearest_mtfcc=S1500 nearest_name=None source_id=us-census-tiger-2025-roads-56023 source_feature_id=110278218022
candidate lon=-111.046538 lat=41.876297 raw_within_radius=1 accepted_within_radius=0 excluded_within_radius=1 nearest_m=0.000 nearest_mtfcc=S1500 nearest_name=None source_id=us-census-tiger-2025-roads-56023 source_feature_id=110278218007
candidate lon=-111.046513 lat=41.975093 raw_within_radius=1 accepted_within_radius=0 excluded_within_radius=1 nearest_m=0.000 nearest_mtfcc=S1500 nearest_name=None source_id=us-census-tiger-2025-roads-56023 source_feature_id=110278218029
candidate lon=-111.046496 lat=41.956233 raw_within_radius=1 accepted_within_radius=0 excluded_within_radius=1 nearest_m=0.000 nearest_mtfcc=S1500 nearest_name=None source_id=us-census-tiger-2025-roads-56023 source_feature_id=110278218028
candidate lon=-111.046492 lat=41.363705 raw_within_radius=0 accepted_within_radius=0 excluded_within_radius=0 nearest_m=1115.591 nearest_mtfcc=S1400 nearest_name=Some("Loop Rd") source_id=us-census-tiger-2025-roads-56041 source_feature_id=110488944099
candidate lon=-111.046491 lat=41.361303 raw_within_radius=0 accepted_within_radius=0 excluded_within_radius=0 nearest_m=1372.842 nearest_mtfcc=S1400 nearest_name=Some("Loop Rd") source_id=us-census-tiger-2025-roads-56041 source_feature_id=110488944099
candidate lon=-111.046491 lat=41.895695 raw_within_radius=1 accepted_within_radius=0 excluded_within_radius=1 nearest_m=0.000 nearest_mtfcc=S1500 nearest_name=None source_id=us-census-tiger-2025-roads-56023 source_feature_id=110278218019
candidate lon=-111.046471 lat=41.885952 raw_within_radius=1 accepted_within_radius=0 excluded_within_radius=1 nearest_m=0.000 nearest_mtfcc=S1500 nearest_name=None source_id=us-census-tiger-2025-roads-56023 source_feature_id=110278218017
candidate lon=-111.046445 lat=41.890394 raw_within_radius=1 accepted_within_radius=0 excluded_within_radius=1 nearest_m=0.000 nearest_mtfcc=S1500 nearest_name=None source_id=us-census-tiger-2025-roads-56023 source_feature_id=110278218018
candidate lon=-111.045889 lat=41.497584 raw_within_radius=0 accepted_within_radius=0 excluded_within_radius=0 nearest_m=954.823 nearest_mtfcc=S1740 nearest_name=None source_id=us-census-tiger-2025-roads-56041 source_feature_id=1103673888801
candidate lon=-111.045834 lat=41.579031 raw_within_radius=0 accepted_within_radius=0 excluded_within_radius=0 nearest_m=399.669 nearest_mtfcc=S1400 nearest_name=None source_id=us-census-tiger-2025-roads-56023 source_feature_id=110278217136
candidate lon=-110.869780 lat=40.997079 raw_within_radius=0 accepted_within_radius=0 excluded_within_radius=0 nearest_m=82.944 nearest_mtfcc=S1400 nearest_name=None source_id=us-census-tiger-2025-roads-56041 source_feature_id=1105321648662
candidate lon=-110.854109 lat=40.996961 raw_within_radius=0 accepted_within_radius=0 excluded_within_radius=0 nearest_m=895.611 nearest_mtfcc=S1200 nearest_name=Some("State Hwy 150") source_id=us-census-tiger-2025-roads-56041 source_feature_id=1106087779927
candidate lon=-110.843703 lat=40.997043 raw_within_radius=0 accepted_within_radius=0 excluded_within_radius=0 nearest_m=153.678 nearest_mtfcc=S1500 nearest_name=None source_id=us-census-tiger-2025-roads-56041 source_feature_id=110488955856
candidate lon=-110.802599 lat=40.996704 raw_within_radius=0 accepted_within_radius=0 excluded_within_radius=0 nearest_m=21.754 nearest_mtfcc=S1400 nearest_name=None source_id=us-census-tiger-2025-roads-56041 source_feature_id=110488955044
candidate lon=-110.454769 lat=40.994715 raw_within_radius=0 accepted_within_radius=0 excluded_within_radius=0 nearest_m=414.109 nearest_mtfcc=S1400 nearest_name=None source_id=us-census-tiger-2025-roads-56041 source_feature_id=110488955406
candidate lon=-110.356454 lat=40.994843 raw_within_radius=0 accepted_within_radius=0 excluded_within_radius=0 nearest_m=39.498 nearest_mtfcc=S1400 nearest_name=None source_id=us-census-tiger-2025-roads-56041 source_feature_id=11021366289261
candidate lon=-110.278591 lat=40.994783 raw_within_radius=0 accepted_within_radius=0 excluded_within_radius=0 nearest_m=330.303 nearest_mtfcc=S1400 nearest_name=None source_id=us-census-tiger-2025-roads-56041 source_feature_id=110488954486
candidate lon=-110.263446 lat=40.995007 raw_within_radius=0 accepted_within_radius=0 excluded_within_radius=0 nearest_m=337.180 nearest_mtfcc=S1400 nearest_name=None source_id=us-census-tiger-2025-roads-56041 source_feature_id=110488954485
candidate lon=-110.223930 lat=40.995659 raw_within_radius=0 accepted_within_radius=0 excluded_within_radius=0 nearest_m=676.135 nearest_mtfcc=S1400 nearest_name=None source_id=us-census-tiger-2025-roads-56041 source_feature_id=110488954484
candidate lon=-110.188115 lat=40.995694 raw_within_radius=0 accepted_within_radius=0 excluded_within_radius=0 nearest_m=60.260 nearest_mtfcc=S1400 nearest_name=None source_id=us-census-tiger-2025-roads-56041 source_feature_id=110488954453
candidate lon=-110.187909 lat=40.995759 raw_within_radius=0 accepted_within_radius=0 excluded_within_radius=0 nearest_m=53.004 nearest_mtfcc=S1400 nearest_name=None source_id=us-census-tiger-2025-roads-56041 source_feature_id=110488954453
candidate lon=-110.143136 lat=40.996267 raw_within_radius=0 accepted_within_radius=0 excluded_within_radius=0 nearest_m=323.356 nearest_mtfcc=S1400 nearest_name=None source_id=us-census-tiger-2025-roads-56041 source_feature_id=110488955494
candidate lon=-110.043964 lat=40.997273 raw_within_radius=0 accepted_within_radius=0 excluded_within_radius=0 nearest_m=409.105 nearest_mtfcc=S1400 nearest_name=None source_id=us-census-tiger-2025-roads-56037 source_feature_id=110690889474
candidate lon=-109.918726 lat=40.997441 raw_within_radius=0 accepted_within_radius=0 excluded_within_radius=0 nearest_m=50.740 nearest_mtfcc=S1400 nearest_name=None source_id=us-census-tiger-2025-roads-56037 source_feature_id=110690883101
candidate lon=-109.676842 lat=40.998259 raw_within_radius=0 accepted_within_radius=0 excluded_within_radius=0 nearest_m=22.849 nearest_mtfcc=S1200 nearest_name=Some("State Hwy 530") source_id=us-census-tiger-2025-roads-56037 source_feature_id=1104480899177
candidate lon=-109.432905 lat=40.999692 raw_within_radius=0 accepted_within_radius=0 excluded_within_radius=0 nearest_m=169.376 nearest_mtfcc=S1200 nearest_name=Some("US Hwy 191") source_id=us-census-tiger-2025-roads-56037 source_feature_id=1104476023260
candidate lon=-109.050161 lat=41.000514 raw_within_radius=0 accepted_within_radius=0 excluded_within_radius=0 nearest_m=1115.516 nearest_mtfcc=S1400 nearest_name=None source_id=us-census-tiger-2025-roads-56037 source_feature_id=110690884872
