candidate_points=47 inspected_sources=11 inspected_rows=27456 radius_m=20
candidate lon=-101.324354 lat=36.996380 raw_within_radius=0 accepted_within_radius=0 excluded_within_radius=0 nearest_m=465.759 nearest_mtfcc=S1400 nearest_name=None source_id=us-census-tiger-2025-roads-20189 source_feature_id=110465751244
candidate lon=-101.321563 lat=36.996476 raw_within_radius=0 accepted_within_radius=0 excluded_within_radius=0 nearest_m=305.540 nearest_mtfcc=S1400 nearest_name=None source_id=us-census-tiger-2025-roads-20189 source_feature_id=110465751244
candidate lon=-101.297225 lat=36.996612 raw_within_radius=0 accepted_within_radius=0 excluded_within_radius=0 nearest_m=1547.151 nearest_mtfcc=S1400 nearest_name=Some("Rd B") source_id=us-census-tiger-2025-roads-20189 source_feature_id=11032818033658
candidate lon=-101.085306 lat=36.997885 raw_within_radius=0 accepted_within_radius=0 excluded_within_radius=0 nearest_m=439.909 nearest_mtfcc=S1400 nearest_name=Some("Rd A") source_id=us-census-tiger-2025-roads-20189 source_feature_id=11037158363708
candidate lon=-100.891426 lat=36.998472 raw_within_radius=0 accepted_within_radius=0 excluded_within_radius=0 nearest_m=21.723 nearest_mtfcc=S1200 nearest_name=Some("US Hwy 270") source_id=us-census-tiger-2025-roads-20175 source_feature_id=11036940629021
candidate lon=-100.882843 lat=36.998645 raw_within_radius=0 accepted_within_radius=0 excluded_within_radius=0 nearest_m=778.554 nearest_mtfcc=S1200 nearest_name=Some("US Hwy 270") source_id=us-census-tiger-2025-roads-20175 source_feature_id=11036940629021
candidate lon=-100.855720 lat=36.998694 raw_within_radius=0 accepted_within_radius=0 excluded_within_radius=0 nearest_m=509.159 nearest_mtfcc=S1400 nearest_name=Some("Rd N") source_id=us-census-tiger-2025-roads-20175 source_feature_id=1104473888328
candidate lon=-100.855634 lat=36.998626 raw_within_radius=0 accepted_within_radius=0 excluded_within_radius=0 nearest_m=501.929 nearest_mtfcc=S1400 nearest_name=Some("Rd N") source_id=us-census-tiger-2025-roads-20175 source_feature_id=1104473888328
candidate lon=-100.822781 lat=36.998831 raw_within_radius=1 accepted_within_radius=0 excluded_within_radius=1 nearest_m=0.000 nearest_mtfcc=S1750 nearest_name=None source_id=us-census-tiger-2025-roads-20175 source_feature_id=110158802907
candidate lon=-100.734276 lat=36.999062 raw_within_radius=1 accepted_within_radius=0 excluded_within_radius=1 nearest_m=0.000 nearest_mtfcc=S1740 nearest_name=None source_id=us-census-tiger-2025-roads-20175 source_feature_id=110158812208
candidate lon=-100.693555 lat=36.999598 raw_within_radius=0 accepted_within_radius=0 excluded_within_radius=0 nearest_m=1621.200 nearest_mtfcc=S1400 nearest_name=Some("Rd 1") source_id=us-census-tiger-2025-roads-20175 source_feature_id=1104474007250
candidate lon=-100.543809 lat=37.000617 raw_within_radius=0 accepted_within_radius=0 excluded_within_radius=0 nearest_m=1413.694 nearest_mtfcc=S1400 nearest_name=Some("Ff Rd") source_id=us-census-tiger-2025-roads-20119 source_feature_id=1102406900127
candidate lon=-100.475396 lat=37.000951 raw_within_radius=1 accepted_within_radius=0 excluded_within_radius=1 nearest_m=0.000 nearest_mtfcc=S1500 nearest_name=None source_id=us-census-tiger-2025-roads-20119 source_feature_id=110510730286
candidate lon=-100.464904 lat=37.000992 raw_within_radius=1 accepted_within_radius=0 excluded_within_radius=1 nearest_m=0.000 nearest_mtfcc=S1500 nearest_name=None source_id=us-census-tiger-2025-roads-20119 source_feature_id=110510730285
candidate lon=-100.460498 lat=37.000995 raw_within_radius=1 accepted_within_radius=0 excluded_within_radius=1 nearest_m=0.000 nearest_mtfcc=S1500 nearest_name=None source_id=us-census-tiger-2025-roads-20119 source_feature_id=110510730096
candidate lon=-100.449105 lat=37.001086 raw_within_radius=1 accepted_within_radius=0 excluded_within_radius=1 nearest_m=0.000 nearest_mtfcc=S1500 nearest_name=None source_id=us-census-tiger-2025-roads-20119 source_feature_id=110510730222
candidate lon=-100.442363 lat=37.001107 raw_within_radius=1 accepted_within_radius=0 excluded_within_radius=1 nearest_m=0.000 nearest_mtfcc=S1500 nearest_name=None source_id=us-census-tiger-2025-roads-20119 source_feature_id=110510730216
candidate lon=-100.423361 lat=37.001104 raw_within_radius=1 accepted_within_radius=0 excluded_within_radius=1 nearest_m=0.000 nearest_mtfcc=S1500 nearest_name=None source_id=us-census-tiger-2025-roads-20119 source_feature_id=110510730214
candidate lon=-100.416744 lat=37.001167 raw_within_radius=1 accepted_within_radius=0 excluded_within_radius=1 nearest_m=0.000 nearest_mtfcc=S1500 nearest_name=None source_id=us-census-tiger-2025-roads-20119 source_feature_id=110510730189
candidate lon=-100.413751 lat=37.001178 raw_within_radius=1 accepted_within_radius=0 excluded_within_radius=1 nearest_m=0.000 nearest_mtfcc=S1500 nearest_name=None source_id=us-census-tiger-2025-roads-20119 source_feature_id=110510730208
candidate lon=-100.412525 lat=37.001183 raw_within_radius=1 accepted_within_radius=0 excluded_within_radius=1 nearest_m=0.000 nearest_mtfcc=S1500 nearest_name=None source_id=us-census-tiger-2025-roads-20119 source_feature_id=110510730207
candidate lon=-100.297360 lat=37.001821 raw_within_radius=0 accepted_within_radius=0 excluded_within_radius=0 nearest_m=967.922 nearest_mtfcc=S1400 nearest_name=None source_id=us-census-tiger-2025-roads-20119 source_feature_id=110510729935
candidate lon=-100.294546 lat=37.001823 raw_within_radius=0 accepted_within_radius=0 excluded_within_radius=0 nearest_m=1191.520 nearest_mtfcc=S1400 nearest_name=None source_id=us-census-tiger-2025-roads-20119 source_feature_id=110510729935
candidate lon=-100.249931 lat=37.001882 raw_within_radius=0 accepted_within_radius=0 excluded_within_radius=0 nearest_m=1099.333 nearest_mtfcc=S1400 nearest_name=None source_id=us-census-tiger-2025-roads-20119 source_feature_id=110510729084
candidate lon=-100.125696 lat=37.002265 raw_within_radius=0 accepted_within_radius=0 excluded_within_radius=0 nearest_m=234.111 nearest_mtfcc=S1500 nearest_name=None source_id=us-census-tiger-2025-roads-20119 source_feature_id=110510730140
candidate lon=-100.118661 lat=37.002173 raw_within_radius=1 accepted_within_radius=0 excluded_within_radius=1 nearest_m=0.000 nearest_mtfcc=S1500 nearest_name=None source_id=us-census-tiger-2025-roads-20119 source_feature_id=110510730140
candidate lon=-99.993060 lat=37.001609 raw_within_radius=0 accepted_within_radius=0 excluded_within_radius=0 nearest_m=190.355 nearest_mtfcc=S1400 nearest_name=None source_id=us-census-tiger-2025-roads-20025 source_feature_id=1102212993619
candidate lon=-99.538761 lat=36.999631 raw_within_radius=0 accepted_within_radius=0 excluded_within_radius=0 nearest_m=853.737 nearest_mtfcc=S1400 nearest_name=None source_id=us-census-tiger-2025-roads-20033 source_feature_id=110169943284
candidate lon=-98.761705 lat=36.999305 raw_within_radius=0 accepted_within_radius=0 excluded_within_radius=0 nearest_m=453.439 nearest_mtfcc=S1400 nearest_name=Some("E0010 Rd") source_id=us-census-tiger-2025-roads-20007 source_feature_id=1103674530185
candidate lon=-98.212301 lat=36.997877 raw_within_radius=0 accepted_within_radius=0 excluded_within_radius=0 nearest_m=638.630 nearest_mtfcc=S1400 nearest_name=Some("SW 106 Rd") source_id=us-census-tiger-2025-roads-20077 source_feature_id=1103711722850
candidate lon=-98.209988 lat=36.997868 raw_within_radius=0 accepted_within_radius=0 excluded_within_radius=0 nearest_m=761.809 nearest_mtfcc=S1740 nearest_name=None source_id=us-census-tiger-2025-roads-20077 source_feature_id=110447874314
candidate lon=-97.624258 lat=36.998692 raw_within_radius=0 accepted_within_radius=0 excluded_within_radius=0 nearest_m=1119.294 nearest_mtfcc=S1400 nearest_name=Some("W 200th St S") source_id=us-census-tiger-2025-roads-20191 source_feature_id=110507956195
candidate lon=-96.929009 lat=36.998997 raw_within_radius=0 accepted_within_radius=0 excluded_within_radius=0 nearest_m=500.030 nearest_mtfcc=S1400 nearest_name=Some("332nd Rd") source_id=us-census-tiger-2025-roads-20035 source_feature_id=1102654027306
candidate lon=-96.821512 lat=36.999098 raw_within_radius=0 accepted_within_radius=0 excluded_within_radius=0 nearest_m=124.023 nearest_mtfcc=S1400 nearest_name=Some("181st Rd") source_id=us-census-tiger-2025-roads-20035 source_feature_id=110782184963
candidate lon=-96.675224 lat=36.999140 raw_within_radius=1 accepted_within_radius=0 excluded_within_radius=1 nearest_m=0.000 nearest_mtfcc=S1740 nearest_name=None source_id=us-census-tiger-2025-roads-20035 source_feature_id=110782189978
candidate lon=-96.308847 lat=36.999119 raw_within_radius=1 accepted_within_radius=0 excluded_within_radius=1 nearest_m=0.000 nearest_mtfcc=S1740 nearest_name=None source_id=us-census-tiger-2025-roads-20019 source_feature_id=110781714920
candidate lon=-95.961644 lat=36.999117 raw_within_radius=1 accepted_within_radius=0 excluded_within_radius=1 nearest_m=0.000 nearest_mtfcc=S1740 nearest_name=None source_id=us-census-tiger-2025-roads-20125 source_feature_id=110197955857
candidate lon=-95.889057 lat=36.999193 raw_within_radius=0 accepted_within_radius=0 excluded_within_radius=0 nearest_m=965.131 nearest_mtfcc=S1740 nearest_name=None source_id=us-census-tiger-2025-roads-20125 source_feature_id=110197957730
candidate lon=-95.665000 lat=36.999300 raw_within_radius=1 accepted_within_radius=0 excluded_within_radius=1 nearest_m=15.320 nearest_mtfcc=S1740 nearest_name=None source_id=us-census-tiger-2025-roads-20125 source_feature_id=110197957260
candidate lon=-95.622950 lat=36.999290 raw_within_radius=0 accepted_within_radius=0 excluded_within_radius=0 nearest_m=129.980 nearest_mtfcc=S1400 nearest_name=Some("Interstate Rd") source_id=us-census-tiger-2025-roads-20125 source_feature_id=1102364599944
candidate lon=-95.621890 lat=36.999280 raw_within_radius=0 accepted_within_radius=0 excluded_within_radius=0 nearest_m=66.027 nearest_mtfcc=S1740 nearest_name=None source_id=us-census-tiger-2025-roads-20125 source_feature_id=110197957266
candidate lon=-95.620759 lat=36.999226 raw_within_radius=0 accepted_within_radius=0 excluded_within_radius=0 nearest_m=42.551 nearest_mtfcc=S1740 nearest_name=None source_id=us-census-tiger-2025-roads-20125 source_feature_id=110197957266
candidate lon=-95.620694 lat=36.999228 raw_within_radius=0 accepted_within_radius=0 excluded_within_radius=0 nearest_m=37.218 nearest_mtfcc=S1740 nearest_name=None source_id=us-census-tiger-2025-roads-20125 source_feature_id=110197957266
candidate lon=-95.620682 lat=36.999361 raw_within_radius=0 accepted_within_radius=0 excluded_within_radius=0 nearest_m=29.999 nearest_mtfcc=S1740 nearest_name=None source_id=us-census-tiger-2025-roads-20125 source_feature_id=110197957266
candidate lon=-95.620038 lat=36.999207 raw_within_radius=0 accepted_within_radius=0 excluded_within_radius=0 nearest_m=26.884 nearest_mtfcc=S1200 nearest_name=Some("US Hwy 169") source_id=us-census-tiger-2025-roads-20125 source_feature_id=1106087001447
candidate lon=-95.619262 lat=36.999234 raw_within_radius=0 accepted_within_radius=0 excluded_within_radius=0 nearest_m=82.283 nearest_mtfcc=S1200 nearest_name=Some("US Hwy 169") source_id=us-census-tiger-2025-roads-20125 source_feature_id=1106087001447
candidate lon=-95.574340 lat=36.999240 raw_within_radius=0 accepted_within_radius=0 excluded_within_radius=0 nearest_m=155.229 nearest_mtfcc=S1400 nearest_name=Some("Co Rd 1200") source_id=us-census-tiger-2025-roads-20125 source_feature_id=110197949395
