candidate_points=49 inspected_sources=3 inspected_rows=25642 radius_m=20
candidate lon=-117.042089 lat=47.774820 raw_within_radius=0 accepted_within_radius=0 excluded_within_radius=0 nearest_m=548.252 nearest_mtfcc=S1400 nearest_name=None source_id=us-census-tiger-2025-roads-53063 source_feature_id=1105598725638
candidate lon=-117.041971 lat=47.861048 raw_within_radius=0 accepted_within_radius=0 excluded_within_radius=0 nearest_m=1596.338 nearest_mtfcc=S1400 nearest_name=None source_id=us-census-tiger-2025-roads-53063 source_feature_id=110488609901
candidate lon=-117.041838 lat=47.745513 raw_within_radius=0 accepted_within_radius=0 excluded_within_radius=0 nearest_m=41.658 nearest_mtfcc=S1400 nearest_name=None source_id=us-census-tiger-2025-roads-53063 source_feature_id=110192895105
candidate lon=-117.041817 lat=47.921670 raw_within_radius=0 accepted_within_radius=0 excluded_within_radius=0 nearest_m=508.498 nearest_mtfcc=S1400 nearest_name=Some("Brickel Creek Rd") source_id=us-census-tiger-2025-roads-53063 source_feature_id=110488601347
candidate lon=-117.041238 lat=48.108370 raw_within_radius=0 accepted_within_radius=0 excluded_within_radius=0 nearest_m=410.037 nearest_mtfcc=S1500 nearest_name=None source_id=us-census-tiger-2025-roads-53051 source_feature_id=110482804227
candidate lon=-117.041235 lat=47.673302 raw_within_radius=0 accepted_within_radius=0 excluded_within_radius=0 nearest_m=106.772 nearest_mtfcc=S1400 nearest_name=Some("S Stateline Rd") source_id=us-census-tiger-2025-roads-53063 source_feature_id=110488599529
candidate lon=-117.041176 lat=47.672572 raw_within_radius=0 accepted_within_radius=0 excluded_within_radius=0 nearest_m=26.258 nearest_mtfcc=S1400 nearest_name=Some("S Stateline Rd") source_id=us-census-tiger-2025-roads-53063 source_feature_id=110488599529
candidate lon=-117.041028 lat=47.574255 raw_within_radius=1 accepted_within_radius=0 excluded_within_radius=1 nearest_m=0.000 nearest_mtfcc=S1500 nearest_name=None source_id=us-census-tiger-2025-roads-53063 source_feature_id=110488611212
candidate lon=-117.041001 lat=47.569596 raw_within_radius=0 accepted_within_radius=0 excluded_within_radius=0 nearest_m=518.641 nearest_mtfcc=S1500 nearest_name=None source_id=us-census-tiger-2025-roads-53063 source_feature_id=110488611212
candidate lon=-117.039889 lat=47.303179 raw_within_radius=0 accepted_within_radius=0 excluded_within_radius=0 nearest_m=783.246 nearest_mtfcc=S1400 nearest_name=Some("Idaho Rd") source_id=us-census-tiger-2025-roads-53063 source_feature_id=110488590578
candidate lon=-117.039835 lat=46.679377 raw_within_radius=0 accepted_within_radius=0 excluded_within_radius=0 nearest_m=52.432 nearest_mtfcc=S1500 nearest_name=Some("Snow Rd") source_id=us-census-tiger-2025-roads-53075 source_feature_id=110381837548
candidate lon=-117.039834 lat=46.678906 raw_within_radius=1 accepted_within_radius=0 excluded_within_radius=1 nearest_m=0.000 nearest_mtfcc=S1500 nearest_name=Some("Snow Rd") source_id=us-census-tiger-2025-roads-53075 source_feature_id=110381837548
candidate lon=-117.039831 lat=47.409566 raw_within_radius=0 accepted_within_radius=0 excluded_within_radius=0 nearest_m=321.618 nearest_mtfcc=S1400 nearest_name=Some("E Chatcolet Rd") source_id=us-census-tiger-2025-roads-53063 source_feature_id=110488598644
candidate lon=-117.039810 lat=47.322574 raw_within_radius=0 accepted_within_radius=0 excluded_within_radius=0 nearest_m=513.388 nearest_mtfcc=S1400 nearest_name=Some("E Painter Rd") source_id=us-census-tiger-2025-roads-53063 source_feature_id=110488595888
candidate lon=-117.039808 lat=47.366031 raw_within_radius=0 accepted_within_radius=0 excluded_within_radius=0 nearest_m=487.438 nearest_mtfcc=S1400 nearest_name=Some("E Sanders Rd") source_id=us-census-tiger-2025-roads-53063 source_feature_id=110488596133
candidate lon=-117.039801 lat=46.859996 raw_within_radius=0 accepted_within_radius=0 excluded_within_radius=0 nearest_m=100.085 nearest_mtfcc=S1400 nearest_name=Some("Palouse Cove Rd") source_id=us-census-tiger-2025-roads-53075 source_feature_id=1106077690428
candidate lon=-117.039792 lat=46.734782 raw_within_radius=0 accepted_within_radius=0 excluded_within_radius=0 nearest_m=265.181 nearest_mtfcc=S1200 nearest_name=Some("State Rte 270") source_id=us-census-tiger-2025-roads-53075 source_feature_id=1105598257684
candidate lon=-117.039786 lat=46.792950 raw_within_radius=1 accepted_within_radius=0 excluded_within_radius=1 nearest_m=0.000 nearest_mtfcc=S1740 nearest_name=None source_id=us-census-tiger-2025-roads-53075 source_feature_id=110381844656
candidate lon=-117.039768 lat=47.303188 raw_within_radius=0 accepted_within_radius=0 excluded_within_radius=0 nearest_m=784.323 nearest_mtfcc=S1400 nearest_name=Some("Idaho Rd") source_id=us-census-tiger-2025-roads-53063 source_feature_id=110488590578
candidate lon=-117.039752 lat=47.285927 raw_within_radius=0 accepted_within_radius=0 excluded_within_radius=0 nearest_m=480.165 nearest_mtfcc=S1710 nearest_name=Some("John Wayne Trl") source_id=us-census-tiger-2025-roads-53063 source_feature_id=110488600067
candidate lon=-117.039742 lat=47.467441 raw_within_radius=0 accepted_within_radius=0 excluded_within_radius=0 nearest_m=449.477 nearest_mtfcc=S1400 nearest_name=Some("Rockford Idaho Rd") source_id=us-census-tiger-2025-roads-53063 source_feature_id=110488601819
candidate lon=-117.039738 lat=47.280306 raw_within_radius=0 accepted_within_radius=0 excluded_within_radius=0 nearest_m=710.411 nearest_mtfcc=S1710 nearest_name=Some("John Wayne Trl") source_id=us-census-tiger-2025-roads-53063 source_feature_id=110488600067
candidate lon=-117.039734 lat=47.276743 raw_within_radius=0 accepted_within_radius=0 excluded_within_radius=0 nearest_m=849.364 nearest_mtfcc=S1710 nearest_name=Some("John Wayne Trl") source_id=us-census-tiger-2025-roads-53063 source_feature_id=110488600067
candidate lon=-117.039708 lat=47.296459 raw_within_radius=0 accepted_within_radius=0 excluded_within_radius=0 nearest_m=38.462 nearest_mtfcc=S1400 nearest_name=Some("Idaho Rd") source_id=us-census-tiger-2025-roads-53063 source_feature_id=110488590578
candidate lon=-117.039704 lat=47.295158 raw_within_radius=0 accepted_within_radius=0 excluded_within_radius=0 nearest_m=52.848 nearest_mtfcc=S1710 nearest_name=Some("John Wayne Trl") source_id=us-census-tiger-2025-roads-53063 source_feature_id=110488600067
candidate lon=-117.039671 lat=47.366032 raw_within_radius=0 accepted_within_radius=0 excluded_within_radius=0 nearest_m=487.732 nearest_mtfcc=S1400 nearest_name=Some("E Sanders Rd") source_id=us-census-tiger-2025-roads-53063 source_feature_id=110488596133
candidate lon=-117.039669 lat=47.379450 raw_within_radius=0 accepted_within_radius=0 excluded_within_radius=0 nearest_m=370.262 nearest_mtfcc=S1400 nearest_name=Some("E Davis Rd") source_id=us-census-tiger-2025-roads-53063 source_feature_id=110488590120
candidate lon=-117.039540 lat=46.833710 raw_within_radius=0 accepted_within_radius=0 excluded_within_radius=0 nearest_m=343.522 nearest_mtfcc=S1400 nearest_name=Some("Viola Rd") source_id=us-census-tiger-2025-roads-53075 source_feature_id=1105641578215
candidate lon=-117.039462 lat=48.184466 raw_within_radius=0 accepted_within_radius=0 excluded_within_radius=0 nearest_m=26.980 nearest_mtfcc=S1400 nearest_name=None source_id=us-census-tiger-2025-roads-53051 source_feature_id=1102216677874
candidate lon=-117.035361 lat=48.469854 raw_within_radius=1 accepted_within_radius=0 excluded_within_radius=1 nearest_m=0.000 nearest_mtfcc=S1500 nearest_name=Some("NFS Rd 1094") source_id=us-census-tiger-2025-roads-53051 source_feature_id=110482798366
candidate lon=-117.035310 lat=48.366616 raw_within_radius=2 accepted_within_radius=0 excluded_within_radius=2 nearest_m=0.000 nearest_mtfcc=S1500 nearest_name=Some("NFS Rd 1098") source_id=us-census-tiger-2025-roads-53051 source_feature_id=110482798371
candidate lon=-117.035221 lat=48.521587 raw_within_radius=1 accepted_within_radius=0 excluded_within_radius=1 nearest_m=0.000 nearest_mtfcc=S1500 nearest_name=Some("NFS Rd 219") source_id=us-census-tiger-2025-roads-53051 source_feature_id=110482798195
candidate lon=-117.035028 lat=48.545639 raw_within_radius=1 accepted_within_radius=0 excluded_within_radius=1 nearest_m=0.000 nearest_mtfcc=S1500 nearest_name=Some("NFS Rd 310") source_id=us-census-tiger-2025-roads-53051 source_feature_id=110482798219
candidate lon=-117.034922 lat=48.558898 raw_within_radius=1 accepted_within_radius=0 excluded_within_radius=1 nearest_m=0.000 nearest_mtfcc=S1500 nearest_name=Some("NFS Rd 1344") source_id=us-census-tiger-2025-roads-53051 source_feature_id=110482798390
candidate lon=-117.034908 lat=48.560670 raw_within_radius=1 accepted_within_radius=0 excluded_within_radius=1 nearest_m=0.000 nearest_mtfcc=S1500 nearest_name=Some("NFS Rd 1344") source_id=us-census-tiger-2025-roads-53051 source_feature_id=110482798391
candidate lon=-117.034906 lat=48.561093 raw_within_radius=1 accepted_within_radius=0 excluded_within_radius=1 nearest_m=0.000 nearest_mtfcc=S1500 nearest_name=Some("NFS Rd 1344") source_id=us-census-tiger-2025-roads-53051 source_feature_id=110482798391
candidate lon=-117.034886 lat=48.563556 raw_within_radius=1 accepted_within_radius=0 excluded_within_radius=1 nearest_m=0.000 nearest_mtfcc=S1500 nearest_name=Some("NFS Rd 1344") source_id=us-census-tiger-2025-roads-53051 source_feature_id=110482798390
candidate lon=-117.034733 lat=48.582647 raw_within_radius=1 accepted_within_radius=0 excluded_within_radius=1 nearest_m=0.000 nearest_mtfcc=S1500 nearest_name=Some("NFS Rd 1351") source_id=us-census-tiger-2025-roads-53051 source_feature_id=110482798392
candidate lon=-117.034555 lat=48.603479 raw_within_radius=1 accepted_within_radius=0 excluded_within_radius=1 nearest_m=0.000 nearest_mtfcc=S1500 nearest_name=Some("NFS Rd 2513") source_id=us-census-tiger-2025-roads-53051 source_feature_id=110482798438
candidate lon=-117.034530 lat=48.608212 raw_within_radius=1 accepted_within_radius=0 excluded_within_radius=1 nearest_m=0.000 nearest_mtfcc=S1500 nearest_name=Some("NFS Rd 308") source_id=us-census-tiger-2025-roads-53051 source_feature_id=110482798217
candidate lon=-117.033379 lat=48.691861 raw_within_radius=1 accepted_within_radius=0 excluded_within_radius=1 nearest_m=0.000 nearest_mtfcc=S1500 nearest_name=Some("NFS Rd 1365") source_id=us-census-tiger-2025-roads-53051 source_feature_id=110482798393
candidate lon=-117.033360 lat=48.694239 raw_within_radius=1 accepted_within_radius=0 excluded_within_radius=1 nearest_m=0.000 nearest_mtfcc=S1500 nearest_name=Some("NFS Rd 1365") source_id=us-census-tiger-2025-roads-53051 source_feature_id=110482798394
candidate lon=-117.033347 lat=48.695869 raw_within_radius=1 accepted_within_radius=0 excluded_within_radius=1 nearest_m=0.000 nearest_mtfcc=S1500 nearest_name=Some("NFS Rd 1365") source_id=us-census-tiger-2025-roads-53051 source_feature_id=110482798394
candidate lon=-117.033343 lat=48.696442 raw_within_radius=1 accepted_within_radius=0 excluded_within_radius=1 nearest_m=0.000 nearest_mtfcc=S1500 nearest_name=Some("NFS Rd 311") source_id=us-census-tiger-2025-roads-53051 source_feature_id=110482798221
candidate lon=-117.033276 lat=48.705136 raw_within_radius=1 accepted_within_radius=0 excluded_within_radius=1 nearest_m=0.000 nearest_mtfcc=S1500 nearest_name=Some("NFS Rd 302") source_id=us-census-tiger-2025-roads-53051 source_feature_id=110482798212
candidate lon=-117.032870 lat=48.798412 raw_within_radius=1 accepted_within_radius=0 excluded_within_radius=1 nearest_m=0.000 nearest_mtfcc=S1500 nearest_name=Some("NFS Rd 1013") source_id=us-census-tiger-2025-roads-53051 source_feature_id=110482798362
candidate lon=-117.032825 lat=48.803402 raw_within_radius=1 accepted_within_radius=0 excluded_within_radius=1 nearest_m=0.000 nearest_mtfcc=S1500 nearest_name=Some("NFS Rd 656") source_id=us-census-tiger-2025-roads-53051 source_feature_id=110482798310
candidate lon=-117.032772 lat=48.809190 raw_within_radius=1 accepted_within_radius=0 excluded_within_radius=1 nearest_m=0.000 nearest_mtfcc=S1500 nearest_name=Some("NFS Rd 656") source_id=us-census-tiger-2025-roads-53051 source_feature_id=110482798309
candidate lon=-117.032745 lat=48.811995 raw_within_radius=1 accepted_within_radius=0 excluded_within_radius=1 nearest_m=0.000 nearest_mtfcc=S1500 nearest_name=Some("NFS Rd 656") source_id=us-census-tiger-2025-roads-53051 source_feature_id=110482798309
