candidate_points=27 inspected_sources=9 inspected_rows=15507 radius_m=20
candidate lon=-104.001106 lat=43.001587 raw_within_radius=0 accepted_within_radius=0 excluded_within_radius=0 nearest_m=1306.651 nearest_mtfcc=S1500 nearest_name=Some("FS Rd - 7062") source_id=us-census-tiger-2025-roads-46047 source_feature_id=1104697275829
candidate lon=-103.960258 lat=43.001543 raw_within_radius=0 accepted_within_radius=0 excluded_within_radius=0 nearest_m=1685.863 nearest_mtfcc=S1400 nearest_name=Some("Wyoming Rd") source_id=us-census-tiger-2025-roads-46047 source_feature_id=11012815060651
candidate lon=-103.940060 lat=43.001135 raw_within_radius=0 accepted_within_radius=0 excluded_within_radius=0 nearest_m=389.285 nearest_mtfcc=S1400 nearest_name=Some("Wyoming Rd") source_id=us-census-tiger-2025-roads-46047 source_feature_id=11012815060651
candidate lon=-103.839310 lat=43.001173 raw_within_radius=0 accepted_within_radius=0 excluded_within_radius=0 nearest_m=706.367 nearest_mtfcc=S1400 nearest_name=None source_id=us-census-tiger-2025-roads-46047 source_feature_id=110240696885
candidate lon=-103.223930 lat=43.000756 raw_within_radius=0 accepted_within_radius=0 excluded_within_radius=0 nearest_m=21.657 nearest_mtfcc=S1200 nearest_name=Some("US Hwy 385") source_id=us-census-tiger-2025-roads-46047 source_feature_id=1107090237218
candidate lon=-103.067042 lat=43.000760 raw_within_radius=1 accepted_within_radius=0 excluded_within_radius=1 nearest_m=0.000 nearest_mtfcc=S1500 nearest_name=None source_id=us-census-tiger-2025-roads-46047 source_feature_id=110240698260
candidate lon=-102.866779 lat=42.999980 raw_within_radius=0 accepted_within_radius=0 excluded_within_radius=0 nearest_m=477.086 nearest_mtfcc=S1400 nearest_name=Some("BIA Hwy 41") source_id=us-census-tiger-2025-roads-46102 source_feature_id=110479652985
candidate lon=-102.573018 lat=42.999851 raw_within_radius=0 accepted_within_radius=0 excluded_within_radius=0 nearest_m=58.906 nearest_mtfcc=S1400 nearest_name=None source_id=us-census-tiger-2025-roads-46102 source_feature_id=11027726082643
candidate lon=-102.569455 lat=42.999843 raw_within_radius=0 accepted_within_radius=0 excluded_within_radius=0 nearest_m=348.865 nearest_mtfcc=S1400 nearest_name=None source_id=us-census-tiger-2025-roads-46102 source_feature_id=11027726082643
candidate lon=-102.557112 lat=42.999800 raw_within_radius=0 accepted_within_radius=0 excluded_within_radius=0 nearest_m=213.218 nearest_mtfcc=S1200 nearest_name=Some("State Hwy 407") source_id=us-census-tiger-2025-roads-46102 source_feature_id=110479652999
candidate lon=-102.555075 lat=42.999792 raw_within_radius=0 accepted_within_radius=0 excluded_within_radius=0 nearest_m=49.426 nearest_mtfcc=S1200 nearest_name=Some("State Hwy 407") source_id=us-census-tiger-2025-roads-46102 source_feature_id=110479652999
candidate lon=-102.497903 lat=42.999869 raw_within_radius=0 accepted_within_radius=0 excluded_within_radius=0 nearest_m=32.105 nearest_mtfcc=S1400 nearest_name=Some("Rte 121") source_id=us-census-tiger-2025-roads-46102 source_feature_id=11027720486469
candidate lon=-102.082547 lat=42.999222 raw_within_radius=0 accepted_within_radius=0 excluded_within_radius=0 nearest_m=33.895 nearest_mtfcc=S1400 nearest_name=None source_id=us-census-tiger-2025-roads-46007 source_feature_id=110216532838
candidate lon=-101.376809 lat=42.997538 raw_within_radius=1 accepted_within_radius=0 excluded_within_radius=1 nearest_m=0.000 nearest_mtfcc=S1500 nearest_name=None source_id=us-census-tiger-2025-roads-46007 source_feature_id=110216534299
candidate lon=-101.110993 lat=42.997864 raw_within_radius=0 accepted_within_radius=0 excluded_within_radius=0 nearest_m=1669.451 nearest_mtfcc=S1400 nearest_name=None source_id=us-census-tiger-2025-roads-46121 source_feature_id=110480126632
candidate lon=-100.022947 lat=42.998367 raw_within_radius=1 accepted_within_radius=0 excluded_within_radius=1 nearest_m=0.000 nearest_mtfcc=S1500 nearest_name=Some("304th St") source_id=us-census-tiger-2025-roads-46123 source_feature_id=110482226948
candidate lon=-100.001173 lat=42.998299 raw_within_radius=1 accepted_within_radius=0 excluded_within_radius=1 nearest_m=0.000 nearest_mtfcc=S1500 nearest_name=None source_id=us-census-tiger-2025-roads-46123 source_feature_id=110482228807
candidate lon=-99.998758 lat=42.998159 raw_within_radius=0 accepted_within_radius=0 excluded_within_radius=0 nearest_m=186.931 nearest_mtfcc=S1500 nearest_name=None source_id=us-census-tiger-2025-roads-46123 source_feature_id=110482228807
candidate lon=-99.635934 lat=42.997834 raw_within_radius=1 accepted_within_radius=0 excluded_within_radius=1 nearest_m=0.000 nearest_mtfcc=S1500 nearest_name=None source_id=us-census-tiger-2025-roads-46123 source_feature_id=110482228834
candidate lon=-99.471513 lat=42.997917 raw_within_radius=1 accepted_within_radius=0 excluded_within_radius=1 nearest_m=0.000 nearest_mtfcc=S1500 nearest_name=None source_id=us-census-tiger-2025-roads-46053 source_feature_id=110168795518
candidate lon=-99.116578 lat=42.998186 raw_within_radius=0 accepted_within_radius=0 excluded_within_radius=0 nearest_m=1201.546 nearest_mtfcc=S1400 nearest_name=None source_id=us-census-tiger-2025-roads-46053 source_feature_id=110215799478
candidate lon=-99.057219 lat=42.998266 raw_within_radius=0 accepted_within_radius=0 excluded_within_radius=0 nearest_m=1653.424 nearest_mtfcc=S1400 nearest_name=None source_id=us-census-tiger-2025-roads-46053 source_feature_id=110215799371
candidate lon=-98.821041 lat=42.998289 raw_within_radius=1 accepted_within_radius=0 excluded_within_radius=1 nearest_m=0.000 nearest_mtfcc=S1500 nearest_name=None source_id=us-census-tiger-2025-roads-46053 source_feature_id=110170580486
candidate lon=-97.989981 lat=42.765482 raw_within_radius=0 accepted_within_radius=0 excluded_within_radius=0 nearest=none
candidate lon=-96.846298 lat=42.713310 raw_within_radius=0 accepted_within_radius=0 excluded_within_radius=0 nearest_m=527.647 nearest_mtfcc=S1400 nearest_name=Some("Ponderosa Dr") source_id=us-census-tiger-2025-roads-46027 source_feature_id=1106087329472
candidate lon=-96.800436 lat=42.691145 raw_within_radius=0 accepted_within_radius=0 excluded_within_radius=0 nearest_m=98.328 nearest_mtfcc=S1400 nearest_name=None source_id=us-census-tiger-2025-roads-46127 source_feature_id=110224096843
candidate lon=-96.800264 lat=42.686331 raw_within_radius=0 accepted_within_radius=0 excluded_within_radius=0 nearest_m=370.265 nearest_mtfcc=S1400 nearest_name=None source_id=us-census-tiger-2025-roads-46127 source_feature_id=110224096845
