candidate_points=56 inspected_sources=6 inspected_rows=77508 radius_m=20
candidate lon=-106.609060 lat=31.846831 raw_within_radius=0 accepted_within_radius=0 excluded_within_radius=0 nearest_m=32.520 nearest_mtfcc=S1400 nearest_name=Some("Livingston Dr") source_id=us-census-tiger-2025-roads-35013 source_feature_id=110407249840
candidate lon=-106.604748 lat=31.830258 raw_within_radius=0 accepted_within_radius=0 excluded_within_radius=0 nearest_m=157.357 nearest_mtfcc=S1400 nearest_name=Some("Cam de Paz") source_id=us-census-tiger-2025-roads-35013 source_feature_id=110407245450
candidate lon=-106.579463 lat=31.812217 raw_within_radius=0 accepted_within_radius=0 excluded_within_radius=0 nearest_m=68.323 nearest_mtfcc=S1400 nearest_name=Some("Girl Scout Ln") source_id=us-census-tiger-2025-roads-35013 source_feature_id=1105281239560
candidate lon=-106.572962 lat=31.810416 raw_within_radius=0 accepted_within_radius=0 excluded_within_radius=0 nearest_m=48.293 nearest_mtfcc=S1400 nearest_name=Some("Hacienda Rey Dr") source_id=us-census-tiger-2025-roads-35013 source_feature_id=11015799523645
candidate lon=-106.569899 lat=31.811049 raw_within_radius=0 accepted_within_radius=0 excluded_within_radius=0 nearest_m=105.371 nearest_mtfcc=S1400 nearest_name=Some("Boy Scout Ln") source_id=us-census-tiger-2025-roads-35013 source_feature_id=1107052432662
candidate lon=-105.528386 lat=32.001011 raw_within_radius=0 accepted_within_radius=0 excluded_within_radius=0 nearest_m=277.806 nearest_mtfcc=S1400 nearest_name=Some("Co Rd F011") source_id=us-census-tiger-2025-roads-35035 source_feature_id=1101463829576
candidate lon=-105.428093 lat=32.000722 raw_within_radius=0 accepted_within_radius=0 excluded_within_radius=0 nearest_m=163.604 nearest_mtfcc=S1400 nearest_name=None source_id=us-census-tiger-2025-roads-35035 source_feature_id=1102217703983
candidate lon=-105.245188 lat=32.000207 raw_within_radius=0 accepted_within_radius=0 excluded_within_radius=0 nearest_m=3621.612 nearest_mtfcc=S1400 nearest_name=Some("Co Rd G003") source_id=us-census-tiger-2025-roads-35035 source_feature_id=1101463829660
candidate lon=-105.220902 lat=32.000195 raw_within_radius=0 accepted_within_radius=0 excluded_within_radius=0 nearest_m=1601.507 nearest_mtfcc=S1400 nearest_name=Some("Co Rd G003") source_id=us-census-tiger-2025-roads-35035 source_feature_id=1101463829660
candidate lon=-105.218898 lat=32.000040 raw_within_radius=0 accepted_within_radius=0 excluded_within_radius=0 nearest_m=1444.402 nearest_mtfcc=S1400 nearest_name=Some("Co Rd G003") source_id=us-census-tiger-2025-roads-35035 source_feature_id=1101463829660
candidate lon=-105.218857 lat=32.000201 raw_within_radius=0 accepted_within_radius=0 excluded_within_radius=0 nearest_m=1432.279 nearest_mtfcc=S1400 nearest_name=Some("Co Rd G003") source_id=us-census-tiger-2025-roads-35035 source_feature_id=1101463829660
candidate lon=-105.209436 lat=32.000089 raw_within_radius=0 accepted_within_radius=0 excluded_within_radius=0 nearest_m=663.884 nearest_mtfcc=S1400 nearest_name=Some("Co Rd G003") source_id=us-census-tiger-2025-roads-35035 source_feature_id=1101463829660
candidate lon=-105.157325 lat=32.000232 raw_within_radius=0 accepted_within_radius=0 excluded_within_radius=0 nearest_m=26.150 nearest_mtfcc=S1500 nearest_name=None source_id=us-census-tiger-2025-roads-35035 source_feature_id=1105577318378
candidate lon=-105.153900 lat=32.000232 raw_within_radius=2 accepted_within_radius=0 excluded_within_radius=2 nearest_m=0.000 nearest_mtfcc=S1500 nearest_name=None source_id=us-census-tiger-2025-roads-35035 source_feature_id=1105577318378
candidate lon=-105.116448 lat=32.000228 raw_within_radius=0 accepted_within_radius=0 excluded_within_radius=0 nearest_m=835.625 nearest_mtfcc=S1400 nearest_name=Some("Co Rd G005") source_id=us-census-tiger-2025-roads-35035 source_feature_id=1101463829666
candidate lon=-105.113852 lat=32.000281 raw_within_radius=0 accepted_within_radius=0 excluded_within_radius=0 nearest_m=590.501 nearest_mtfcc=S1400 nearest_name=Some("Co Rd G005") source_id=us-census-tiger-2025-roads-35035 source_feature_id=1101463829666
candidate lon=-104.879268 lat=32.000426 raw_within_radius=0 accepted_within_radius=0 excluded_within_radius=0 nearest_m=5436.131 nearest_mtfcc=S1400 nearest_name=Some("Co Rd G013") source_id=us-census-tiger-2025-roads-35035 source_feature_id=1101463829678
candidate lon=-104.543236 lat=32.000096 raw_within_radius=0 accepted_within_radius=0 excluded_within_radius=0 nearest_m=30.845 nearest_mtfcc=S1400 nearest_name=Some("Grapevine Rd") source_id=us-census-tiger-2025-roads-35015 source_feature_id=11017129712153
candidate lon=-104.533733 lat=32.000230 raw_within_radius=0 accepted_within_radius=0 excluded_within_radius=0 nearest_m=135.968 nearest_mtfcc=S1400 nearest_name=Some("Washington Ranch Rd") source_id=us-census-tiger-2025-roads-35015 source_feature_id=1102649129539
candidate lon=-104.341767 lat=32.000120 raw_within_radius=1 accepted_within_radius=0 excluded_within_radius=1 nearest_m=10.821 nearest_mtfcc=S1500 nearest_name=None source_id=us-census-tiger-2025-roads-35015 source_feature_id=1101050520794
candidate lon=-104.329674 lat=32.000090 raw_within_radius=3 accepted_within_radius=0 excluded_within_radius=3 nearest_m=14.825 nearest_mtfcc=S1500 nearest_name=None source_id=us-census-tiger-2025-roads-35015 source_feature_id=1101050520793
candidate lon=-104.329638 lat=32.000188 raw_within_radius=3 accepted_within_radius=0 excluded_within_radius=3 nearest_m=3.463 nearest_mtfcc=S1500 nearest_name=None source_id=us-census-tiger-2025-roads-35015 source_feature_id=1101050520793
candidate lon=-104.319105 lat=32.000095 raw_within_radius=1 accepted_within_radius=0 excluded_within_radius=1 nearest_m=13.119 nearest_mtfcc=S1500 nearest_name=None source_id=us-census-tiger-2025-roads-35015 source_feature_id=1101050520793
candidate lon=-104.319049 lat=32.000067 raw_within_radius=1 accepted_within_radius=0 excluded_within_radius=1 nearest_m=16.218 nearest_mtfcc=S1500 nearest_name=None source_id=us-census-tiger-2025-roads-35015 source_feature_id=1101050520793
candidate lon=-104.220503 lat=31.999983 raw_within_radius=0 accepted_within_radius=0 excluded_within_radius=0 nearest_m=214.927 nearest_mtfcc=S1400 nearest_name=None source_id=us-census-tiger-2025-roads-35015 source_feature_id=1101050492049
candidate lon=-104.119008 lat=31.999983 raw_within_radius=0 accepted_within_radius=0 excluded_within_radius=0 nearest_m=1479.324 nearest_mtfcc=S1400 nearest_name=None source_id=us-census-tiger-2025-roads-35015 source_feature_id=1103701318625
candidate lon=-104.032207 lat=32.000086 raw_within_radius=0 accepted_within_radius=0 excluded_within_radius=0 nearest_m=79.704 nearest_mtfcc=S1200 nearest_name=Some("Pecos Hwy") source_id=us-census-tiger-2025-roads-35015 source_feature_id=1106087440383
candidate lon=-103.971587 lat=32.000124 raw_within_radius=0 accepted_within_radius=0 excluded_within_radius=0 nearest_m=259.675 nearest_mtfcc=S1400 nearest_name=None source_id=us-census-tiger-2025-roads-35015 source_feature_id=1101050493772
candidate lon=-103.970646 lat=32.000124 raw_within_radius=0 accepted_within_radius=0 excluded_within_radius=0 nearest_m=201.056 nearest_mtfcc=S1400 nearest_name=None source_id=us-census-tiger-2025-roads-35015 source_feature_id=1101050493773
candidate lon=-103.932634 lat=32.000045 raw_within_radius=0 accepted_within_radius=0 excluded_within_radius=0 nearest_m=469.403 nearest_mtfcc=S1400 nearest_name=None source_id=us-census-tiger-2025-roads-35015 source_feature_id=1101050508452
candidate lon=-103.928652 lat=32.000145 raw_within_radius=0 accepted_within_radius=0 excluded_within_radius=0 nearest_m=674.021 nearest_mtfcc=S1400 nearest_name=None source_id=us-census-tiger-2025-roads-35015 source_feature_id=11015482446896
candidate lon=-103.910362 lat=32.000124 raw_within_radius=0 accepted_within_radius=0 excluded_within_radius=0 nearest_m=97.607 nearest_mtfcc=S1400 nearest_name=None source_id=us-census-tiger-2025-roads-35015 source_feature_id=11015482446893
candidate lon=-103.869248 lat=32.000124 raw_within_radius=0 accepted_within_radius=0 excluded_within_radius=0 nearest_m=462.936 nearest_mtfcc=S1400 nearest_name=None source_id=us-census-tiger-2025-roads-35015 source_feature_id=1101050494198
candidate lon=-103.748412 lat=32.000198 raw_within_radius=1 accepted_within_radius=0 excluded_within_radius=1 nearest_m=3.738 nearest_mtfcc=S1500 nearest_name=None source_id=us-census-tiger-2025-roads-35015 source_feature_id=1105046094335
candidate lon=-103.739471 lat=32.000200 raw_within_radius=1 accepted_within_radius=0 excluded_within_radius=1 nearest_m=5.017 nearest_mtfcc=S1500 nearest_name=None source_id=us-census-tiger-2025-roads-35015 source_feature_id=1105046094347
candidate lon=-103.697916 lat=32.000121 raw_within_radius=0 accepted_within_radius=0 excluded_within_radius=0 nearest_m=1267.197 nearest_mtfcc=S1400 nearest_name=None source_id=us-census-tiger-2025-roads-35025 source_feature_id=110763840273
candidate lon=-103.670099 lat=32.000131 raw_within_radius=0 accepted_within_radius=0 excluded_within_radius=0 nearest_m=1068.963 nearest_mtfcc=S1400 nearest_name=None source_id=us-census-tiger-2025-roads-35025 source_feature_id=110763840288
candidate lon=-103.656856 lat=32.000135 raw_within_radius=0 accepted_within_radius=0 excluded_within_radius=0 nearest_m=152.083 nearest_mtfcc=S1400 nearest_name=Some("Co Rd 1-C") source_id=us-census-tiger-2025-roads-35025 source_feature_id=110763725163
candidate lon=-103.101562 lat=32.000393 raw_within_radius=0 accepted_within_radius=0 excluded_within_radius=0 nearest_m=934.221 nearest_mtfcc=S1400 nearest_name=None source_id=us-census-tiger-2025-roads-35025 source_feature_id=1109097023509
candidate lon=-103.064788 lat=32.240487 raw_within_radius=0 accepted_within_radius=0 excluded_within_radius=0 nearest_m=801.429 nearest_mtfcc=S1400 nearest_name=None source_id=us-census-tiger-2025-roads-35025 source_feature_id=110763843598
candidate lon=-103.064719 lat=32.446956 raw_within_radius=0 accepted_within_radius=0 excluded_within_radius=0 nearest_m=1324.656 nearest_mtfcc=S1400 nearest_name=None source_id=us-census-tiger-2025-roads-35025 source_feature_id=110763851843
candidate lon=-103.064691 lat=32.517295 raw_within_radius=0 accepted_within_radius=0 excluded_within_radius=0 nearest_m=921.053 nearest_mtfcc=S1400 nearest_name=None source_id=us-census-tiger-2025-roads-35025 source_feature_id=110763844892
candidate lon=-103.064598 lat=32.434833 raw_within_radius=0 accepted_within_radius=0 excluded_within_radius=0 nearest_m=733.920 nearest_mtfcc=S1200 nearest_name=Some("State Hwy 176") source_id=us-census-tiger-2025-roads-35025 source_feature_id=1106087382877
candidate lon=-103.064597 lat=32.446903 raw_within_radius=0 accepted_within_radius=0 excluded_within_radius=0 nearest_m=1333.243 nearest_mtfcc=S1400 nearest_name=None source_id=us-census-tiger-2025-roads-35025 source_feature_id=110763851843
candidate lon=-103.064577 lat=32.454173 raw_within_radius=0 accepted_within_radius=0 excluded_within_radius=0 nearest_m=559.711 nearest_mtfcc=S1400 nearest_name=None source_id=us-census-tiger-2025-roads-35025 source_feature_id=110763851843
candidate lon=-103.064530 lat=32.440414 raw_within_radius=0 accepted_within_radius=0 excluded_within_radius=0 nearest_m=1355.220 nearest_mtfcc=S1200 nearest_name=Some("State Hwy 176") source_id=us-census-tiger-2025-roads-35025 source_feature_id=1106087382877
candidate lon=-103.051890 lat=33.614848 raw_within_radius=0 accepted_within_radius=0 excluded_within_radius=0 nearest_m=1411.976 nearest_mtfcc=S1200 nearest_name=Some("State Hwy 262") source_id=us-census-tiger-2025-roads-35041 source_feature_id=110449979248
candidate lon=-103.051779 lat=33.614853 raw_within_radius=0 accepted_within_radius=0 excluded_within_radius=0 nearest_m=1411.274 nearest_mtfcc=S1200 nearest_name=Some("State Hwy 262") source_id=us-census-tiger-2025-roads-35041 source_feature_id=110449979248
candidate lon=-103.051546 lat=33.622281 raw_within_radius=0 accepted_within_radius=0 excluded_within_radius=0 nearest_m=584.356 nearest_mtfcc=S1200 nearest_name=Some("State Hwy 262") source_id=us-census-tiger-2025-roads-35041 source_feature_id=110449979248
candidate lon=-103.051513 lat=33.624505 raw_within_radius=0 accepted_within_radius=0 excluded_within_radius=0 nearest_m=336.887 nearest_mtfcc=S1200 nearest_name=Some("State Hwy 262") source_id=us-census-tiger-2025-roads-35041 source_feature_id=110449979248
candidate lon=-103.045794 lat=33.901954 raw_within_radius=0 accepted_within_radius=0 excluded_within_radius=0 nearest_m=1519.875 nearest_mtfcc=S1400 nearest_name=Some("S Roosevelt Rd B") source_id=us-census-tiger-2025-roads-35041 source_feature_id=110449986722
candidate lon=-103.045698 lat=33.906299 raw_within_radius=0 accepted_within_radius=0 excluded_within_radius=0 nearest_m=1929.575 nearest_mtfcc=S1400 nearest_name=Some("S Roosevelt Rd B") source_id=us-census-tiger-2025-roads-35041 source_feature_id=110449986722
candidate lon=-103.043807 lat=34.063030 raw_within_radius=0 accepted_within_radius=0 excluded_within_radius=0 nearest_m=1319.136 nearest_mtfcc=S1400 nearest_name=Some("S Roosevelt Road A") source_id=us-census-tiger-2025-roads-35041 source_feature_id=1105581073967
candidate lon=-103.042345 lat=35.222680 raw_within_radius=0 accepted_within_radius=0 excluded_within_radius=0 nearest_m=827.278 nearest_mtfcc=S1400 nearest_name=Some("Quay Road 66") source_id=us-census-tiger-2025-roads-35037 source_feature_id=110442244227
candidate lon=-103.041836 lat=35.502167 raw_within_radius=0 accepted_within_radius=0 excluded_within_radius=0 nearest_m=72.087 nearest_mtfcc=S1400 nearest_name=None source_id=us-census-tiger-2025-roads-35037 source_feature_id=1105535052771
candidate lon=-103.041648 lat=35.655785 raw_within_radius=1 accepted_within_radius=0 excluded_within_radius=1 nearest_m=0.000 nearest_mtfcc=S1500 nearest_name=None source_id=us-census-tiger-2025-roads-35037 source_feature_id=110442249618
