candidate_points=82 inspected_sources=13 inspected_rows=38092 radius_m=20
candidate lon=-103.001773 lat=36.500404 raw_within_radius=0 accepted_within_radius=0 excluded_within_radius=0 nearest_m=54.932 nearest_mtfcc=S1400 nearest_name=Some("Texas State Line Rd") source_id=us-census-tiger-2025-roads-48111 source_feature_id=1105587356343
candidate lon=-103.001754 lat=36.500548 raw_within_radius=0 accepted_within_radius=0 excluded_within_radius=0 nearest_m=54.139 nearest_mtfcc=S1400 nearest_name=Some("Texas State Line Rd") source_id=us-census-tiger-2025-roads-48111 source_feature_id=1105587356343
candidate lon=-103.001529 lat=36.500543 raw_within_radius=0 accepted_within_radius=0 excluded_within_radius=0 nearest_m=74.277 nearest_mtfcc=S1400 nearest_name=Some("Texas State Line Rd") source_id=us-census-tiger-2025-roads-48111 source_feature_id=1105587356343
candidate lon=-102.984496 lat=36.500392 raw_within_radius=0 accepted_within_radius=0 excluded_within_radius=0 nearest_m=248.678 nearest_mtfcc=S1400 nearest_name=None source_id=us-census-tiger-2025-roads-48111 source_feature_id=110343135232
candidate lon=-102.971566 lat=36.500515 raw_within_radius=0 accepted_within_radius=0 excluded_within_radius=0 nearest_m=854.857 nearest_mtfcc=S1400 nearest_name=None source_id=us-census-tiger-2025-roads-48111 source_feature_id=110343135232
candidate lon=-102.971556 lat=36.500375 raw_within_radius=0 accepted_within_radius=0 excluded_within_radius=0 nearest_m=850.304 nearest_mtfcc=S1400 nearest_name=None source_id=us-census-tiger-2025-roads-48111 source_feature_id=110343135232
candidate lon=-102.957546 lat=36.500476 raw_within_radius=0 accepted_within_radius=0 excluded_within_radius=0 nearest_m=413.574 nearest_mtfcc=S1400 nearest_name=Some("Poole Rd") source_id=us-census-tiger-2025-roads-48111 source_feature_id=110343132288
candidate lon=-102.948440 lat=36.500454 raw_within_radius=0 accepted_within_radius=0 excluded_within_radius=0 nearest_m=401.690 nearest_mtfcc=S1400 nearest_name=Some("Poole Rd") source_id=us-census-tiger-2025-roads-48111 source_feature_id=110343132288
candidate lon=-102.427161 lat=36.500530 raw_within_radius=0 accepted_within_radius=0 excluded_within_radius=0 nearest_m=1665.393 nearest_mtfcc=S1400 nearest_name=Some("Ben Tom Rd") source_id=us-census-tiger-2025-roads-48111 source_feature_id=110343132556
candidate lon=-102.382635 lat=36.500549 raw_within_radius=0 accepted_within_radius=0 excluded_within_radius=0 nearest_m=1444.452 nearest_mtfcc=S1400 nearest_name=Some("Hermit Rd") source_id=us-census-tiger-2025-roads-48111 source_feature_id=110343132424
candidate lon=-102.276261 lat=36.500374 raw_within_radius=0 accepted_within_radius=0 excluded_within_radius=0 nearest_m=465.319 nearest_mtfcc=S1400 nearest_name=None source_id=us-census-tiger-2025-roads-48111 source_feature_id=110343136669
candidate lon=-101.983535 lat=36.500185 raw_within_radius=0 accepted_within_radius=0 excluded_within_radius=0 nearest_m=873.105 nearest_mtfcc=S1400 nearest_name=None source_id=us-census-tiger-2025-roads-48421 source_feature_id=110439743628
candidate lon=-101.790630 lat=36.499672 raw_within_radius=0 accepted_within_radius=0 excluded_within_radius=0 nearest_m=129.739 nearest_mtfcc=S1200 nearest_name=Some("Texas St") source_id=us-census-tiger-2025-roads-48421 source_feature_id=110439740586
candidate lon=-101.785217 lat=36.499696 raw_within_radius=0 accepted_within_radius=0 excluded_within_radius=0 nearest_m=58.257 nearest_mtfcc=S1400 nearest_name=Some("S 4th St") source_id=us-census-tiger-2025-roads-48421 source_feature_id=110439740301
candidate lon=-101.783896 lat=36.499706 raw_within_radius=0 accepted_within_radius=0 excluded_within_radius=0 nearest_m=58.521 nearest_mtfcc=S1400 nearest_name=Some("S 3rd St") source_id=us-census-tiger-2025-roads-48421 source_feature_id=110439740290
candidate lon=-101.782547 lat=36.499714 raw_within_radius=0 accepted_within_radius=0 excluded_within_radius=0 nearest_m=59.860 nearest_mtfcc=S1400 nearest_name=Some("S 1st St") source_id=us-census-tiger-2025-roads-48421 source_feature_id=110439740262
candidate lon=-101.781232 lat=36.499723 raw_within_radius=0 accepted_within_radius=0 excluded_within_radius=0 nearest_m=56.825 nearest_mtfcc=S1400 nearest_name=Some("S Rowe St") source_id=us-census-tiger-2025-roads-48421 source_feature_id=110439740441
candidate lon=-101.779987 lat=36.499777 raw_within_radius=0 accepted_within_radius=0 excluded_within_radius=0 nearest_m=54.869 nearest_mtfcc=S1400 nearest_name=Some("S Rowe St") source_id=us-census-tiger-2025-roads-48421 source_feature_id=110439740441
candidate lon=-101.763590 lat=36.499708 raw_within_radius=0 accepted_within_radius=0 excluded_within_radius=0 nearest_m=1065.599 nearest_mtfcc=S1400 nearest_name=Some("FM 1290") source_id=us-census-tiger-2025-roads-48421 source_feature_id=110439740358
candidate lon=-101.496598 lat=36.499455 raw_within_radius=0 accepted_within_radius=0 excluded_within_radius=0 nearest_m=1026.469 nearest_mtfcc=S1400 nearest_name=Some("Farm Rd 1262") source_id=us-census-tiger-2025-roads-48195 source_feature_id=110474821715
candidate lon=-101.487998 lat=36.499442 raw_within_radius=0 accepted_within_radius=0 excluded_within_radius=0 nearest_m=955.439 nearest_mtfcc=S1200 nearest_name=Some("State Hwy 136") source_id=us-census-tiger-2025-roads-48195 source_feature_id=1106087385021
candidate lon=-101.041367 lat=36.499457 raw_within_radius=0 accepted_within_radius=0 excluded_within_radius=0 nearest_m=2547.198 nearest_mtfcc=S1400 nearest_name=Some("Co Rd 5") source_id=us-census-tiger-2025-roads-48357 source_feature_id=110512791242
candidate lon=-100.846237 lat=36.499652 raw_within_radius=0 accepted_within_radius=0 excluded_within_radius=0 nearest_m=285.807 nearest_mtfcc=S1400 nearest_name=Some("Co Rd 14") source_id=us-census-tiger-2025-roads-48357 source_feature_id=1104483919560
candidate lon=-100.829617 lat=36.499638 raw_within_radius=0 accepted_within_radius=0 excluded_within_radius=0 nearest_m=491.906 nearest_mtfcc=S1400 nearest_name=Some("Co Rd 15") source_id=us-census-tiger-2025-roads-48357 source_feature_id=1106092757951
candidate lon=-100.648343 lat=36.499495 raw_within_radius=0 accepted_within_radius=0 excluded_within_radius=0 nearest_m=759.775 nearest_mtfcc=S1400 nearest_name=Some("Co Rd B") source_id=us-census-tiger-2025-roads-48357 source_feature_id=110512791255
candidate lon=-100.578114 lat=36.499463 raw_within_radius=0 accepted_within_radius=0 excluded_within_radius=0 nearest_m=787.743 nearest_mtfcc=S1400 nearest_name=Some("Co Rd B") source_id=us-census-tiger-2025-roads-48357 source_feature_id=110512791259
candidate lon=-100.476112 lat=36.499503 raw_within_radius=0 accepted_within_radius=0 excluded_within_radius=0 nearest_m=715.530 nearest_mtfcc=S1400 nearest_name=Some("Co Rd A") source_id=us-census-tiger-2025-roads-48295 source_feature_id=110516035685
candidate lon=-100.411744 lat=36.499455 raw_within_radius=0 accepted_within_radius=0 excluded_within_radius=0 nearest_m=161.618 nearest_mtfcc=S1400 nearest_name=None source_id=us-census-tiger-2025-roads-48295 source_feature_id=110516036313
candidate lon=-100.199284 lat=36.499850 raw_within_radius=0 accepted_within_radius=0 excluded_within_radius=0 nearest_m=197.540 nearest_mtfcc=S1400 nearest_name=None source_id=us-census-tiger-2025-roads-48295 source_feature_id=110516037487
candidate lon=-100.000405 lat=36.333460 raw_within_radius=0 accepted_within_radius=0 excluded_within_radius=0 nearest_m=1458.055 nearest_mtfcc=S1400 nearest_name=None source_id=us-census-tiger-2025-roads-48295 source_feature_id=110516037381
candidate lon=-100.000401 lat=36.219368 raw_within_radius=1 accepted_within_radius=0 excluded_within_radius=1 nearest_m=0.000 nearest_mtfcc=S1740 nearest_name=None source_id=us-census-tiger-2025-roads-48295 source_feature_id=110516038175
candidate lon=-100.000401 lat=36.226443 raw_within_radius=0 accepted_within_radius=0 excluded_within_radius=0 nearest_m=787.585 nearest_mtfcc=S1740 nearest_name=None source_id=us-census-tiger-2025-roads-48295 source_feature_id=110516038175
candidate lon=-100.000397 lat=34.710264 raw_within_radius=0 accepted_within_radius=0 excluded_within_radius=0 nearest_m=460.205 nearest_mtfcc=S1400 nearest_name=Some("Co Rd C") source_id=us-census-tiger-2025-roads-48075 source_feature_id=110343108625
candidate lon=-100.000386 lat=34.637716 raw_within_radius=0 accepted_within_radius=0 excluded_within_radius=0 nearest_m=200.598 nearest_mtfcc=S1740 nearest_name=None source_id=us-census-tiger-2025-roads-48075 source_feature_id=110343115963
candidate lon=-100.000385 lat=35.135518 raw_within_radius=0 accepted_within_radius=0 excluded_within_radius=0 nearest_m=441.493 nearest_mtfcc=S1400 nearest_name=None source_id=us-census-tiger-2025-roads-48087 source_feature_id=110213074817
candidate lon=-100.000384 lat=35.052451 raw_within_radius=0 accepted_within_radius=0 excluded_within_radius=0 nearest_m=779.310 nearest_mtfcc=S1400 nearest_name=None source_id=us-census-tiger-2025-roads-48087 source_feature_id=1103948917689
candidate lon=-100.000384 lat=35.053842 raw_within_radius=0 accepted_within_radius=0 excluded_within_radius=0 nearest_m=733.434 nearest_mtfcc=S1400 nearest_name=None source_id=us-census-tiger-2025-roads-48087 source_feature_id=1103948917689
candidate lon=-100.000384 lat=35.078098 raw_within_radius=0 accepted_within_radius=0 excluded_within_radius=0 nearest_m=357.781 nearest_mtfcc=S1400 nearest_name=None source_id=us-census-tiger-2025-roads-48087 source_feature_id=1103948917266
candidate lon=-100.000384 lat=35.088483 raw_within_radius=0 accepted_within_radius=0 excluded_within_radius=0 nearest_m=411.144 nearest_mtfcc=S1400 nearest_name=None source_id=us-census-tiger-2025-roads-48087 source_feature_id=1103948917266
candidate lon=-100.000384 lat=35.089338 raw_within_radius=0 accepted_within_radius=0 excluded_within_radius=0 nearest_m=487.669 nearest_mtfcc=S1400 nearest_name=None source_id=us-census-tiger-2025-roads-48087 source_feature_id=1103948917266
candidate lon=-100.000384 lat=35.095109 raw_within_radius=0 accepted_within_radius=0 excluded_within_radius=0 nearest_m=1003.850 nearest_mtfcc=S1400 nearest_name=None source_id=us-census-tiger-2025-roads-48087 source_feature_id=1103948917266
candidate lon=-100.000383 lat=34.936210 raw_within_radius=0 accepted_within_radius=0 excluded_within_radius=0 nearest_m=1017.626 nearest_mtfcc=S1400 nearest_name=None source_id=us-census-tiger-2025-roads-48087 source_feature_id=110213075445
candidate lon=-100.000383 lat=34.968884 raw_within_radius=0 accepted_within_radius=0 excluded_within_radius=0 nearest_m=747.233 nearest_mtfcc=S1400 nearest_name=Some("Co Rd 295") source_id=us-census-tiger-2025-roads-48087 source_feature_id=110213072406
candidate lon=-100.000382 lat=34.725418 raw_within_radius=0 accepted_within_radius=0 excluded_within_radius=0 nearest_m=1226.279 nearest_mtfcc=S1400 nearest_name=Some("Co Rd C") source_id=us-census-tiger-2025-roads-48075 source_feature_id=110343108625
candidate lon=-100.000382 lat=34.826849 raw_within_radius=0 accepted_within_radius=0 excluded_within_radius=0 nearest_m=1414.410 nearest_mtfcc=S1400 nearest_name=None source_id=us-census-tiger-2025-roads-48087 source_feature_id=110213076403
candidate lon=-100.000381 lat=34.593918 raw_within_radius=0 accepted_within_radius=0 excluded_within_radius=0 nearest_m=771.647 nearest_mtfcc=S1400 nearest_name=None source_id=us-census-tiger-2025-roads-48075 source_feature_id=110343114337
candidate lon=-100.000381 lat=34.601706 raw_within_radius=0 accepted_within_radius=0 excluded_within_radius=0 nearest_m=29.896 nearest_mtfcc=S1400 nearest_name=None source_id=us-census-tiger-2025-roads-48075 source_feature_id=110343115323
candidate lon=-100.000381 lat=34.652160 raw_within_radius=1 accepted_within_radius=0 excluded_within_radius=1 nearest_m=0.000 nearest_mtfcc=S1740 nearest_name=None source_id=us-census-tiger-2025-roads-48075 source_feature_id=110343116143
candidate lon=-100.000381 lat=34.667169 raw_within_radius=0 accepted_within_radius=0 excluded_within_radius=0 nearest_m=362.751 nearest_mtfcc=S1740 nearest_name=None source_id=us-census-tiger-2025-roads-48075 source_feature_id=1104469553374
candidate lon=-100.000381 lat=34.732427 raw_within_radius=0 accepted_within_radius=0 excluded_within_radius=0 nearest_m=826.993 nearest_mtfcc=S1400 nearest_name=Some("Co Rd A1") source_id=us-census-tiger-2025-roads-48075 source_feature_id=110343108951
candidate lon=-100.000381 lat=34.747156 raw_within_radius=0 accepted_within_radius=0 excluded_within_radius=0 nearest_m=83.276 nearest_mtfcc=S1400 nearest_name=Some("County Line Rd") source_id=us-census-tiger-2025-roads-48075 source_feature_id=1104469611616
candidate lon=-100.000381 lat=34.784986 raw_within_radius=0 accepted_within_radius=0 excluded_within_radius=0 nearest_m=1301.203 nearest_mtfcc=S1400 nearest_name=None source_id=us-census-tiger-2025-roads-48087 source_feature_id=110213075167
candidate lon=-100.000379 lat=34.710877 raw_within_radius=0 accepted_within_radius=0 excluded_within_radius=0 nearest_m=391.959 nearest_mtfcc=S1400 nearest_name=Some("Co Rd C") source_id=us-census-tiger-2025-roads-48075 source_feature_id=110343108625
candidate lon=-100.000290 lat=36.421148 raw_within_radius=0 accepted_within_radius=0 excluded_within_radius=0 nearest_m=43.712 nearest_mtfcc=S1400 nearest_name=Some("Co Rd G") source_id=us-census-tiger-2025-roads-48295 source_feature_id=110516035706
candidate lon=-100.000288 lat=36.459745 raw_within_radius=0 accepted_within_radius=0 excluded_within_radius=0 nearest_m=683.547 nearest_mtfcc=S1400 nearest_name=Some("Co Rd 31") source_id=us-census-tiger-2025-roads-48295 source_feature_id=110516035791
candidate lon=-100.000284 lat=36.348002 raw_within_radius=0 accepted_within_radius=0 excluded_within_radius=0 nearest_m=1000.941 nearest_mtfcc=S1400 nearest_name=None source_id=us-census-tiger-2025-roads-48295 source_feature_id=110516037016
candidate lon=-100.000275 lat=36.472672 raw_within_radius=0 accepted_within_radius=0 excluded_within_radius=0 nearest_m=577.169 nearest_mtfcc=S1400 nearest_name=Some("Co Rd 31") source_id=us-census-tiger-2025-roads-48295 source_feature_id=110516035791
candidate lon=-100.000272 lat=36.351020 raw_within_radius=0 accepted_within_radius=0 excluded_within_radius=0 nearest_m=665.714 nearest_mtfcc=S1400 nearest_name=None source_id=us-census-tiger-2025-roads-48295 source_feature_id=110516037016
candidate lon=-100.000095 lat=34.652869 raw_within_radius=0 accepted_within_radius=0 excluded_within_radius=0 nearest_m=83.157 nearest_mtfcc=S1740 nearest_name=None source_id=us-census-tiger-2025-roads-48075 source_feature_id=110343116143
candidate lon=-99.483228 lat=34.397124 raw_within_radius=0 accepted_within_radius=0 excluded_within_radius=0 nearest_m=734.757 nearest_mtfcc=S1400 nearest_name=None source_id=us-census-tiger-2025-roads-48197 source_feature_id=110451009261
candidate lon=-99.396031 lat=34.434935 raw_within_radius=0 accepted_within_radius=0 excluded_within_radius=0 nearest_m=1653.622 nearest_mtfcc=S1400 nearest_name=None source_id=us-census-tiger-2025-roads-48487 source_feature_id=110766975324
candidate lon=-98.261246 lat=34.131425 raw_within_radius=0 accepted_within_radius=0 excluded_within_radius=0 nearest_m=1084.510 nearest_mtfcc=S1740 nearest_name=None source_id=us-census-tiger-2025-roads-48077 source_feature_id=1102390097714
candidate lon=-96.449925 lat=33.780750 raw_within_radius=1 accepted_within_radius=0 excluded_within_radius=1 nearest_m=0.000 nearest_mtfcc=S1740 nearest_name=None source_id=us-census-tiger-2025-roads-48181 source_feature_id=110537968406
candidate lon=-96.411934 lat=33.755641 raw_within_radius=0 accepted_within_radius=0 excluded_within_radius=0 nearest_m=105.319 nearest_mtfcc=S1400 nearest_name=Some("Carpenters Bluff Rd") source_id=us-census-tiger-2025-roads-48181 source_feature_id=1106049742849
candidate lon=-96.176554 lat=33.803715 raw_within_radius=0 accepted_within_radius=0 excluded_within_radius=0 nearest_m=2567.252 nearest_mtfcc=S1740 nearest_name=None source_id=us-census-tiger-2025-roads-48147 source_feature_id=110474808233
candidate lon=-96.150568 lat=33.826890 raw_within_radius=0 accepted_within_radius=0 excluded_within_radius=0 nearest_m=2390.370 nearest_mtfcc=S1740 nearest_name=None source_id=us-census-tiger-2025-roads-48147 source_feature_id=110474808233
candidate lon=-94.738337 lat=33.695246 raw_within_radius=1 accepted_within_radius=0 excluded_within_radius=1 nearest_m=0.000 nearest_mtfcc=S1500 nearest_name=None source_id=us-census-tiger-2025-roads-48037 source_feature_id=110516182744
candidate lon=-94.727279 lat=33.715362 raw_within_radius=1 accepted_within_radius=0 excluded_within_radius=1 nearest_m=0.000 nearest_mtfcc=S1500 nearest_name=None source_id=us-census-tiger-2025-roads-48037 source_feature_id=110516182709
candidate lon=-94.723326 lat=33.704888 raw_within_radius=1 accepted_within_radius=0 excluded_within_radius=1 nearest_m=0.000 nearest_mtfcc=S1500 nearest_name=None source_id=us-census-tiger-2025-roads-48037 source_feature_id=110516182730
candidate lon=-94.716029 lat=33.695490 raw_within_radius=1 accepted_within_radius=0 excluded_within_radius=1 nearest_m=0.000 nearest_mtfcc=S1500 nearest_name=None source_id=us-census-tiger-2025-roads-48037 source_feature_id=110516182718
candidate lon=-94.714975 lat=33.694610 raw_within_radius=1 accepted_within_radius=0 excluded_within_radius=1 nearest_m=0.000 nearest_mtfcc=S1500 nearest_name=None source_id=us-census-tiger-2025-roads-48037 source_feature_id=110516182718
candidate lon=-94.713335 lat=33.709300 raw_within_radius=1 accepted_within_radius=0 excluded_within_radius=1 nearest_m=0.000 nearest_mtfcc=S1500 nearest_name=None source_id=us-census-tiger-2025-roads-48037 source_feature_id=110516182707
candidate lon=-94.709589 lat=33.697109 raw_within_radius=1 accepted_within_radius=0 excluded_within_radius=1 nearest_m=0.000 nearest_mtfcc=S1500 nearest_name=None source_id=us-census-tiger-2025-roads-48037 source_feature_id=110516182694
candidate lon=-94.705152 lat=33.705686 raw_within_radius=1 accepted_within_radius=0 excluded_within_radius=1 nearest_m=0.000 nearest_mtfcc=S1500 nearest_name=None source_id=us-census-tiger-2025-roads-48037 source_feature_id=110516182696
candidate lon=-94.660396 lat=33.660314 raw_within_radius=0 accepted_within_radius=0 excluded_within_radius=0 nearest_m=1337.389 nearest_mtfcc=S1500 nearest_name=None source_id=us-census-tiger-2025-roads-48037 source_feature_id=110516182722
candidate lon=-94.653199 lat=33.670728 raw_within_radius=1 accepted_within_radius=0 excluded_within_radius=1 nearest_m=0.000 nearest_mtfcc=S1500 nearest_name=None source_id=us-census-tiger-2025-roads-48037 source_feature_id=110516182722
candidate lon=-94.524188 lat=33.632902 raw_within_radius=1 accepted_within_radius=0 excluded_within_radius=1 nearest_m=0.000 nearest_mtfcc=S1740 nearest_name=None source_id=us-census-tiger-2025-roads-48037 source_feature_id=110516183620
candidate lon=-94.520186 lat=33.629949 raw_within_radius=1 accepted_within_radius=0 excluded_within_radius=1 nearest_m=0.000 nearest_mtfcc=S1740 nearest_name=None source_id=us-census-tiger-2025-roads-48037 source_feature_id=110516183726
candidate lon=-94.517260 lat=33.632729 raw_within_radius=1 accepted_within_radius=0 excluded_within_radius=1 nearest_m=0.000 nearest_mtfcc=S1740 nearest_name=None source_id=us-census-tiger-2025-roads-48037 source_feature_id=110516183726
candidate lon=-94.498911 lat=33.623924 raw_within_radius=1 accepted_within_radius=0 excluded_within_radius=1 nearest_m=0.000 nearest_mtfcc=S1740 nearest_name=None source_id=us-census-tiger-2025-roads-48037 source_feature_id=110516183460
candidate lon=-94.494643 lat=33.624321 raw_within_radius=1 accepted_within_radius=0 excluded_within_radius=1 nearest_m=0.000 nearest_mtfcc=S1740 nearest_name=None source_id=us-census-tiger-2025-roads-48037 source_feature_id=110516183292
candidate lon=-94.487536 lat=33.629724 raw_within_radius=1 accepted_within_radius=0 excluded_within_radius=1 nearest_m=0.000 nearest_mtfcc=S1740 nearest_name=None source_id=us-census-tiger-2025-roads-48037 source_feature_id=110516183607
