candidate_points=19 inspected_sources=3 inspected_rows=22620 radius_m=20
candidate lon=-94.043378 lat=32.516981 raw_within_radius=0 accepted_within_radius=0 excluded_within_radius=0 nearest_m=25.549 nearest_mtfcc=S1400 nearest_name=Some("State Line Rd") source_id=us-census-tiger-2025-roads-22017 source_feature_id=1103717645831
candidate lon=-94.043232 lat=32.808529 raw_within_radius=0 accepted_within_radius=0 excluded_within_radius=0 nearest_m=25.612 nearest_mtfcc=S1740 nearest_name=None source_id=us-census-tiger-2025-roads-22017 source_feature_id=110585132477
candidate lon=-94.043203 lat=32.836219 raw_within_radius=0 accepted_within_radius=0 excluded_within_radius=0 nearest_m=310.246 nearest_mtfcc=S1400 nearest_name=Some("Monterey School Rd") source_id=us-census-tiger-2025-roads-22017 source_feature_id=11030539227365
candidate lon=-94.043196 lat=32.760266 raw_within_radius=0 accepted_within_radius=0 excluded_within_radius=0 nearest_m=285.936 nearest_mtfcc=S1400 nearest_name=Some("Pelican Lodge Rd") source_id=us-census-tiger-2025-roads-22017 source_feature_id=110585126659
candidate lon=-94.043193 lat=32.761210 raw_within_radius=0 accepted_within_radius=0 excluded_within_radius=0 nearest_m=269.550 nearest_mtfcc=S1400 nearest_name=Some("Bonham Landing Rd") source_id=us-census-tiger-2025-roads-22017 source_feature_id=1103717644041
candidate lon=-94.043185 lat=32.757541 raw_within_radius=1 accepted_within_radius=0 excluded_within_radius=1 nearest_m=0.000 nearest_mtfcc=S1740 nearest_name=None source_id=us-census-tiger-2025-roads-22017 source_feature_id=110585132870
candidate lon=-94.043172 lat=32.752043 raw_within_radius=1 accepted_within_radius=0 excluded_within_radius=1 nearest_m=0.000 nearest_mtfcc=S1740 nearest_name=None source_id=us-census-tiger-2025-roads-22017 source_feature_id=110585132259
candidate lon=-94.043161 lat=32.751080 raw_within_radius=1 accepted_within_radius=0 excluded_within_radius=1 nearest_m=0.000 nearest_mtfcc=S1740 nearest_name=None source_id=us-census-tiger-2025-roads-22017 source_feature_id=110585132260
candidate lon=-94.043142 lat=32.658741 raw_within_radius=1 accepted_within_radius=0 excluded_within_radius=1 nearest_m=17.063 nearest_mtfcc=S1740 nearest_name=None source_id=us-census-tiger-2025-roads-22017 source_feature_id=110585132156
candidate lon=-94.043116 lat=32.962828 raw_within_radius=1 accepted_within_radius=0 excluded_within_radius=1 nearest_m=0.000 nearest_mtfcc=S1740 nearest_name=None source_id=us-census-tiger-2025-roads-22017 source_feature_id=110585132397
candidate lon=-94.043108 lat=32.444541 raw_within_radius=0 accepted_within_radius=0 excluded_within_radius=0 nearest_m=393.127 nearest_mtfcc=S1400 nearest_name=None source_id=us-census-tiger-2025-roads-22017 source_feature_id=110585128542
candidate lon=-94.043105 lat=32.827379 raw_within_radius=0 accepted_within_radius=0 excluded_within_radius=0 nearest_m=821.776 nearest_mtfcc=S1740 nearest_name=None source_id=us-census-tiger-2025-roads-22017 source_feature_id=110585132269
candidate lon=-94.043043 lat=32.991596 raw_within_radius=1 accepted_within_radius=0 excluded_within_radius=1 nearest_m=0.000 nearest_mtfcc=S1740 nearest_name=None source_id=us-census-tiger-2025-roads-22017 source_feature_id=110585132645
candidate lon=-94.042967 lat=32.739350 raw_within_radius=1 accepted_within_radius=0 excluded_within_radius=1 nearest_m=0.000 nearest_mtfcc=S1740 nearest_name=None source_id=us-census-tiger-2025-roads-22017 source_feature_id=110585132308
candidate lon=-94.042923 lat=32.399918 raw_within_radius=0 accepted_within_radius=0 excluded_within_radius=0 nearest_m=86.302 nearest_mtfcc=S1400 nearest_name=Some("Parish Rd 109") source_id=us-census-tiger-2025-roads-22017 source_feature_id=110585111851
candidate lon=-94.042826 lat=32.054570 raw_within_radius=0 accepted_within_radius=0 excluded_within_radius=0 nearest_m=46.123 nearest_mtfcc=S1400 nearest_name=None source_id=us-census-tiger-2025-roads-22031 source_feature_id=110170755894
candidate lon=-93.739762 lat=30.303049 raw_within_radius=0 accepted_within_radius=0 excluded_within_radius=0 nearest_m=216.740 nearest_mtfcc=S1200 nearest_name=Some("State Rte 12") source_id=us-census-tiger-2025-roads-22019 source_feature_id=110184720656
candidate lon=-93.735493 lat=30.301708 raw_within_radius=0 accepted_within_radius=0 excluded_within_radius=0 nearest_m=448.778 nearest_mtfcc=S1200 nearest_name=Some("State Rte 12") source_id=us-census-tiger-2025-roads-22019 source_feature_id=110184720656
candidate lon=-93.729718 lat=30.088062 raw_within_radius=0 accepted_within_radius=0 excluded_within_radius=0 nearest_m=954.008 nearest_mtfcc=S1400 nearest_name=Some("Old Hwy 90") source_id=us-census-tiger-2025-roads-22019 source_feature_id=110184721002
