candidate_points=26 inspected_sources=4 inspected_rows=15372 radius_m=20
candidate lon=-94.043193 lat=32.546843 raw_within_radius=0 accepted_within_radius=0 excluded_within_radius=0 nearest_m=517.757 nearest_mtfcc=S1740 nearest_name=None source_id=us-census-tiger-2025-roads-48203 source_feature_id=110782895167
candidate lon=-94.043187 lat=32.543861 raw_within_radius=0 accepted_within_radius=0 excluded_within_radius=0 nearest_m=185.811 nearest_mtfcc=S1740 nearest_name=None source_id=us-census-tiger-2025-roads-48203 source_feature_id=110782895167
candidate lon=-94.043167 lat=32.539650 raw_within_radius=0 accepted_within_radius=0 excluded_within_radius=0 nearest_m=227.231 nearest_mtfcc=S1740 nearest_name=None source_id=us-census-tiger-2025-roads-48203 source_feature_id=110782895167
candidate lon=-94.043159 lat=32.542192 raw_within_radius=1 accepted_within_radius=0 excluded_within_radius=1 nearest_m=0.000 nearest_mtfcc=S1740 nearest_name=None source_id=us-census-tiger-2025-roads-48203 source_feature_id=110782895167
candidate lon=-94.043126 lat=32.898252 raw_within_radius=0 accepted_within_radius=0 excluded_within_radius=0 nearest_m=73.144 nearest_mtfcc=S1400 nearest_name=Some("Cass County Rd") source_id=us-census-tiger-2025-roads-48067 source_feature_id=1103717635123
candidate lon=-94.043112 lat=32.549120 raw_within_radius=0 accepted_within_radius=0 excluded_within_radius=0 nearest_m=771.234 nearest_mtfcc=S1740 nearest_name=None source_id=us-census-tiger-2025-roads-48203 source_feature_id=110782895167
candidate lon=-94.043107 lat=32.503617 raw_within_radius=1 accepted_within_radius=0 excluded_within_radius=1 nearest_m=0.000 nearest_mtfcc=S1740 nearest_name=None source_id=us-census-tiger-2025-roads-48203 source_feature_id=110782895097
candidate lon=-94.043087 lat=32.737101 raw_within_radius=0 accepted_within_radius=0 excluded_within_radius=0 nearest_m=155.513 nearest_mtfcc=S1400 nearest_name=None source_id=us-census-tiger-2025-roads-48315 source_feature_id=11017129116473
candidate lon=-94.043041 lat=32.501210 raw_within_radius=1 accepted_within_radius=0 excluded_within_radius=1 nearest_m=0.000 nearest_mtfcc=S1740 nearest_name=None source_id=us-census-tiger-2025-roads-48203 source_feature_id=110782894884
candidate lon=-94.043025 lat=32.898142 raw_within_radius=0 accepted_within_radius=0 excluded_within_radius=0 nearest_m=84.826 nearest_mtfcc=S1400 nearest_name=Some("Cass County Rd") source_id=us-census-tiger-2025-roads-48067 source_feature_id=1103717635123
candidate lon=-94.042956 lat=32.504379 raw_within_radius=0 accepted_within_radius=0 excluded_within_radius=0 nearest_m=83.841 nearest_mtfcc=S1740 nearest_name=None source_id=us-census-tiger-2025-roads-48203 source_feature_id=110782895097
candidate lon=-94.042946 lat=32.503326 raw_within_radius=0 accepted_within_radius=0 excluded_within_radius=0 nearest_m=35.747 nearest_mtfcc=S1740 nearest_name=None source_id=us-census-tiger-2025-roads-48203 source_feature_id=110782895097
candidate lon=-94.042946 lat=32.503486 raw_within_radius=0 accepted_within_radius=0 excluded_within_radius=0 nearest_m=21.003 nearest_mtfcc=S1740 nearest_name=None source_id=us-census-tiger-2025-roads-48203 source_feature_id=110782895097
candidate lon=-94.042941 lat=32.496691 raw_within_radius=1 accepted_within_radius=0 excluded_within_radius=1 nearest_m=0.000 nearest_mtfcc=S1740 nearest_name=None source_id=us-census-tiger-2025-roads-48203 source_feature_id=110782894002
candidate lon=-94.042916 lat=32.499505 raw_within_radius=0 accepted_within_radius=0 excluded_within_radius=0 nearest_m=41.078 nearest_mtfcc=S1740 nearest_name=None source_id=us-census-tiger-2025-roads-48203 source_feature_id=110782894934
candidate lon=-94.042899 lat=32.501213 raw_within_radius=1 accepted_within_radius=0 excluded_within_radius=1 nearest_m=13.336 nearest_mtfcc=S1740 nearest_name=None source_id=us-census-tiger-2025-roads-48203 source_feature_id=110782894884
candidate lon=-94.042898 lat=32.500756 raw_within_radius=0 accepted_within_radius=0 excluded_within_radius=0 nearest_m=52.292 nearest_mtfcc=S1740 nearest_name=None source_id=us-census-tiger-2025-roads-48203 source_feature_id=110782894884
candidate lon=-94.042862 lat=32.580528 raw_within_radius=1 accepted_within_radius=0 excluded_within_radius=1 nearest_m=0.000 nearest_mtfcc=S1740 nearest_name=None source_id=us-census-tiger-2025-roads-48203 source_feature_id=110782894593
candidate lon=-94.042821 lat=32.496679 raw_within_radius=1 accepted_within_radius=0 excluded_within_radius=1 nearest_m=11.346 nearest_mtfcc=S1740 nearest_name=None source_id=us-census-tiger-2025-roads-48203 source_feature_id=110782894002
candidate lon=-94.042796 lat=32.059147 raw_within_radius=0 accepted_within_radius=0 excluded_within_radius=0 nearest_m=91.839 nearest_mtfcc=S1400 nearest_name=None source_id=us-census-tiger-2025-roads-48365 source_feature_id=1103700915596
candidate lon=-94.042761 lat=32.496080 raw_within_radius=0 accepted_within_radius=0 excluded_within_radius=0 nearest_m=70.084 nearest_mtfcc=S1740 nearest_name=None source_id=us-census-tiger-2025-roads-48203 source_feature_id=110782894002
candidate lon=-94.042735 lat=32.059026 raw_within_radius=0 accepted_within_radius=0 excluded_within_radius=0 nearest_m=80.273 nearest_mtfcc=S1400 nearest_name=None source_id=us-census-tiger-2025-roads-48365 source_feature_id=1103700915601
candidate lon=-94.042735 lat=32.059148 raw_within_radius=0 accepted_within_radius=0 excluded_within_radius=0 nearest_m=91.890 nearest_mtfcc=S1400 nearest_name=None source_id=us-census-tiger-2025-roads-48365 source_feature_id=1103700915596
candidate lon=-94.042703 lat=32.054169 raw_within_radius=0 accepted_within_radius=0 excluded_within_radius=0 nearest_m=46.123 nearest_mtfcc=S1400 nearest_name=Some("Oil Rd") source_id=us-census-tiger-2025-roads-48365 source_feature_id=1103671582767
candidate lon=-94.042703 lat=32.137535 raw_within_radius=0 accepted_within_radius=0 excluded_within_radius=0 nearest_m=54.404 nearest_mtfcc=S1400 nearest_name=Some("Co Rd 467") source_id=us-census-tiger-2025-roads-48365 source_feature_id=110205579808
candidate lon=-94.042679 lat=32.584024 raw_within_radius=0 accepted_within_radius=0 excluded_within_radius=0 nearest_m=46.259 nearest_mtfcc=S1400 nearest_name=Some("State Line Rd") source_id=us-census-tiger-2025-roads-48203 source_feature_id=1103717645835
