candidate_points=59 inspected_sources=10 inspected_rows=48772 radius_m=20
candidate lon=-106.645604 lat=31.896394 raw_within_radius=0 accepted_within_radius=0 excluded_within_radius=0 nearest=none
candidate lon=-106.642382 lat=31.892769 raw_within_radius=0 accepted_within_radius=0 excluded_within_radius=0 nearest_m=282.322 nearest_mtfcc=S1400 nearest_name=Some("Gato Rd") source_id=us-census-tiger-2025-roads-48141 source_feature_id=1101157787384
candidate lon=-106.636802 lat=31.907554 raw_within_radius=0 accepted_within_radius=0 excluded_within_radius=0 nearest_m=37.991 nearest_mtfcc=S1400 nearest_name=Some("Gato Rd") source_id=us-census-tiger-2025-roads-48141 source_feature_id=1101157787384
candidate lon=-106.635892 lat=31.871504 raw_within_radius=0 accepted_within_radius=0 excluded_within_radius=0 nearest_m=186.213 nearest_mtfcc=S1400 nearest_name=Some("Alamo Rd") source_id=us-census-tiger-2025-roads-48141 source_feature_id=1105045426015
candidate lon=-106.625200 lat=31.855630 raw_within_radius=0 accepted_within_radius=0 excluded_within_radius=0 nearest_m=60.763 nearest_mtfcc=S1400 nearest_name=Some("Westside Dr") source_id=us-census-tiger-2025-roads-48141 source_feature_id=1103690425159
candidate lon=-106.624830 lat=31.913250 raw_within_radius=0 accepted_within_radius=0 excluded_within_radius=0 nearest_m=25.083 nearest_mtfcc=S1400 nearest_name=Some("Westside Rd") source_id=us-census-tiger-2025-roads-48141 source_feature_id=1101157798264
candidate lon=-106.624630 lat=31.855130 raw_within_radius=0 accepted_within_radius=0 excluded_within_radius=0 nearest_m=58.534 nearest_mtfcc=S1400 nearest_name=Some("Westside Dr") source_id=us-census-tiger-2025-roads-48141 source_feature_id=1103690425159
candidate lon=-106.618110 lat=31.917938 raw_within_radius=0 accepted_within_radius=0 excluded_within_radius=0 nearest_m=219.410 nearest_mtfcc=S1400 nearest_name=Some("FM 259") source_id=us-census-tiger-2025-roads-48141 source_feature_id=1101157786623
candidate lon=-106.616574 lat=31.921820 raw_within_radius=0 accepted_within_radius=0 excluded_within_radius=0 nearest_m=31.040 nearest_mtfcc=S1400 nearest_name=None source_id=us-census-tiger-2025-roads-48141 source_feature_id=11015657477147
candidate lon=-106.610270 lat=31.846480 raw_within_radius=0 accepted_within_radius=0 excluded_within_radius=0 nearest_m=33.547 nearest_mtfcc=S1400 nearest_name=Some("Country Club Rd") source_id=us-census-tiger-2025-roads-48141 source_feature_id=1104748070031
candidate lon=-106.590273 lat=31.823068 raw_within_radius=0 accepted_within_radius=0 excluded_within_radius=0 nearest_m=35.432 nearest_mtfcc=S1400 nearest_name=Some("Willow West Dr") source_id=us-census-tiger-2025-roads-48141 source_feature_id=1101157803714
candidate lon=-106.573368 lat=31.810153 raw_within_radius=0 accepted_within_radius=0 excluded_within_radius=0 nearest_m=48.294 nearest_mtfcc=S1400 nearest_name=Some("Hacienda Rey") source_id=us-census-tiger-2025-roads-48141 source_feature_id=1102657008788
candidate lon=-106.562076 lat=31.810947 raw_within_radius=0 accepted_within_radius=0 excluded_within_radius=0 nearest_m=119.414 nearest_mtfcc=S1400 nearest_name=Some("Sunland Park Dr") source_id=us-census-tiger-2025-roads-48141 source_feature_id=1104748070003
candidate lon=-106.545475 lat=31.804914 raw_within_radius=0 accepted_within_radius=0 excluded_within_radius=0 nearest_m=109.031 nearest_mtfcc=S1400 nearest_name=Some("Doniphan Dr") source_id=us-census-tiger-2025-roads-48141 source_feature_id=11019653478292
candidate lon=-106.449146 lat=32.001171 raw_within_radius=0 accepted_within_radius=0 excluded_within_radius=0 nearest_m=373.084 nearest_mtfcc=S1400 nearest_name=None source_id=us-census-tiger-2025-roads-48141 source_feature_id=1101158774216
candidate lon=-106.392000 lat=32.001440 raw_within_radius=0 accepted_within_radius=0 excluded_within_radius=0 nearest_m=200.797 nearest_mtfcc=S1400 nearest_name=Some("State Line Dr") source_id=us-census-tiger-2025-roads-48141 source_feature_id=1102216137602
candidate lon=-106.389830 lat=32.001450 raw_within_radius=0 accepted_within_radius=0 excluded_within_radius=0 nearest_m=405.649 nearest_mtfcc=S1400 nearest_name=Some("State Line Dr") source_id=us-census-tiger-2025-roads-48141 source_feature_id=1102216137602
candidate lon=-106.386480 lat=32.001460 raw_within_radius=0 accepted_within_radius=0 excluded_within_radius=0 nearest_m=721.899 nearest_mtfcc=S1400 nearest_name=Some("State Line Dr") source_id=us-census-tiger-2025-roads-48141 source_feature_id=1102216137602
candidate lon=-106.385350 lat=32.001470 raw_within_radius=0 accepted_within_radius=0 excluded_within_radius=0 nearest_m=771.846 nearest_mtfcc=S1400 nearest_name=Some("State Line Dr") source_id=us-census-tiger-2025-roads-48141 source_feature_id=1105579105481
candidate lon=-106.357979 lat=32.001536 raw_within_radius=0 accepted_within_radius=0 excluded_within_radius=0 nearest_m=281.510 nearest_mtfcc=S1400 nearest_name=Some("State Line Dr") source_id=us-census-tiger-2025-roads-48141 source_feature_id=1105579105481
candidate lon=-106.340647 lat=32.001683 raw_within_radius=0 accepted_within_radius=0 excluded_within_radius=0 nearest_m=863.883 nearest_mtfcc=S1200 nearest_name=Some("Patriot Fwy") source_id=us-census-tiger-2025-roads-48141 source_feature_id=11010865751022
candidate lon=-106.338844 lat=32.001691 raw_within_radius=0 accepted_within_radius=0 excluded_within_radius=0 nearest_m=751.117 nearest_mtfcc=S1200 nearest_name=Some("Patriot Fwy") source_id=us-census-tiger-2025-roads-48141 source_feature_id=11010865751022
candidate lon=-106.338498 lat=32.001692 raw_within_radius=0 accepted_within_radius=0 excluded_within_radius=0 nearest_m=729.433 nearest_mtfcc=S1200 nearest_name=Some("Patriot Fwy") source_id=us-census-tiger-2025-roads-48141 source_feature_id=11010865751022
candidate lon=-106.337204 lat=32.001697 raw_within_radius=0 accepted_within_radius=0 excluded_within_radius=0 nearest_m=650.136 nearest_mtfcc=S1200 nearest_name=Some("Patriot Fwy") source_id=us-census-tiger-2025-roads-48141 source_feature_id=11010865751022
candidate lon=-106.335526 lat=32.001703 raw_within_radius=0 accepted_within_radius=0 excluded_within_radius=0 nearest_m=547.616 nearest_mtfcc=S1200 nearest_name=Some("Patriot Fwy") source_id=us-census-tiger-2025-roads-48141 source_feature_id=11010865751022
candidate lon=-106.322556 lat=32.001741 raw_within_radius=0 accepted_within_radius=0 excluded_within_radius=0 nearest_m=32.555 nearest_mtfcc=S1400 nearest_name=None source_id=us-census-tiger-2025-roads-48141 source_feature_id=1101158774186
candidate lon=-106.175834 lat=32.002368 raw_within_radius=0 accepted_within_radius=0 excluded_within_radius=0 nearest_m=544.496 nearest_mtfcc=S1400 nearest_name=None source_id=us-census-tiger-2025-roads-48141 source_feature_id=11010865751047
candidate lon=-106.169697 lat=32.002426 raw_within_radius=0 accepted_within_radius=0 excluded_within_radius=0 nearest_m=1123.847 nearest_mtfcc=S1400 nearest_name=None source_id=us-census-tiger-2025-roads-48141 source_feature_id=11010865751047
candidate lon=-106.164195 lat=32.002503 raw_within_radius=0 accepted_within_radius=0 excluded_within_radius=0 nearest_m=1643.315 nearest_mtfcc=S1400 nearest_name=None source_id=us-census-tiger-2025-roads-48141 source_feature_id=11010865751047
candidate lon=-106.141787 lat=32.002601 raw_within_radius=0 accepted_within_radius=0 excluded_within_radius=0 nearest_m=109.908 nearest_mtfcc=S1400 nearest_name=None source_id=us-census-tiger-2025-roads-48141 source_feature_id=11021366266626
candidate lon=-105.727570 lat=32.001506 raw_within_radius=0 accepted_within_radius=0 excluded_within_radius=0 nearest_m=1424.272 nearest_mtfcc=S1400 nearest_name=None source_id=us-census-tiger-2025-roads-48229 source_feature_id=11021366266590
candidate lon=-105.182180 lat=32.000227 raw_within_radius=0 accepted_within_radius=0 excluded_within_radius=0 nearest_m=51.979 nearest_mtfcc=S1400 nearest_name=None source_id=us-census-tiger-2025-roads-48229 source_feature_id=1102188460485
candidate lon=-104.585783 lat=32.000268 raw_within_radius=0 accepted_within_radius=0 excluded_within_radius=0 nearest_m=1289.196 nearest_mtfcc=S1400 nearest_name=None source_id=us-census-tiger-2025-roads-48109 source_feature_id=110474734895
candidate lon=-104.570001 lat=32.000292 raw_within_radius=0 accepted_within_radius=0 excluded_within_radius=0 nearest_m=1121.206 nearest_mtfcc=S1200 nearest_name=Some("US Hwy 180") source_id=us-census-tiger-2025-roads-48109 source_feature_id=11019627494292
candidate lon=-104.552261 lat=32.000296 raw_within_radius=0 accepted_within_radius=0 excluded_within_radius=0 nearest_m=598.820 nearest_mtfcc=S1200 nearest_name=Some("US Hwy 180") source_id=us-census-tiger-2025-roads-48109 source_feature_id=11019627494292
candidate lon=-104.407889 lat=32.000296 raw_within_radius=0 accepted_within_radius=0 excluded_within_radius=0 nearest_m=1120.830 nearest_mtfcc=S1400 nearest_name=None source_id=us-census-tiger-2025-roads-48109 source_feature_id=1108476078047
candidate lon=-104.342087 lat=32.000231 raw_within_radius=0 accepted_within_radius=0 excluded_within_radius=0 nearest_m=32.639 nearest_mtfcc=S1400 nearest_name=None source_id=us-census-tiger-2025-roads-48109 source_feature_id=110474734256
candidate lon=-104.332941 lat=32.000234 raw_within_radius=0 accepted_within_radius=0 excluded_within_radius=0 nearest_m=297.921 nearest_mtfcc=S1400 nearest_name=None source_id=us-census-tiger-2025-roads-48109 source_feature_id=1108476222006
candidate lon=-104.316725 lat=32.000172 raw_within_radius=0 accepted_within_radius=0 excluded_within_radius=0 nearest_m=69.660 nearest_mtfcc=S1400 nearest_name=None source_id=us-census-tiger-2025-roads-48109 source_feature_id=1108476249341
candidate lon=-104.314966 lat=32.000131 raw_within_radius=0 accepted_within_radius=0 excluded_within_radius=0 nearest_m=171.031 nearest_mtfcc=S1400 nearest_name=None source_id=us-census-tiger-2025-roads-48109 source_feature_id=1108476249341
candidate lon=-104.231801 lat=32.000189 raw_within_radius=0 accepted_within_radius=0 excluded_within_radius=0 nearest_m=208.088 nearest_mtfcc=S1400 nearest_name=None source_id=us-census-tiger-2025-roads-48109 source_feature_id=1108476222003
candidate lon=-104.223936 lat=32.000158 raw_within_radius=0 accepted_within_radius=0 excluded_within_radius=0 nearest_m=231.489 nearest_mtfcc=S1400 nearest_name=None source_id=us-census-tiger-2025-roads-48109 source_feature_id=1108476222003
candidate lon=-104.066542 lat=32.000189 raw_within_radius=0 accepted_within_radius=0 excluded_within_radius=0 nearest_m=1654.683 nearest_mtfcc=S1400 nearest_name=None source_id=us-census-tiger-2025-roads-48109 source_feature_id=110175075187
candidate lon=-104.052520 lat=32.000211 raw_within_radius=0 accepted_within_radius=0 excluded_within_radius=0 nearest_m=661.991 nearest_mtfcc=S1400 nearest_name=None source_id=us-census-tiger-2025-roads-48109 source_feature_id=110175075187
candidate lon=-104.040526 lat=32.000138 raw_within_radius=0 accepted_within_radius=0 excluded_within_radius=0 nearest_m=274.291 nearest_mtfcc=S1400 nearest_name=None source_id=us-census-tiger-2025-roads-48109 source_feature_id=110175075187
candidate lon=-103.985032 lat=32.000149 raw_within_radius=0 accepted_within_radius=0 excluded_within_radius=0 nearest_m=21.045 nearest_mtfcc=S1400 nearest_name=None source_id=us-census-tiger-2025-roads-48389 source_feature_id=110765528560
candidate lon=-103.638784 lat=32.000238 raw_within_radius=0 accepted_within_radius=0 excluded_within_radius=0 nearest_m=263.636 nearest_mtfcc=S1400 nearest_name=None source_id=us-census-tiger-2025-roads-48301 source_feature_id=110764081636
candidate lon=-103.491614 lat=32.000355 raw_within_radius=0 accepted_within_radius=0 excluded_within_radius=0 nearest_m=3147.065 nearest_mtfcc=S1400 nearest_name=None source_id=us-census-tiger-2025-roads-48301 source_feature_id=1108476261144
candidate lon=-103.437019 lat=32.000498 raw_within_radius=0 accepted_within_radius=0 excluded_within_radius=0 nearest_m=6030.123 nearest_mtfcc=S1400 nearest_name=None source_id=us-census-tiger-2025-roads-48301 source_feature_id=110764080308
candidate lon=-103.436935 lat=32.000346 raw_within_radius=0 accepted_within_radius=0 excluded_within_radius=0 nearest_m=6019.577 nearest_mtfcc=S1400 nearest_name=None source_id=us-census-tiger-2025-roads-48301 source_feature_id=110764080308
candidate lon=-103.139834 lat=32.000508 raw_within_radius=0 accepted_within_radius=0 excluded_within_radius=0 nearest_m=638.056 nearest_mtfcc=S1200 nearest_name=Some("N State Hwy 18") source_id=us-census-tiger-2025-roads-48495 source_feature_id=1101054110494
candidate lon=-103.139810 lat=32.000339 raw_within_radius=0 accepted_within_radius=0 excluded_within_radius=0 nearest_m=635.527 nearest_mtfcc=S1200 nearest_name=Some("N State Hwy 18") source_id=us-census-tiger-2025-roads-48495 source_feature_id=1101054110494
candidate lon=-103.135480 lat=32.000341 raw_within_radius=0 accepted_within_radius=0 excluded_within_radius=0 nearest_m=226.758 nearest_mtfcc=S1200 nearest_name=Some("N State Hwy 18") source_id=us-census-tiger-2025-roads-48495 source_feature_id=1101054110494
candidate lon=-103.064821 lat=32.885615 raw_within_radius=0 accepted_within_radius=0 excluded_within_radius=0 nearest_m=413.825 nearest_mtfcc=S1400 nearest_name=None source_id=us-census-tiger-2025-roads-48165 source_feature_id=1108476213382
candidate lon=-103.051329 lat=33.641930 raw_within_radius=0 accepted_within_radius=0 excluded_within_radius=0 nearest_m=988.321 nearest_mtfcc=S1400 nearest_name=None source_id=us-census-tiger-2025-roads-48079 source_feature_id=110211240314
candidate lon=-103.041897 lat=35.609775 raw_within_radius=1 accepted_within_radius=0 excluded_within_radius=1 nearest_m=19.116 nearest_mtfcc=S1740 nearest_name=None source_id=us-census-tiger-2025-roads-48359 source_feature_id=110457737774
candidate lon=-103.041729 lat=36.487070 raw_within_radius=0 accepted_within_radius=0 excluded_within_radius=0 nearest_m=746.225 nearest_mtfcc=S1400 nearest_name=None source_id=us-census-tiger-2025-roads-48111 source_feature_id=1105587359122
candidate lon=-103.041707 lat=35.621858 raw_within_radius=0 accepted_within_radius=0 excluded_within_radius=0 nearest_m=120.677 nearest_mtfcc=S1400 nearest_name=None source_id=us-census-tiger-2025-roads-48359 source_feature_id=110457737252
candidate lon=-103.041452 lat=36.318156 raw_within_radius=0 accepted_within_radius=0 excluded_within_radius=0 nearest_m=160.273 nearest_mtfcc=S1400 nearest_name=Some("FM 296") source_id=us-census-tiger-2025-roads-48111 source_feature_id=1106039448502
