candidate_points=43 inspected_sources=11 inspected_rows=48023 radius_m=20
candidate lon=-102.844534 lat=36.500553 raw_within_radius=0 accepted_within_radius=0 excluded_within_radius=0 nearest_m=1105.297 nearest_mtfcc=S1740 nearest_name=None source_id=us-census-tiger-2025-roads-40025 source_feature_id=110471820271
candidate lon=-102.840717 lat=36.500566 raw_within_radius=0 accepted_within_radius=0 excluded_within_radius=0 nearest_m=1196.025 nearest_mtfcc=S1400 nearest_name=None source_id=us-census-tiger-2025-roads-40025 source_feature_id=110471819164
candidate lon=-102.525112 lat=36.500434 raw_within_radius=1 accepted_within_radius=0 excluded_within_radius=1 nearest_m=0.000 nearest_mtfcc=S1740 nearest_name=None source_id=us-census-tiger-2025-roads-40025 source_feature_id=110471820116
candidate lon=-102.260582 lat=36.500371 raw_within_radius=0 accepted_within_radius=0 excluded_within_radius=0 nearest_m=111.537 nearest_mtfcc=S1400 nearest_name=Some("E0350 Rd") source_id=us-census-tiger-2025-roads-40025 source_feature_id=110471816621
candidate lon=-102.076893 lat=36.500566 raw_within_radius=0 accepted_within_radius=0 excluded_within_radius=0 nearest_m=771.673 nearest_mtfcc=S1400 nearest_name=Some("N0531 Rd") source_id=us-census-tiger-2025-roads-40025 source_feature_id=110471817070
candidate lon=-101.788401 lat=36.499536 raw_within_radius=0 accepted_within_radius=0 excluded_within_radius=0 nearest_m=30.328 nearest_mtfcc=S1400 nearest_name=None source_id=us-census-tiger-2025-roads-40139 source_feature_id=110513236380
candidate lon=-101.546447 lat=36.499543 raw_within_radius=0 accepted_within_radius=0 excluded_within_radius=0 nearest_m=1247.264 nearest_mtfcc=S1400 nearest_name=None source_id=us-census-tiger-2025-roads-40139 source_feature_id=110513236369
candidate lon=-101.472210 lat=36.499305 raw_within_radius=0 accepted_within_radius=0 excluded_within_radius=0 nearest_m=58.073 nearest_mtfcc=S1400 nearest_name=None source_id=us-census-tiger-2025-roads-40139 source_feature_id=110513234775
candidate lon=-101.393487 lat=36.499360 raw_within_radius=1 accepted_within_radius=0 excluded_within_radius=1 nearest_m=0.000 nearest_mtfcc=S1500 nearest_name=None source_id=us-census-tiger-2025-roads-40139 source_feature_id=110513237887
candidate lon=-101.268768 lat=36.499536 raw_within_radius=0 accepted_within_radius=0 excluded_within_radius=0 nearest_m=784.522 nearest_mtfcc=S1400 nearest_name=Some("N0970 Rd") source_id=us-census-tiger-2025-roads-40139 source_feature_id=110513226298
candidate lon=-101.215113 lat=36.499462 raw_within_radius=1 accepted_within_radius=0 excluded_within_radius=1 nearest_m=0.000 nearest_mtfcc=S1500 nearest_name=None source_id=us-census-tiger-2025-roads-40139 source_feature_id=110513237564
candidate lon=-100.724250 lat=36.499580 raw_within_radius=0 accepted_within_radius=0 excluded_within_radius=0 nearest_m=74.583 nearest_mtfcc=S1400 nearest_name=Some("Hollow E0350") source_id=us-census-tiger-2025-roads-40007 source_feature_id=1106087913303
candidate lon=-100.724244 lat=36.499558 raw_within_radius=0 accepted_within_radius=0 excluded_within_radius=0 nearest_m=77.030 nearest_mtfcc=S1400 nearest_name=Some("Hollow E0350") source_id=us-census-tiger-2025-roads-40007 source_feature_id=1106087913303
candidate lon=-100.468116 lat=36.499481 raw_within_radius=0 accepted_within_radius=0 excluded_within_radius=0 nearest_m=22.830 nearest_mtfcc=S1400 nearest_name=None source_id=us-census-tiger-2025-roads-40007 source_feature_id=110513043424
candidate lon=-100.405243 lat=36.499303 raw_within_radius=0 accepted_within_radius=0 excluded_within_radius=0 nearest_m=38.082 nearest_mtfcc=S1400 nearest_name=Some("Hollow N1450") source_id=us-census-tiger-2025-roads-40007 source_feature_id=1106087441926
candidate lon=-100.025476 lat=36.499833 raw_within_radius=0 accepted_within_radius=0 excluded_within_radius=0 nearest_m=22.455 nearest_mtfcc=S1400 nearest_name=None source_id=us-census-tiger-2025-roads-40007 source_feature_id=110513044197
candidate lon=-100.025173 lat=36.499827 raw_within_radius=0 accepted_within_radius=0 excluded_within_radius=0 nearest_m=49.516 nearest_mtfcc=S1400 nearest_name=None source_id=us-census-tiger-2025-roads-40007 source_feature_id=110513044197
candidate lon=-100.007056 lat=36.499808 raw_within_radius=0 accepted_within_radius=0 excluded_within_radius=0 nearest_m=294.799 nearest_mtfcc=S1400 nearest_name=Some("Ns-168") source_id=us-census-tiger-2025-roads-40007 source_feature_id=1103648441469
candidate lon=-100.000404 lat=36.478952 raw_within_radius=0 accepted_within_radius=0 excluded_within_radius=0 nearest_m=23.000 nearest_mtfcc=S1400 nearest_name=Some("Ns 169") source_id=us-census-tiger-2025-roads-40045 source_feature_id=1103367972886
candidate lon=-100.000402 lat=36.311466 raw_within_radius=0 accepted_within_radius=0 excluded_within_radius=0 nearest_m=88.790 nearest_mtfcc=S1400 nearest_name=None source_id=us-census-tiger-2025-roads-40045 source_feature_id=110461529783
candidate lon=-100.000401 lat=36.197021 raw_within_radius=0 accepted_within_radius=0 excluded_within_radius=0 nearest_m=605.100 nearest_mtfcc=S1400 nearest_name=Some("E0560 Rd") source_id=us-census-tiger-2025-roads-40045 source_feature_id=1106087393423
candidate lon=-100.000401 lat=36.206020 raw_within_radius=0 accepted_within_radius=0 excluded_within_radius=0 nearest_m=346.712 nearest_mtfcc=S1400 nearest_name=None source_id=us-census-tiger-2025-roads-40045 source_feature_id=110461529869
candidate lon=-100.000401 lat=36.211012 raw_within_radius=0 accepted_within_radius=0 excluded_within_radius=0 nearest_m=439.956 nearest_mtfcc=S1400 nearest_name=None source_id=us-census-tiger-2025-roads-40045 source_feature_id=110461529869
candidate lon=-100.000399 lat=36.089174 raw_within_radius=0 accepted_within_radius=0 excluded_within_radius=0 nearest_m=941.910 nearest_mtfcc=S1400 nearest_name=None source_id=us-census-tiger-2025-roads-40045 source_feature_id=1102160724509
candidate lon=-100.000397 lat=35.922317 raw_within_radius=0 accepted_within_radius=0 excluded_within_radius=0 nearest_m=1195.906 nearest_mtfcc=S1400 nearest_name=None source_id=us-census-tiger-2025-roads-40045 source_feature_id=110461530378
candidate lon=-100.000397 lat=35.948101 raw_within_radius=0 accepted_within_radius=0 excluded_within_radius=0 nearest_m=794.764 nearest_mtfcc=S1400 nearest_name=None source_id=us-census-tiger-2025-roads-40045 source_feature_id=110461530378
candidate lon=-100.000389 lat=36.129688 raw_within_radius=0 accepted_within_radius=0 excluded_within_radius=0 nearest_m=129.456 nearest_mtfcc=S1400 nearest_name=Some("Ew 61") source_id=us-census-tiger-2025-roads-40045 source_feature_id=1103301874007
candidate lon=-100.000387 lat=35.327299 raw_within_radius=0 accepted_within_radius=0 excluded_within_radius=0 nearest_m=953.793 nearest_mtfcc=S1400 nearest_name=None source_id=us-census-tiger-2025-roads-40009 source_feature_id=110431494395
candidate lon=-100.000386 lat=35.262993 raw_within_radius=0 accepted_within_radius=0 excluded_within_radius=0 nearest_m=829.616 nearest_mtfcc=S1400 nearest_name=Some("N1675 Rd") source_id=us-census-tiger-2025-roads-40009 source_feature_id=110431487146
candidate lon=-100.000385 lat=35.127847 raw_within_radius=0 accepted_within_radius=0 excluded_within_radius=0 nearest_m=412.439 nearest_mtfcc=S1400 nearest_name=None source_id=us-census-tiger-2025-roads-40009 source_feature_id=110431494368
candidate lon=-100.000384 lat=35.003029 raw_within_radius=0 accepted_within_radius=0 excluded_within_radius=0 nearest_m=782.747 nearest_mtfcc=S1400 nearest_name=Some("N 1670 Rd") source_id=us-census-tiger-2025-roads-40057 source_feature_id=110447558836
candidate lon=-100.000384 lat=35.007839 raw_within_radius=0 accepted_within_radius=0 excluded_within_radius=0 nearest_m=763.429 nearest_mtfcc=S1400 nearest_name=None source_id=us-census-tiger-2025-roads-40057 source_feature_id=1104469778841
candidate lon=-100.000384 lat=35.064315 raw_within_radius=0 accepted_within_radius=0 excluded_within_radius=0 nearest_m=566.844 nearest_mtfcc=S1400 nearest_name=None source_id=us-census-tiger-2025-roads-40009 source_feature_id=110431495280
candidate lon=-100.000383 lat=34.989154 raw_within_radius=0 accepted_within_radius=0 excluded_within_radius=0 nearest_m=240.450 nearest_mtfcc=S1400 nearest_name=Some("E1400 Rd") source_id=us-census-tiger-2025-roads-40057 source_feature_id=110447558860
candidate lon=-100.000382 lat=34.803076 raw_within_radius=0 accepted_within_radius=0 excluded_within_radius=0 nearest_m=30.988 nearest_mtfcc=S1400 nearest_name=Some("N1660 Rd") source_id=us-census-tiger-2025-roads-40057 source_feature_id=110447558953
candidate lon=-100.000379 lat=34.683132 raw_within_radius=0 accepted_within_radius=0 excluded_within_radius=0 nearest_m=43.557 nearest_mtfcc=S1400 nearest_name=Some("N1660 Rd") source_id=us-census-tiger-2025-roads-40057 source_feature_id=110447558953
candidate lon=-98.661774 lat=34.154382 raw_within_radius=0 accepted_within_radius=0 excluded_within_radius=0 nearest_m=845.555 nearest_mtfcc=S1400 nearest_name=None source_id=us-census-tiger-2025-roads-40141 source_feature_id=110765626412
candidate lon=-96.470700 lat=33.775242 raw_within_radius=0 accepted_within_radius=0 excluded_within_radius=0 nearest_m=36.584 nearest_mtfcc=S1400 nearest_name=None source_id=us-census-tiger-2025-roads-40013 source_feature_id=110795779131
candidate lon=-96.413159 lat=33.757305 raw_within_radius=0 accepted_within_radius=0 excluded_within_radius=0 nearest_m=217.178 nearest_mtfcc=S1400 nearest_name=Some("Carpenters Bluff Rd") source_id=us-census-tiger-2025-roads-40013 source_feature_id=110795769114
candidate lon=-96.298952 lat=33.757493 raw_within_radius=0 accepted_within_radius=0 excluded_within_radius=0 nearest_m=971.687 nearest_mtfcc=S1740 nearest_name=None source_id=us-census-tiger-2025-roads-40013 source_feature_id=110795781284
candidate lon=-95.082408 lat=33.879882 raw_within_radius=0 accepted_within_radius=0 excluded_within_radius=0 nearest_m=1591.541 nearest_mtfcc=S1400 nearest_name=None source_id=us-census-tiger-2025-roads-40089 source_feature_id=110758257582
candidate lon=-95.039908 lat=33.860697 raw_within_radius=1 accepted_within_radius=0 excluded_within_radius=1 nearest_m=0.000 nearest_mtfcc=S1740 nearest_name=Some("Co Rd 2455") source_id=us-census-tiger-2025-roads-40089 source_feature_id=110758260299
candidate lon=-94.613025 lat=33.674086 raw_within_radius=0 accepted_within_radius=0 excluded_within_radius=0 nearest_m=1317.384 nearest_mtfcc=S1400 nearest_name=Some("D2289") source_id=us-census-tiger-2025-roads-40089 source_feature_id=110758196453
