candidate_points=24 inspected_sources=9 inspected_rows=136268 radius_m=20
candidate lon=-120.006410 lat=39.291155 raw_within_radius=1 accepted_within_radius=0 excluded_within_radius=1 nearest_m=0.000 nearest_mtfcc=S1500 nearest_name=None source_id=us-census-tiger-2025-roads-06061 source_feature_id=110687812615
candidate lon=-120.001138 lat=39.635654 raw_within_radius=0 accepted_within_radius=0 excluded_within_radius=0 nearest_m=25.938 nearest_mtfcc=S1400 nearest_name=None source_id=us-census-tiger-2025-roads-06091 source_feature_id=110434240658
candidate lon=-120.000518 lat=39.769333 raw_within_radius=0 accepted_within_radius=0 excluded_within_radius=0 nearest_m=69.139 nearest_mtfcc=S1400 nearest_name=None source_id=us-census-tiger-2025-roads-06035 source_feature_id=1103685952458
candidate lon=-119.936434 lat=38.955355 raw_within_radius=0 accepted_within_radius=0 excluded_within_radius=0 nearest_m=265.924 nearest_mtfcc=S1400 nearest_name=Some("Lake Pkwy") source_id=us-census-tiger-2025-roads-06017 source_feature_id=110737712986
candidate lon=-119.835142 lat=38.885879 raw_within_radius=0 accepted_within_radius=0 excluded_within_radius=0 nearest_m=361.432 nearest_mtfcc=S1400 nearest_name=None source_id=us-census-tiger-2025-roads-06003 source_feature_id=110498769935
candidate lon=-119.814200 lat=38.871325 raw_within_radius=0 accepted_within_radius=0 excluded_within_radius=0 nearest_m=1880.194 nearest_mtfcc=S1400 nearest_name=None source_id=us-census-tiger-2025-roads-06003 source_feature_id=110498769935
candidate lon=-119.797453 lat=38.859836 raw_within_radius=0 accepted_within_radius=0 excluded_within_radius=0 nearest_m=753.602 nearest_mtfcc=S1400 nearest_name=None source_id=us-census-tiger-2025-roads-06003 source_feature_id=110498769888
candidate lon=-119.769668 lat=38.840661 raw_within_radius=1 accepted_within_radius=0 excluded_within_radius=1 nearest_m=0.000 nearest_mtfcc=S1740 nearest_name=None source_id=us-census-tiger-2025-roads-06003 source_feature_id=110498770143
candidate lon=-119.459131 lat=38.626089 raw_within_radius=0 accepted_within_radius=0 excluded_within_radius=0 nearest_m=34.648 nearest_mtfcc=S1400 nearest_name=None source_id=us-census-tiger-2025-roads-06051 source_feature_id=110687697975
candidate lon=-119.354565 lat=38.552787 raw_within_radius=0 accepted_within_radius=0 excluded_within_radius=0 nearest_m=645.292 nearest_mtfcc=S1400 nearest_name=Some("Natl Forest Develop Road 067 Trl") source_id=us-census-tiger-2025-roads-06051 source_feature_id=110687681596
candidate lon=-119.234550 lat=38.468708 raw_within_radius=0 accepted_within_radius=0 excluded_within_radius=0 nearest_m=278.197 nearest_mtfcc=S1400 nearest_name=None source_id=us-census-tiger-2025-roads-06051 source_feature_id=1104469668680
candidate lon=-119.203553 lat=38.447050 raw_within_radius=0 accepted_within_radius=0 excluded_within_radius=0 nearest_m=173.722 nearest_mtfcc=S1400 nearest_name=None source_id=us-census-tiger-2025-roads-06051 source_feature_id=110687698403
candidate lon=-118.901014 lat=38.234459 raw_within_radius=1 accepted_within_radius=0 excluded_within_radius=1 nearest_m=0.000 nearest_mtfcc=S1500 nearest_name=None source_id=us-census-tiger-2025-roads-06051 source_feature_id=110687701976
candidate lon=-118.244681 lat=37.763960 raw_within_radius=0 accepted_within_radius=0 excluded_within_radius=0 nearest_m=1774.196 nearest_mtfcc=S1400 nearest_name=None source_id=us-census-tiger-2025-roads-06051 source_feature_id=110687696749
candidate lon=-118.059925 lat=37.630499 raw_within_radius=0 accepted_within_radius=0 excluded_within_radius=0 nearest_m=563.963 nearest_mtfcc=S1400 nearest_name=None source_id=us-census-tiger-2025-roads-06051 source_feature_id=110687699002
candidate lon=-118.007330 lat=37.591731 raw_within_radius=1 accepted_within_radius=0 excluded_within_radius=1 nearest_m=0.000 nearest_mtfcc=S1500 nearest_name=None source_id=us-census-tiger-2025-roads-06051 source_feature_id=110687701885
candidate lon=-117.878321 lat=37.498950 raw_within_radius=0 accepted_within_radius=0 excluded_within_radius=0 nearest_m=20.706 nearest_mtfcc=S1400 nearest_name=None source_id=us-census-tiger-2025-roads-06051 source_feature_id=110687700414
candidate lon=-116.110275 lat=36.168495 raw_within_radius=0 accepted_within_radius=0 excluded_within_radius=0 nearest_m=185.956 nearest_mtfcc=S1200 nearest_name=Some("State Rte 178") source_id=us-census-tiger-2025-roads-06027 source_feature_id=1106092807584
candidate lon=-115.977849 lat=36.066136 raw_within_radius=0 accepted_within_radius=0 excluded_within_radius=0 nearest_m=1370.542 nearest_mtfcc=S1400 nearest_name=None source_id=us-census-tiger-2025-roads-06027 source_feature_id=110410658621
candidate lon=-115.939620 lat=36.036182 raw_within_radius=0 accepted_within_radius=0 excluded_within_radius=0 nearest_m=184.517 nearest_mtfcc=S1400 nearest_name=None source_id=us-census-tiger-2025-roads-06027 source_feature_id=11012159540983
candidate lon=-115.758219 lat=35.895161 raw_within_radius=1 accepted_within_radius=0 excluded_within_radius=1 nearest_m=0.000 nearest_mtfcc=S1500 nearest_name=None source_id=us-census-tiger-2025-roads-06027 source_feature_id=110410664881
candidate lon=-115.388405 lat=35.605169 raw_within_radius=0 accepted_within_radius=0 excluded_within_radius=0 nearest_m=22.903 nearest_mtfcc=S1400 nearest_name=None source_id=us-census-tiger-2025-roads-06071 source_feature_id=11021364444707
candidate lon=-115.087583 lat=35.365903 raw_within_radius=0 accepted_within_radius=0 excluded_within_radius=0 nearest_m=80.859 nearest_mtfcc=S1400 nearest_name=None source_id=us-census-tiger-2025-roads-06071 source_feature_id=11021366316421
candidate lon=-115.044418 lat=35.331508 raw_within_radius=0 accepted_within_radius=0 excluded_within_radius=0 nearest_m=38.615 nearest_mtfcc=S1400 nearest_name=None source_id=us-census-tiger-2025-roads-06071 source_feature_id=1102342285405
