candidate_points=31 inspected_sources=3 inspected_rows=28195 radius_m=20
candidate lon=-123.735167 lat=41.997069 raw_within_radius=0 accepted_within_radius=0 excluded_within_radius=0 nearest_m=1136.780 nearest_mtfcc=S1200 nearest_name=Some("US Hwy 199") source_id=us-census-tiger-2025-roads-06015 source_feature_id=110758548725
candidate lon=-123.620066 lat=41.999831 raw_within_radius=1 accepted_within_radius=0 excluded_within_radius=1 nearest_m=0.000 nearest_mtfcc=S1500 nearest_name=None source_id=us-census-tiger-2025-roads-06015 source_feature_id=110758565797
candidate lon=-123.591598 lat=42.000288 raw_within_radius=0 accepted_within_radius=0 excluded_within_radius=0 nearest_m=801.761 nearest_mtfcc=S1400 nearest_name=None source_id=us-census-tiger-2025-roads-06015 source_feature_id=110758563732
candidate lon=-123.517425 lat=42.000754 raw_within_radius=0 accepted_within_radius=0 excluded_within_radius=0 nearest_m=37.321 nearest_mtfcc=S1400 nearest_name=None source_id=us-census-tiger-2025-roads-06093 source_feature_id=1101917580410
candidate lon=-123.408006 lat=42.000107 raw_within_radius=0 accepted_within_radius=0 excluded_within_radius=0 nearest_m=20.780 nearest_mtfcc=S1400 nearest_name=Some("Thompson Rdg") source_id=us-census-tiger-2025-roads-06093 source_feature_id=1101917553350
candidate lon=-123.332641 lat=41.999993 raw_within_radius=0 accepted_within_radius=0 excluded_within_radius=0 nearest_m=3292.584 nearest_mtfcc=S1400 nearest_name=None source_id=us-census-tiger-2025-roads-06093 source_feature_id=1101917573374
candidate lon=-123.332591 lat=41.999869 raw_within_radius=0 accepted_within_radius=0 excluded_within_radius=0 nearest_m=3285.767 nearest_mtfcc=S1400 nearest_name=None source_id=us-census-tiger-2025-roads-06093 source_feature_id=1101917573374
candidate lon=-122.229242 lat=42.007725 raw_within_radius=0 accepted_within_radius=0 excluded_within_radius=0 nearest_m=2129.427 nearest_mtfcc=S1400 nearest_name=None source_id=us-census-tiger-2025-roads-06093 source_feature_id=1102918515289
candidate lon=-122.221648 lat=42.007592 raw_within_radius=0 accepted_within_radius=0 excluded_within_radius=0 nearest_m=2691.249 nearest_mtfcc=S1400 nearest_name=None source_id=us-census-tiger-2025-roads-06093 source_feature_id=1102918515289
candidate lon=-122.128051 lat=42.006278 raw_within_radius=0 accepted_within_radius=0 excluded_within_radius=0 nearest_m=1462.453 nearest_mtfcc=S1400 nearest_name=Some("Copco Lake Rd") source_id=us-census-tiger-2025-roads-06093 source_feature_id=1105599079513
candidate lon=-122.036350 lat=42.004849 raw_within_radius=0 accepted_within_radius=0 excluded_within_radius=0 nearest_m=188.617 nearest_mtfcc=S1400 nearest_name=None source_id=us-census-tiger-2025-roads-06093 source_feature_id=1101917574766
candidate lon=-121.717922 lat=42.000933 raw_within_radius=0 accepted_within_radius=0 excluded_within_radius=0 nearest_m=130.636 nearest_mtfcc=S1200 nearest_name=Some("State Line Rd") source_id=us-census-tiger-2025-roads-06093 source_feature_id=1108311312566
candidate lon=-121.707970 lat=42.000848 raw_within_radius=0 accepted_within_radius=0 excluded_within_radius=0 nearest_m=22.403 nearest_mtfcc=S1400 nearest_name=None source_id=us-census-tiger-2025-roads-06093 source_feature_id=1102314562908
candidate lon=-121.706025 lat=42.000802 raw_within_radius=0 accepted_within_radius=0 excluded_within_radius=0 nearest_m=25.622 nearest_mtfcc=S1200 nearest_name=Some("State Line Rd") source_id=us-census-tiger-2025-roads-06093 source_feature_id=1108311312566
candidate lon=-121.441105 lat=41.997433 raw_within_radius=0 accepted_within_radius=0 excluded_within_radius=0 nearest_m=461.287 nearest_mtfcc=S1400 nearest_name=Some("Co Rd 110") source_id=us-census-tiger-2025-roads-06049 source_feature_id=1105599115159
candidate lon=-121.441103 lat=41.997391 raw_within_radius=0 accepted_within_radius=0 excluded_within_radius=0 nearest_m=461.026 nearest_mtfcc=S1400 nearest_name=Some("Co Rd 110") source_id=us-census-tiger-2025-roads-06049 source_feature_id=1105599115159
candidate lon=-121.440160 lat=41.997403 raw_within_radius=0 accepted_within_radius=0 excluded_within_radius=0 nearest_m=383.050 nearest_mtfcc=S1400 nearest_name=Some("Co Rd 110") source_id=us-census-tiger-2025-roads-06049 source_feature_id=1105599115159
candidate lon=-121.427744 lat=41.997297 raw_within_radius=0 accepted_within_radius=0 excluded_within_radius=0 nearest_m=369.306 nearest_mtfcc=S1400 nearest_name=None source_id=us-census-tiger-2025-roads-06049 source_feature_id=1105599115813
candidate lon=-121.417579 lat=41.997163 raw_within_radius=0 accepted_within_radius=0 excluded_within_radius=0 nearest_m=47.656 nearest_mtfcc=S1400 nearest_name=Some("Co Rd 111") source_id=us-census-tiger-2025-roads-06049 source_feature_id=1105599116051
candidate lon=-121.417133 lat=41.997155 raw_within_radius=0 accepted_within_radius=0 excluded_within_radius=0 nearest_m=84.442 nearest_mtfcc=S1400 nearest_name=Some("Co Rd 111") source_id=us-census-tiger-2025-roads-06049 source_feature_id=1105599116051
candidate lon=-121.417110 lat=41.997231 raw_within_radius=0 accepted_within_radius=0 excluded_within_radius=0 nearest_m=87.061 nearest_mtfcc=S1400 nearest_name=Some("Co Rd 111") source_id=us-census-tiger-2025-roads-06049 source_feature_id=1105599116051
candidate lon=-121.408347 lat=41.997056 raw_within_radius=0 accepted_within_radius=0 excluded_within_radius=0 nearest_m=127.098 nearest_mtfcc=S1740 nearest_name=None source_id=us-census-tiger-2025-roads-06049 source_feature_id=110454663281
candidate lon=-121.393268 lat=41.996901 raw_within_radius=0 accepted_within_radius=0 excluded_within_radius=0 nearest_m=1083.677 nearest_mtfcc=S1400 nearest_name=Some("Co Rd 112") source_id=us-census-tiger-2025-roads-06049 source_feature_id=1105599115144
candidate lon=-121.379958 lat=41.996771 raw_within_radius=0 accepted_within_radius=0 excluded_within_radius=0 nearest_m=94.128 nearest_mtfcc=S1400 nearest_name=Some("Co Rd 108") source_id=us-census-tiger-2025-roads-06049 source_feature_id=1106073825872
candidate lon=-121.379316 lat=41.996763 raw_within_radius=0 accepted_within_radius=0 excluded_within_radius=0 nearest_m=41.434 nearest_mtfcc=S1400 nearest_name=Some("Co Rd 108") source_id=us-census-tiger-2025-roads-06049 source_feature_id=1106073825872
candidate lon=-121.360564 lat=41.996686 raw_within_radius=1 accepted_within_radius=0 excluded_within_radius=1 nearest_m=16.539 nearest_mtfcc=S1740 nearest_name=None source_id=us-census-tiger-2025-roads-06049 source_feature_id=110454663367
candidate lon=-121.359840 lat=41.996682 raw_within_radius=0 accepted_within_radius=0 excluded_within_radius=0 nearest_m=25.034 nearest_mtfcc=S1740 nearest_name=None source_id=us-census-tiger-2025-roads-06049 source_feature_id=110454663367
candidate lon=-120.959085 lat=41.993121 raw_within_radius=1 accepted_within_radius=0 excluded_within_radius=1 nearest_m=0.000 nearest_mtfcc=S1500 nearest_name=None source_id=us-census-tiger-2025-roads-06049 source_feature_id=110454663002
candidate lon=-120.819299 lat=41.993884 raw_within_radius=1 accepted_within_radius=0 excluded_within_radius=1 nearest_m=0.000 nearest_mtfcc=S1500 nearest_name=None source_id=us-census-tiger-2025-roads-06049 source_feature_id=110454662889
candidate lon=-120.694428 lat=41.993746 raw_within_radius=0 accepted_within_radius=0 excluded_within_radius=0 nearest_m=268.190 nearest_mtfcc=S1400 nearest_name=None source_id=us-census-tiger-2025-roads-06049 source_feature_id=1104472109695
candidate lon=-120.517794 lat=41.993546 raw_within_radius=0 accepted_within_radius=0 excluded_within_radius=0 nearest_m=774.362 nearest_mtfcc=S1400 nearest_name=Some("Westside Rd") source_id=us-census-tiger-2025-roads-06049 source_feature_id=1106087395935
