candidate_points=64 inspected_sources=7 inspected_rows=118130 radius_m=20
candidate lon=-120.005799 lat=39.248110 raw_within_radius=0 accepted_within_radius=0 excluded_within_radius=0 nearest_m=692.734 nearest_mtfcc=S1400 nearest_name=Some("Tuscarora Rd") source_id=us-census-tiger-2025-roads-32031 source_feature_id=110808572579
candidate lon=-120.005746 lat=39.246292 raw_within_radius=0 accepted_within_radius=0 excluded_within_radius=0 nearest_m=509.818 nearest_mtfcc=S1400 nearest_name=Some("Tuscarora Rd") source_id=us-census-tiger-2025-roads-32031 source_feature_id=110808572579
candidate lon=-120.005710 lat=39.225226 raw_within_radius=0 accepted_within_radius=0 excluded_within_radius=0 nearest_m=90.614 nearest_mtfcc=S1400 nearest_name=Some("Crystal Dr") source_id=us-census-tiger-2025-roads-32031 source_feature_id=11033373609029
candidate lon=-120.005668 lat=39.229360 raw_within_radius=1 accepted_within_radius=0 excluded_within_radius=1 nearest_m=0.000 nearest_mtfcc=S1740 nearest_name=None source_id=us-census-tiger-2025-roads-32031 source_feature_id=110808651680
candidate lon=-120.001761 lat=39.529186 raw_within_radius=0 accepted_within_radius=0 excluded_within_radius=0 nearest_m=352.799 nearest_mtfcc=S1400 nearest_name=Some("Silver Fox Ct") source_id=us-census-tiger-2025-roads-32031 source_feature_id=110808574577
candidate lon=-120.001195 lat=39.590810 raw_within_radius=0 accepted_within_radius=0 excluded_within_radius=0 nearest_m=3028.729 nearest_mtfcc=S1400 nearest_name=None source_id=us-census-tiger-2025-roads-32031 source_feature_id=110808647627
candidate lon=-120.001149 lat=39.643372 raw_within_radius=0 accepted_within_radius=0 excluded_within_radius=0 nearest_m=859.164 nearest_mtfcc=S1400 nearest_name=None source_id=us-census-tiger-2025-roads-32031 source_feature_id=11010886960606
candidate lon=-120.001140 lat=39.635887 raw_within_radius=0 accepted_within_radius=0 excluded_within_radius=0 nearest_m=25.938 nearest_mtfcc=S1400 nearest_name=None source_id=us-census-tiger-2025-roads-32031 source_feature_id=11010886960606
candidate lon=-120.001006 lat=39.669819 raw_within_radius=0 accepted_within_radius=0 excluded_within_radius=0 nearest_m=158.745 nearest_mtfcc=S1400 nearest_name=Some("US Highway 395 Frontage Rd N") source_id=us-census-tiger-2025-roads-32031 source_feature_id=110808588874
candidate lon=-120.000538 lat=39.780788 raw_within_radius=1 accepted_within_radius=0 excluded_within_radius=1 nearest_m=0.000 nearest_mtfcc=S1500 nearest_name=None source_id=us-census-tiger-2025-roads-32031 source_feature_id=110808649886
candidate lon=-120.000529 lat=39.795704 raw_within_radius=0 accepted_within_radius=0 excluded_within_radius=0 nearest_m=481.520 nearest_mtfcc=S1400 nearest_name=Some("Bent D Rd") source_id=us-census-tiger-2025-roads-32031 source_feature_id=11010886969431
candidate lon=-120.000515 lat=39.799350 raw_within_radius=0 accepted_within_radius=0 excluded_within_radius=0 nearest_m=851.746 nearest_mtfcc=S1400 nearest_name=Some("Bent D Rd") source_id=us-census-tiger-2025-roads-32031 source_feature_id=11010886969431
candidate lon=-120.000170 lat=39.815250 raw_within_radius=1 accepted_within_radius=0 excluded_within_radius=1 nearest_m=0.000 nearest_mtfcc=S1500 nearest_name=None source_id=us-census-tiger-2025-roads-32031 source_feature_id=110808650052
candidate lon=-119.999971 lat=41.173221 raw_within_radius=0 accepted_within_radius=0 excluded_within_radius=0 nearest_m=868.056 nearest_mtfcc=S1500 nearest_name=None source_id=us-census-tiger-2025-roads-32031 source_feature_id=110808649970
candidate lon=-119.999867 lat=41.144510 raw_within_radius=0 accepted_within_radius=0 excluded_within_radius=0 nearest_m=1485.824 nearest_mtfcc=S1400 nearest_name=Some("Smitten Ln") source_id=us-census-tiger-2025-roads-32031 source_feature_id=1102817252590
candidate lon=-119.999836 lat=41.322491 raw_within_radius=1 accepted_within_radius=0 excluded_within_radius=1 nearest_m=0.000 nearest_mtfcc=S1500 nearest_name=None source_id=us-census-tiger-2025-roads-32031 source_feature_id=110808650476
candidate lon=-119.999815 lat=41.165424 raw_within_radius=1 accepted_within_radius=0 excluded_within_radius=1 nearest_m=0.000 nearest_mtfcc=S1500 nearest_name=None source_id=us-census-tiger-2025-roads-32031 source_feature_id=110808649970
candidate lon=-119.999494 lat=41.488826 raw_within_radius=1 accepted_within_radius=0 excluded_within_radius=1 nearest_m=0.000 nearest_mtfcc=S1500 nearest_name=None source_id=us-census-tiger-2025-roads-32031 source_feature_id=110808650575
candidate lon=-119.999332 lat=41.907702 raw_within_radius=0 accepted_within_radius=0 excluded_within_radius=0 nearest_m=1827.430 nearest_mtfcc=S1400 nearest_name=None source_id=us-census-tiger-2025-roads-32031 source_feature_id=110808646042
candidate lon=-119.999043 lat=41.522864 raw_within_radius=1 accepted_within_radius=0 excluded_within_radius=1 nearest_m=0.000 nearest_mtfcc=S1500 nearest_name=None source_id=us-census-tiger-2025-roads-32031 source_feature_id=110808649948
candidate lon=-119.998958 lat=41.835190 raw_within_radius=0 accepted_within_radius=0 excluded_within_radius=0 nearest_m=5836.184 nearest_mtfcc=S1400 nearest_name=None source_id=us-census-tiger-2025-roads-32031 source_feature_id=110808646425
candidate lon=-119.998902 lat=40.831811 raw_within_radius=0 accepted_within_radius=0 excluded_within_radius=0 nearest_m=3936.733 nearest_mtfcc=S1400 nearest_name=None source_id=us-census-tiger-2025-roads-32031 source_feature_id=110808646365
candidate lon=-119.998698 lat=41.720632 raw_within_radius=0 accepted_within_radius=0 excluded_within_radius=0 nearest_m=1200.536 nearest_mtfcc=S1500 nearest_name=None source_id=us-census-tiger-2025-roads-32031 source_feature_id=110808650035
candidate lon=-119.998307 lat=41.615544 raw_within_radius=1 accepted_within_radius=0 excluded_within_radius=1 nearest_m=0.000 nearest_mtfcc=S1500 nearest_name=None source_id=us-census-tiger-2025-roads-32031 source_feature_id=110808650018
candidate lon=-119.945108 lat=38.961146 raw_within_radius=0 accepted_within_radius=0 excluded_within_radius=0 nearest_m=115.248 nearest_mtfcc=S1400 nearest_name=Some("Loop Rd") source_id=us-census-tiger-2025-roads-32005 source_feature_id=110808449657
candidate lon=-119.944013 lat=38.960464 raw_within_radius=0 accepted_within_radius=0 excluded_within_radius=0 nearest_m=215.289 nearest_mtfcc=S1200 nearest_name=Some("US Hwy 50") source_id=us-census-tiger-2025-roads-32005 source_feature_id=1104699605163
candidate lon=-119.586944 lat=38.714055 raw_within_radius=0 accepted_within_radius=0 excluded_within_radius=0 nearest_m=33.977 nearest_mtfcc=S1400 nearest_name=None source_id=us-census-tiger-2025-roads-32005 source_feature_id=1102218344734
candidate lon=-119.263992 lat=38.489467 raw_within_radius=1 accepted_within_radius=0 excluded_within_radius=1 nearest_m=0.000 nearest_mtfcc=S1500 nearest_name=None source_id=us-census-tiger-2025-roads-32019 source_feature_id=110497445945
candidate lon=-118.525065 lat=37.966318 raw_within_radius=1 accepted_within_radius=0 excluded_within_radius=1 nearest_m=0.000 nearest_mtfcc=S1500 nearest_name=None source_id=us-census-tiger-2025-roads-32021 source_feature_id=110495070681
candidate lon=-117.566097 lat=37.267983 raw_within_radius=0 accepted_within_radius=0 excluded_within_radius=0 nearest_m=1693.417 nearest_mtfcc=S1400 nearest_name=None source_id=us-census-tiger-2025-roads-32009 source_feature_id=11016954180202
candidate lon=-116.710248 lat=36.627535 raw_within_radius=1 accepted_within_radius=0 excluded_within_radius=1 nearest_m=0.000 nearest_mtfcc=S1500 nearest_name=None source_id=us-census-tiger-2025-roads-32023 source_feature_id=1101931790882
candidate lon=-116.488402 lat=36.459219 raw_within_radius=0 accepted_within_radius=0 excluded_within_radius=0 nearest_m=819.206 nearest_mtfcc=S1400 nearest_name=Some("Back Rd") source_id=us-census-tiger-2025-roads-32023 source_feature_id=1103679675361
candidate lon=-116.031762 lat=36.107846 raw_within_radius=1 accepted_within_radius=0 excluded_within_radius=1 nearest_m=0.000 nearest_mtfcc=S1500 nearest_name=None source_id=us-census-tiger-2025-roads-32023 source_feature_id=1101931790741
candidate lon=-115.995300 lat=36.079477 raw_within_radius=0 accepted_within_radius=0 excluded_within_radius=0 nearest_m=55.996 nearest_mtfcc=S1400 nearest_name=None source_id=us-census-tiger-2025-roads-32023 source_feature_id=1101931774441
candidate lon=-115.918743 lat=36.019936 raw_within_radius=0 accepted_within_radius=0 excluded_within_radius=0 nearest_m=48.667 nearest_mtfcc=S1400 nearest_name=None source_id=us-census-tiger-2025-roads-32023 source_feature_id=1103679668448
candidate lon=-115.884580 lat=35.993642 raw_within_radius=0 accepted_within_radius=0 excluded_within_radius=0 nearest_m=360.646 nearest_mtfcc=S1400 nearest_name=None source_id=us-census-tiger-2025-roads-32023 source_feature_id=1103968572016
candidate lon=-115.881631 lat=35.991339 raw_within_radius=0 accepted_within_radius=0 excluded_within_radius=0 nearest_m=729.807 nearest_mtfcc=S1400 nearest_name=None source_id=us-census-tiger-2025-roads-32023 source_feature_id=1103968572016
candidate lon=-115.875326 lat=35.986425 raw_within_radius=0 accepted_within_radius=0 excluded_within_radius=0 nearest_m=174.158 nearest_mtfcc=S1400 nearest_name=None source_id=us-census-tiger-2025-roads-32023 source_feature_id=1101931775488
candidate lon=-115.872686 lat=35.984383 raw_within_radius=0 accepted_within_radius=0 excluded_within_radius=0 nearest_m=155.119 nearest_mtfcc=S1400 nearest_name=None source_id=us-census-tiger-2025-roads-32023 source_feature_id=1101931775488
candidate lon=-115.869173 lat=35.981647 raw_within_radius=0 accepted_within_radius=0 excluded_within_radius=0 nearest_m=594.143 nearest_mtfcc=S1400 nearest_name=None source_id=us-census-tiger-2025-roads-32023 source_feature_id=1101931775488
candidate lon=-115.869153 lat=35.981728 raw_within_radius=0 accepted_within_radius=0 excluded_within_radius=0 nearest_m=588.973 nearest_mtfcc=S1400 nearest_name=None source_id=us-census-tiger-2025-roads-32023 source_feature_id=1101931775488
candidate lon=-115.868105 lat=35.980822 raw_within_radius=0 accepted_within_radius=0 excluded_within_radius=0 nearest_m=727.081 nearest_mtfcc=S1400 nearest_name=None source_id=us-census-tiger-2025-roads-32023 source_feature_id=1101931775488
candidate lon=-115.865939 lat=35.979150 raw_within_radius=0 accepted_within_radius=0 excluded_within_radius=0 nearest_m=996.604 nearest_mtfcc=S1400 nearest_name=None source_id=us-census-tiger-2025-roads-32023 source_feature_id=1101931775488
candidate lon=-115.863671 lat=35.977364 raw_within_radius=0 accepted_within_radius=0 excluded_within_radius=0 nearest_m=741.186 nearest_mtfcc=S1400 nearest_name=Some("Old Spanish Trail Hwy") source_id=us-census-tiger-2025-roads-32023 source_feature_id=1101931731365
candidate lon=-115.845893 lat=35.963533 raw_within_radius=0 accepted_within_radius=0 excluded_within_radius=0 nearest_m=2498.641 nearest_mtfcc=S1400 nearest_name=None source_id=us-census-tiger-2025-roads-32003 source_feature_id=110686798965
candidate lon=-115.840611 lat=35.959405 raw_within_radius=0 accepted_within_radius=0 excluded_within_radius=0 nearest_m=2484.247 nearest_mtfcc=S1400 nearest_name=None source_id=us-census-tiger-2025-roads-32003 source_feature_id=110686798965
candidate lon=-115.418086 lat=35.628389 raw_within_radius=0 accepted_within_radius=0 excluded_within_radius=0 nearest_m=1439.864 nearest_mtfcc=S1400 nearest_name=None source_id=us-census-tiger-2025-roads-32003 source_feature_id=11021365326727
candidate lon=-115.396608 lat=35.611223 raw_within_radius=0 accepted_within_radius=0 excluded_within_radius=0 nearest_m=535.683 nearest_mtfcc=S1400 nearest_name=Some("W Primm Blvd") source_id=us-census-tiger-2025-roads-32003 source_feature_id=110686698276
candidate lon=-115.396109 lat=35.611009 raw_within_radius=0 accepted_within_radius=0 excluded_within_radius=0 nearest_m=486.593 nearest_mtfcc=S1400 nearest_name=Some("W Primm Blvd") source_id=us-census-tiger-2025-roads-32003 source_feature_id=110686698276
candidate lon=-115.394098 lat=35.609422 raw_within_radius=0 accepted_within_radius=0 excluded_within_radius=0 nearest_m=280.028 nearest_mtfcc=S1400 nearest_name=Some("W Primm Blvd") source_id=us-census-tiger-2025-roads-32003 source_feature_id=110686698276
candidate lon=-115.085431 lat=35.364256 raw_within_radius=0 accepted_within_radius=0 excluded_within_radius=0 nearest_m=33.204 nearest_mtfcc=S1400 nearest_name=None source_id=us-census-tiger-2025-roads-32003 source_feature_id=11021366316324
candidate lon=-115.044111 lat=35.331268 raw_within_radius=0 accepted_within_radius=0 excluded_within_radius=0 nearest_m=38.615 nearest_mtfcc=S1400 nearest_name=None source_id=us-census-tiger-2025-roads-32003 source_feature_id=110686801168
candidate lon=-115.044010 lat=35.331100 raw_within_radius=0 accepted_within_radius=0 excluded_within_radius=0 nearest_m=58.616 nearest_mtfcc=S1400 nearest_name=None source_id=us-census-tiger-2025-roads-32003 source_feature_id=110686801168
candidate lon=-114.820525 lat=35.153405 raw_within_radius=0 accepted_within_radius=0 excluded_within_radius=0 nearest_m=2030.906 nearest_mtfcc=S1400 nearest_name=None source_id=us-census-tiger-2025-roads-32003 source_feature_id=1102216135629
candidate lon=-114.811792 lat=35.146458 raw_within_radius=0 accepted_within_radius=0 excluded_within_radius=0 nearest_m=921.977 nearest_mtfcc=S1400 nearest_name=None source_id=us-census-tiger-2025-roads-32003 source_feature_id=1102216135629
candidate lon=-114.806034 lat=35.141827 raw_within_radius=0 accepted_within_radius=0 excluded_within_radius=0 nearest_m=186.823 nearest_mtfcc=S1400 nearest_name=None source_id=us-census-tiger-2025-roads-32003 source_feature_id=1102216135629
candidate lon=-114.773443 lat=35.115678 raw_within_radius=0 accepted_within_radius=0 excluded_within_radius=0 nearest_m=1854.745 nearest_mtfcc=S1400 nearest_name=None source_id=us-census-tiger-2025-roads-32003 source_feature_id=1102216135630
candidate lon=-114.771540 lat=35.114139 raw_within_radius=0 accepted_within_radius=0 excluded_within_radius=0 nearest_m=2098.440 nearest_mtfcc=S1400 nearest_name=None source_id=us-census-tiger-2025-roads-32003 source_feature_id=1102216135630
candidate lon=-114.759222 lat=35.104091 raw_within_radius=0 accepted_within_radius=0 excluded_within_radius=0 nearest_m=3682.715 nearest_mtfcc=S1400 nearest_name=None source_id=us-census-tiger-2025-roads-32003 source_feature_id=1102216135630
candidate lon=-114.747157 lat=35.094174 raw_within_radius=0 accepted_within_radius=0 excluded_within_radius=0 nearest_m=5240.569 nearest_mtfcc=S1400 nearest_name=None source_id=us-census-tiger-2025-roads-32003 source_feature_id=1102216135630
candidate lon=-114.685840 lat=35.044430 raw_within_radius=0 accepted_within_radius=0 excluded_within_radius=0 nearest_m=292.801 nearest_mtfcc=S1400 nearest_name=Some("Needles Hwy") source_id=us-census-tiger-2025-roads-32003 source_feature_id=110686706307
candidate lon=-114.668788 lat=35.030562 raw_within_radius=0 accepted_within_radius=0 excluded_within_radius=0 nearest_m=1405.486 nearest_mtfcc=S1400 nearest_name=Some("Aha Macau Pkwy") source_id=us-census-tiger-2025-roads-32003 source_feature_id=110686712641
candidate lon=-114.663496 lat=35.026235 raw_within_radius=0 accepted_within_radius=0 excluded_within_radius=0 nearest_m=723.809 nearest_mtfcc=S1400 nearest_name=Some("Aha Macau Pkwy") source_id=us-census-tiger-2025-roads-32003 source_feature_id=110686712641
candidate lon=-114.634440 lat=35.002618 raw_within_radius=0 accepted_within_radius=0 excluded_within_radius=0 nearest=none
